Archive member included to satisfy reference by file (symbol)

e:/program/arm-gnu-toolchain/bin/../lib/gcc/arm-none-eabi/12.2.1/thumb/v6-m/nofp\libg.a(libc_a-exit.o)
                              e:/program/arm-gnu-toolchain/bin/../lib/gcc/arm-none-eabi/12.2.1/thumb/v6-m/nofp/crt0.o (exit)
e:/program/arm-gnu-toolchain/bin/../lib/gcc/arm-none-eabi/12.2.1/thumb/v6-m/nofp\libg.a(libc_a-findfp.o)
                              e:/program/arm-gnu-toolchain/bin/../lib/gcc/arm-none-eabi/12.2.1/thumb/v6-m/nofp\libg.a(libc_a-exit.o) (__stdio_exit_handler)
e:/program/arm-gnu-toolchain/bin/../lib/gcc/arm-none-eabi/12.2.1/thumb/v6-m/nofp\libg.a(libc_a-fwalk.o)
                              e:/program/arm-gnu-toolchain/bin/../lib/gcc/arm-none-eabi/12.2.1/thumb/v6-m/nofp\libg.a(libc_a-findfp.o) (_fwalk_sglue)
e:/program/arm-gnu-toolchain/bin/../lib/gcc/arm-none-eabi/12.2.1/thumb/v6-m/nofp\libg.a(libc_a-stdio.o)
                              e:/program/arm-gnu-toolchain/bin/../lib/gcc/arm-none-eabi/12.2.1/thumb/v6-m/nofp\libg.a(libc_a-findfp.o) (__sread)
e:/program/arm-gnu-toolchain/bin/../lib/gcc/arm-none-eabi/12.2.1/thumb/v6-m/nofp\libg.a(libc_a-memset.o)
                              e:/program/arm-gnu-toolchain/bin/../lib/gcc/arm-none-eabi/12.2.1/thumb/v6-m/nofp/crt0.o (memset)
e:/program/arm-gnu-toolchain/bin/../lib/gcc/arm-none-eabi/12.2.1/thumb/v6-m/nofp\libg.a(libc_a-closer.o)
                              e:/program/arm-gnu-toolchain/bin/../lib/gcc/arm-none-eabi/12.2.1/thumb/v6-m/nofp\libg.a(libc_a-stdio.o) (_close_r)
e:/program/arm-gnu-toolchain/bin/../lib/gcc/arm-none-eabi/12.2.1/thumb/v6-m/nofp\libg.a(libc_a-reent.o)
                              e:/program/arm-gnu-toolchain/bin/../lib/gcc/arm-none-eabi/12.2.1/thumb/v6-m/nofp\libg.a(libc_a-closer.o) (errno)
e:/program/arm-gnu-toolchain/bin/../lib/gcc/arm-none-eabi/12.2.1/thumb/v6-m/nofp\libg.a(libc_a-impure.o)
                              e:/program/arm-gnu-toolchain/bin/../lib/gcc/arm-none-eabi/12.2.1/thumb/v6-m/nofp\libg.a(libc_a-reent.o) (_impure_ptr)
e:/program/arm-gnu-toolchain/bin/../lib/gcc/arm-none-eabi/12.2.1/thumb/v6-m/nofp\libg.a(libc_a-lseekr.o)
                              e:/program/arm-gnu-toolchain/bin/../lib/gcc/arm-none-eabi/12.2.1/thumb/v6-m/nofp\libg.a(libc_a-stdio.o) (_lseek_r)
e:/program/arm-gnu-toolchain/bin/../lib/gcc/arm-none-eabi/12.2.1/thumb/v6-m/nofp\libg.a(libc_a-readr.o)
                              e:/program/arm-gnu-toolchain/bin/../lib/gcc/arm-none-eabi/12.2.1/thumb/v6-m/nofp\libg.a(libc_a-stdio.o) (_read_r)
e:/program/arm-gnu-toolchain/bin/../lib/gcc/arm-none-eabi/12.2.1/thumb/v6-m/nofp\libg.a(libc_a-writer.o)
                              e:/program/arm-gnu-toolchain/bin/../lib/gcc/arm-none-eabi/12.2.1/thumb/v6-m/nofp\libg.a(libc_a-stdio.o) (_write_r)
e:/program/arm-gnu-toolchain/bin/../lib/gcc/arm-none-eabi/12.2.1/thumb/v6-m/nofp\libg.a(libc_a-init.o)
                              e:/program/arm-gnu-toolchain/bin/../lib/gcc/arm-none-eabi/12.2.1/thumb/v6-m/nofp/crt0.o (__libc_init_array)
e:/program/arm-gnu-toolchain/bin/../lib/gcc/arm-none-eabi/12.2.1/thumb/v6-m/nofp\libg.a(libc_a-lock.o)
                              e:/program/arm-gnu-toolchain/bin/../lib/gcc/arm-none-eabi/12.2.1/thumb/v6-m/nofp\libg.a(libc_a-findfp.o) (__retarget_lock_init_recursive)
e:/program/arm-gnu-toolchain/bin/../lib/gcc/arm-none-eabi/12.2.1/thumb/v6-m/nofp\libg.a(libc_a-__call_atexit.o)
                              e:/program/arm-gnu-toolchain/bin/../lib/gcc/arm-none-eabi/12.2.1/thumb/v6-m/nofp\libg.a(libc_a-exit.o) (__call_exitprocs)
e:/program/arm-gnu-toolchain/bin/../lib/gcc/arm-none-eabi/12.2.1/thumb/v6-m/nofp\libg.a(libc_a-atexit.o)
                              e:/program/arm-gnu-toolchain/bin/../lib/gcc/arm-none-eabi/12.2.1/thumb/v6-m/nofp\libg.a(libc_a-__call_atexit.o) (atexit)
e:/program/arm-gnu-toolchain/bin/../lib/gcc/arm-none-eabi/12.2.1/thumb/v6-m/nofp\libg.a(libc_a-freer.o)
                              e:/program/arm-gnu-toolchain/bin/../lib/gcc/arm-none-eabi/12.2.1/thumb/v6-m/nofp\libg.a(libc_a-reent.o) (_free_r)
e:/program/arm-gnu-toolchain/bin/../lib/gcc/arm-none-eabi/12.2.1/thumb/v6-m/nofp\libg.a(libc_a-mallocr.o)
                              e:/program/arm-gnu-toolchain/bin/../lib/gcc/arm-none-eabi/12.2.1/thumb/v6-m/nofp\libg.a(libc_a-findfp.o) (_malloc_r)
e:/program/arm-gnu-toolchain/bin/../lib/gcc/arm-none-eabi/12.2.1/thumb/v6-m/nofp\libg.a(libc_a-mlock.o)
                              e:/program/arm-gnu-toolchain/bin/../lib/gcc/arm-none-eabi/12.2.1/thumb/v6-m/nofp\libg.a(libc_a-freer.o) (__malloc_lock)
e:/program/arm-gnu-toolchain/bin/../lib/gcc/arm-none-eabi/12.2.1/thumb/v6-m/nofp\libg.a(libc_a-fclose.o)
                              e:/program/arm-gnu-toolchain/bin/../lib/gcc/arm-none-eabi/12.2.1/thumb/v6-m/nofp\libg.a(libc_a-findfp.o) (_fclose_r)
e:/program/arm-gnu-toolchain/bin/../lib/gcc/arm-none-eabi/12.2.1/thumb/v6-m/nofp\libg.a(libc_a-fflush.o)
                              e:/program/arm-gnu-toolchain/bin/../lib/gcc/arm-none-eabi/12.2.1/thumb/v6-m/nofp\libg.a(libc_a-fclose.o) (__sflush_r)
e:/program/arm-gnu-toolchain/bin/../lib/gcc/arm-none-eabi/12.2.1/thumb/v6-m/nofp\libg.a(libc_a-sbrkr.o)
                              e:/program/arm-gnu-toolchain/bin/../lib/gcc/arm-none-eabi/12.2.1/thumb/v6-m/nofp\libg.a(libc_a-freer.o) (_sbrk_r)
e:/program/arm-gnu-toolchain/bin/../lib/gcc/arm-none-eabi/12.2.1/thumb/v6-m/nofp\libg.a(libc_a-fini.o)
                              e:/program/arm-gnu-toolchain/bin/../lib/gcc/arm-none-eabi/12.2.1/thumb/v6-m/nofp\libg.a(libc_a-__call_atexit.o) (__libc_fini_array)
e:/program/arm-gnu-toolchain/bin/../lib/gcc/arm-none-eabi/12.2.1/thumb/v6-m/nofp\libg.a(libc_a-sysconf.o)
                              e:/program/arm-gnu-toolchain/bin/../lib/gcc/arm-none-eabi/12.2.1/thumb/v6-m/nofp\libg.a(libc_a-freer.o) (sysconf)
e:/program/arm-gnu-toolchain/bin/../lib/gcc/arm-none-eabi/12.2.1/thumb/v6-m/nofp\libg.a(libc_a-__atexit.o)
                              e:/program/arm-gnu-toolchain/bin/../lib/gcc/arm-none-eabi/12.2.1/thumb/v6-m/nofp\libg.a(libc_a-atexit.o) (__register_exitproc)
e:/program/arm-gnu-toolchain/bin/../lib/gcc/arm-none-eabi/12.2.1/thumb/v6-m/nofp\libg.a(libc_a-errno.o)
                              e:/program/arm-gnu-toolchain/bin/../lib/gcc/arm-none-eabi/12.2.1/thumb/v6-m/nofp\libg.a(libc_a-sysconf.o) (__errno)
e:/program/arm-gnu-toolchain/bin/../lib/gcc/arm-none-eabi/12.2.1/thumb/v6-m/nofp\libgcc.a(_udivsi3.o)
                              e:/program/arm-gnu-toolchain/bin/../lib/gcc/arm-none-eabi/12.2.1/thumb/v6-m/nofp\libg.a(libc_a-freer.o) (__aeabi_uidiv)
e:/program/arm-gnu-toolchain/bin/../lib/gcc/arm-none-eabi/12.2.1/thumb/v6-m/nofp\libgcc.a(_dvmd_tls.o)
                              e:/program/arm-gnu-toolchain/bin/../lib/gcc/arm-none-eabi/12.2.1/thumb/v6-m/nofp\libgcc.a(_udivsi3.o) (__aeabi_idiv0)

Discarded input sections

 .text          0x00000000        0x0 e:/program/arm-gnu-toolchain/bin/../lib/gcc/arm-none-eabi/12.2.1/thumb/v6-m/nofp/crti.o
 .data          0x00000000        0x0 e:/program/arm-gnu-toolchain/bin/../lib/gcc/arm-none-eabi/12.2.1/thumb/v6-m/nofp/crti.o
 .bss           0x00000000        0x0 e:/program/arm-gnu-toolchain/bin/../lib/gcc/arm-none-eabi/12.2.1/thumb/v6-m/nofp/crti.o
 .text          0x00000000        0x0 e:/program/arm-gnu-toolchain/bin/../lib/gcc/arm-none-eabi/12.2.1/thumb/v6-m/nofp/crtbegin.o
 .data          0x00000000        0x0 e:/program/arm-gnu-toolchain/bin/../lib/gcc/arm-none-eabi/12.2.1/thumb/v6-m/nofp/crtbegin.o
 .bss           0x00000000        0x0 e:/program/arm-gnu-toolchain/bin/../lib/gcc/arm-none-eabi/12.2.1/thumb/v6-m/nofp/crtbegin.o
 .rodata.all_implied_fbits
                0x00000000       0x24 e:/program/arm-gnu-toolchain/bin/../lib/gcc/arm-none-eabi/12.2.1/thumb/v6-m/nofp/crtbegin.o
 .init_array    0x00000000        0x4 e:/program/arm-gnu-toolchain/bin/../lib/gcc/arm-none-eabi/12.2.1/thumb/v6-m/nofp/crtbegin.o
 .fini_array    0x00000000        0x4 e:/program/arm-gnu-toolchain/bin/../lib/gcc/arm-none-eabi/12.2.1/thumb/v6-m/nofp/crtbegin.o
 .eh_frame      0x00000000        0x0 e:/program/arm-gnu-toolchain/bin/../lib/gcc/arm-none-eabi/12.2.1/thumb/v6-m/nofp/crtbegin.o
 .tm_clone_table
                0x00000000        0x0 e:/program/arm-gnu-toolchain/bin/../lib/gcc/arm-none-eabi/12.2.1/thumb/v6-m/nofp/crtbegin.o
 .text.deregister_tm_clones
                0x00000000       0x20 e:/program/arm-gnu-toolchain/bin/../lib/gcc/arm-none-eabi/12.2.1/thumb/v6-m/nofp/crtbegin.o
 .text.register_tm_clones
                0x00000000       0x28 e:/program/arm-gnu-toolchain/bin/../lib/gcc/arm-none-eabi/12.2.1/thumb/v6-m/nofp/crtbegin.o
 .data.__dso_handle
                0x00000000        0x4 e:/program/arm-gnu-toolchain/bin/../lib/gcc/arm-none-eabi/12.2.1/thumb/v6-m/nofp/crtbegin.o
 .text.__do_global_dtors_aux
                0x00000000       0x2c e:/program/arm-gnu-toolchain/bin/../lib/gcc/arm-none-eabi/12.2.1/thumb/v6-m/nofp/crtbegin.o
 .text.frame_dummy
                0x00000000       0x24 e:/program/arm-gnu-toolchain/bin/../lib/gcc/arm-none-eabi/12.2.1/thumb/v6-m/nofp/crtbegin.o
 .bss.completed.1
                0x00000000        0x1 e:/program/arm-gnu-toolchain/bin/../lib/gcc/arm-none-eabi/12.2.1/thumb/v6-m/nofp/crtbegin.o
 .bss.object.0  0x00000000       0x18 e:/program/arm-gnu-toolchain/bin/../lib/gcc/arm-none-eabi/12.2.1/thumb/v6-m/nofp/crtbegin.o
 .ARM.attributes
                0x00000000       0x2c e:/program/arm-gnu-toolchain/bin/../lib/gcc/arm-none-eabi/12.2.1/thumb/v6-m/nofp/crtbegin.o
 .text          0x00000000       0x80 e:/program/arm-gnu-toolchain/bin/../lib/gcc/arm-none-eabi/12.2.1/thumb/v6-m/nofp/crt0.o
 .data          0x00000000        0x0 e:/program/arm-gnu-toolchain/bin/../lib/gcc/arm-none-eabi/12.2.1/thumb/v6-m/nofp/crt0.o
 .bss           0x00000000        0x0 e:/program/arm-gnu-toolchain/bin/../lib/gcc/arm-none-eabi/12.2.1/thumb/v6-m/nofp/crt0.o
 .ARM.extab     0x00000000        0x0 e:/program/arm-gnu-toolchain/bin/../lib/gcc/arm-none-eabi/12.2.1/thumb/v6-m/nofp/crt0.o
 .ARM.exidx     0x00000000       0x10 e:/program/arm-gnu-toolchain/bin/../lib/gcc/arm-none-eabi/12.2.1/thumb/v6-m/nofp/crt0.o
 .debug_line_str
                0x00000000       0xdf e:/program/arm-gnu-toolchain/bin/../lib/gcc/arm-none-eabi/12.2.1/thumb/v6-m/nofp/crt0.o
 .ARM.attributes
                0x00000000       0x1b e:/program/arm-gnu-toolchain/bin/../lib/gcc/arm-none-eabi/12.2.1/thumb/v6-m/nofp/crt0.o
 .text          0x00000000        0x0 C:\Users\ogney\AppData\Local\Temp\ccW7k94H.o
 .data          0x00000000        0x0 C:\Users\ogney\AppData\Local\Temp\ccW7k94H.o
 .bss           0x00000000        0x0 C:\Users\ogney\AppData\Local\Temp\ccW7k94H.o
 .text          0x00000000        0x0 e:/program/arm-gnu-toolchain/bin/../lib/gcc/arm-none-eabi/12.2.1/thumb/v6-m/nofp\libg.a(libc_a-exit.o)
 .data          0x00000000        0x0 e:/program/arm-gnu-toolchain/bin/../lib/gcc/arm-none-eabi/12.2.1/thumb/v6-m/nofp\libg.a(libc_a-exit.o)
 .bss           0x00000000        0x0 e:/program/arm-gnu-toolchain/bin/../lib/gcc/arm-none-eabi/12.2.1/thumb/v6-m/nofp\libg.a(libc_a-exit.o)
 .text.exit     0x00000000       0x20 e:/program/arm-gnu-toolchain/bin/../lib/gcc/arm-none-eabi/12.2.1/thumb/v6-m/nofp\libg.a(libc_a-exit.o)
 .debug_frame   0x00000000       0x28 e:/program/arm-gnu-toolchain/bin/../lib/gcc/arm-none-eabi/12.2.1/thumb/v6-m/nofp\libg.a(libc_a-exit.o)
 .ARM.attributes
                0x00000000       0x2c e:/program/arm-gnu-toolchain/bin/../lib/gcc/arm-none-eabi/12.2.1/thumb/v6-m/nofp\libg.a(libc_a-exit.o)
 .text          0x00000000        0x0 e:/program/arm-gnu-toolchain/bin/../lib/gcc/arm-none-eabi/12.2.1/thumb/v6-m/nofp\libg.a(libc_a-findfp.o)
 .data          0x00000000        0x0 e:/program/arm-gnu-toolchain/bin/../lib/gcc/arm-none-eabi/12.2.1/thumb/v6-m/nofp\libg.a(libc_a-findfp.o)
 .bss           0x00000000        0x0 e:/program/arm-gnu-toolchain/bin/../lib/gcc/arm-none-eabi/12.2.1/thumb/v6-m/nofp\libg.a(libc_a-findfp.o)
 .text.stdio_exit_handler
                0x00000000       0x1c e:/program/arm-gnu-toolchain/bin/../lib/gcc/arm-none-eabi/12.2.1/thumb/v6-m/nofp\libg.a(libc_a-findfp.o)
 .text.cleanup_stdio
                0x00000000       0x3c e:/program/arm-gnu-toolchain/bin/../lib/gcc/arm-none-eabi/12.2.1/thumb/v6-m/nofp\libg.a(libc_a-findfp.o)
 .text.__fp_lock
                0x00000000       0x1c e:/program/arm-gnu-toolchain/bin/../lib/gcc/arm-none-eabi/12.2.1/thumb/v6-m/nofp\libg.a(libc_a-findfp.o)
 .text.__fp_unlock
                0x00000000       0x1c e:/program/arm-gnu-toolchain/bin/../lib/gcc/arm-none-eabi/12.2.1/thumb/v6-m/nofp\libg.a(libc_a-findfp.o)
 .text.global_stdio_init.part.0
                0x00000000      0x118 e:/program/arm-gnu-toolchain/bin/../lib/gcc/arm-none-eabi/12.2.1/thumb/v6-m/nofp\libg.a(libc_a-findfp.o)
 .text.__sfp    0x00000000       0xc8 e:/program/arm-gnu-toolchain/bin/../lib/gcc/arm-none-eabi/12.2.1/thumb/v6-m/nofp\libg.a(libc_a-findfp.o)
 .text.__sinit  0x00000000       0x38 e:/program/arm-gnu-toolchain/bin/../lib/gcc/arm-none-eabi/12.2.1/thumb/v6-m/nofp\libg.a(libc_a-findfp.o)
 .text.__sfp_lock_acquire
                0x00000000       0x10 e:/program/arm-gnu-toolchain/bin/../lib/gcc/arm-none-eabi/12.2.1/thumb/v6-m/nofp\libg.a(libc_a-findfp.o)
 .text.__sfp_lock_release
                0x00000000       0x10 e:/program/arm-gnu-toolchain/bin/../lib/gcc/arm-none-eabi/12.2.1/thumb/v6-m/nofp\libg.a(libc_a-findfp.o)
 .text.__fp_lock_all
                0x00000000       0x20 e:/program/arm-gnu-toolchain/bin/../lib/gcc/arm-none-eabi/12.2.1/thumb/v6-m/nofp\libg.a(libc_a-findfp.o)
 .text.__fp_unlock_all
                0x00000000       0x20 e:/program/arm-gnu-toolchain/bin/../lib/gcc/arm-none-eabi/12.2.1/thumb/v6-m/nofp\libg.a(libc_a-findfp.o)
 .data.__sglue  0x00000000        0xc e:/program/arm-gnu-toolchain/bin/../lib/gcc/arm-none-eabi/12.2.1/thumb/v6-m/nofp\libg.a(libc_a-findfp.o)
 .bss.__sf      0x00000000      0x138 e:/program/arm-gnu-toolchain/bin/../lib/gcc/arm-none-eabi/12.2.1/thumb/v6-m/nofp\libg.a(libc_a-findfp.o)
 .bss.__stdio_exit_handler
                0x00000000        0x4 e:/program/arm-gnu-toolchain/bin/../lib/gcc/arm-none-eabi/12.2.1/thumb/v6-m/nofp\libg.a(libc_a-findfp.o)
 .debug_frame   0x00000000      0x138 e:/program/arm-gnu-toolchain/bin/../lib/gcc/arm-none-eabi/12.2.1/thumb/v6-m/nofp\libg.a(libc_a-findfp.o)
 .ARM.attributes
                0x00000000       0x2c e:/program/arm-gnu-toolchain/bin/../lib/gcc/arm-none-eabi/12.2.1/thumb/v6-m/nofp\libg.a(libc_a-findfp.o)
 .text          0x00000000        0x0 e:/program/arm-gnu-toolchain/bin/../lib/gcc/arm-none-eabi/12.2.1/thumb/v6-m/nofp\libg.a(libc_a-fwalk.o)
 .data          0x00000000        0x0 e:/program/arm-gnu-toolchain/bin/../lib/gcc/arm-none-eabi/12.2.1/thumb/v6-m/nofp\libg.a(libc_a-fwalk.o)
 .bss           0x00000000        0x0 e:/program/arm-gnu-toolchain/bin/../lib/gcc/arm-none-eabi/12.2.1/thumb/v6-m/nofp\libg.a(libc_a-fwalk.o)
 .text._fwalk_sglue
                0x00000000       0x44 e:/program/arm-gnu-toolchain/bin/../lib/gcc/arm-none-eabi/12.2.1/thumb/v6-m/nofp\libg.a(libc_a-fwalk.o)
 .debug_frame   0x00000000       0x38 e:/program/arm-gnu-toolchain/bin/../lib/gcc/arm-none-eabi/12.2.1/thumb/v6-m/nofp\libg.a(libc_a-fwalk.o)
 .ARM.attributes
                0x00000000       0x2c e:/program/arm-gnu-toolchain/bin/../lib/gcc/arm-none-eabi/12.2.1/thumb/v6-m/nofp\libg.a(libc_a-fwalk.o)
 .text          0x00000000        0x0 e:/program/arm-gnu-toolchain/bin/../lib/gcc/arm-none-eabi/12.2.1/thumb/v6-m/nofp\libg.a(libc_a-stdio.o)
 .data          0x00000000        0x0 e:/program/arm-gnu-toolchain/bin/../lib/gcc/arm-none-eabi/12.2.1/thumb/v6-m/nofp\libg.a(libc_a-stdio.o)
 .bss           0x00000000        0x0 e:/program/arm-gnu-toolchain/bin/../lib/gcc/arm-none-eabi/12.2.1/thumb/v6-m/nofp\libg.a(libc_a-stdio.o)
 .text.__sread  0x00000000       0x28 e:/program/arm-gnu-toolchain/bin/../lib/gcc/arm-none-eabi/12.2.1/thumb/v6-m/nofp\libg.a(libc_a-stdio.o)
 .text.__seofread
                0x00000000        0x4 e:/program/arm-gnu-toolchain/bin/../lib/gcc/arm-none-eabi/12.2.1/thumb/v6-m/nofp\libg.a(libc_a-stdio.o)
 .text.__swrite
                0x00000000       0x40 e:/program/arm-gnu-toolchain/bin/../lib/gcc/arm-none-eabi/12.2.1/thumb/v6-m/nofp\libg.a(libc_a-stdio.o)
 .text.__sseek  0x00000000       0x30 e:/program/arm-gnu-toolchain/bin/../lib/gcc/arm-none-eabi/12.2.1/thumb/v6-m/nofp\libg.a(libc_a-stdio.o)
 .text.__sclose
                0x00000000        0xc e:/program/arm-gnu-toolchain/bin/../lib/gcc/arm-none-eabi/12.2.1/thumb/v6-m/nofp\libg.a(libc_a-stdio.o)
 .debug_frame   0x00000000       0x90 e:/program/arm-gnu-toolchain/bin/../lib/gcc/arm-none-eabi/12.2.1/thumb/v6-m/nofp\libg.a(libc_a-stdio.o)
 .ARM.attributes
                0x00000000       0x2c e:/program/arm-gnu-toolchain/bin/../lib/gcc/arm-none-eabi/12.2.1/thumb/v6-m/nofp\libg.a(libc_a-stdio.o)
 .text          0x00000000        0x0 e:/program/arm-gnu-toolchain/bin/../lib/gcc/arm-none-eabi/12.2.1/thumb/v6-m/nofp\libg.a(libc_a-memset.o)
 .data          0x00000000        0x0 e:/program/arm-gnu-toolchain/bin/../lib/gcc/arm-none-eabi/12.2.1/thumb/v6-m/nofp\libg.a(libc_a-memset.o)
 .bss           0x00000000        0x0 e:/program/arm-gnu-toolchain/bin/../lib/gcc/arm-none-eabi/12.2.1/thumb/v6-m/nofp\libg.a(libc_a-memset.o)
 .text.memset   0x00000000       0xa8 e:/program/arm-gnu-toolchain/bin/../lib/gcc/arm-none-eabi/12.2.1/thumb/v6-m/nofp\libg.a(libc_a-memset.o)
 .debug_frame   0x00000000       0x30 e:/program/arm-gnu-toolchain/bin/../lib/gcc/arm-none-eabi/12.2.1/thumb/v6-m/nofp\libg.a(libc_a-memset.o)
 .ARM.attributes
                0x00000000       0x2c e:/program/arm-gnu-toolchain/bin/../lib/gcc/arm-none-eabi/12.2.1/thumb/v6-m/nofp\libg.a(libc_a-memset.o)
 .text          0x00000000        0x0 e:/program/arm-gnu-toolchain/bin/../lib/gcc/arm-none-eabi/12.2.1/thumb/v6-m/nofp\libg.a(libc_a-closer.o)
 .data          0x00000000        0x0 e:/program/arm-gnu-toolchain/bin/../lib/gcc/arm-none-eabi/12.2.1/thumb/v6-m/nofp\libg.a(libc_a-closer.o)
 .bss           0x00000000        0x0 e:/program/arm-gnu-toolchain/bin/../lib/gcc/arm-none-eabi/12.2.1/thumb/v6-m/nofp\libg.a(libc_a-closer.o)
 .text._close_r
                0x00000000       0x24 e:/program/arm-gnu-toolchain/bin/../lib/gcc/arm-none-eabi/12.2.1/thumb/v6-m/nofp\libg.a(libc_a-closer.o)
 .debug_frame   0x00000000       0x2c e:/program/arm-gnu-toolchain/bin/../lib/gcc/arm-none-eabi/12.2.1/thumb/v6-m/nofp\libg.a(libc_a-closer.o)
 .ARM.attributes
                0x00000000       0x2c e:/program/arm-gnu-toolchain/bin/../lib/gcc/arm-none-eabi/12.2.1/thumb/v6-m/nofp\libg.a(libc_a-closer.o)
 .text          0x00000000        0x0 e:/program/arm-gnu-toolchain/bin/../lib/gcc/arm-none-eabi/12.2.1/thumb/v6-m/nofp\libg.a(libc_a-reent.o)
 .data          0x00000000        0x0 e:/program/arm-gnu-toolchain/bin/../lib/gcc/arm-none-eabi/12.2.1/thumb/v6-m/nofp\libg.a(libc_a-reent.o)
 .bss           0x00000000        0x0 e:/program/arm-gnu-toolchain/bin/../lib/gcc/arm-none-eabi/12.2.1/thumb/v6-m/nofp\libg.a(libc_a-reent.o)
 .text._reclaim_reent
                0x00000000       0x60 e:/program/arm-gnu-toolchain/bin/../lib/gcc/arm-none-eabi/12.2.1/thumb/v6-m/nofp\libg.a(libc_a-reent.o)
 .bss.errno     0x00000000        0x4 e:/program/arm-gnu-toolchain/bin/../lib/gcc/arm-none-eabi/12.2.1/thumb/v6-m/nofp\libg.a(libc_a-reent.o)
 .debug_frame   0x00000000       0x2c e:/program/arm-gnu-toolchain/bin/../lib/gcc/arm-none-eabi/12.2.1/thumb/v6-m/nofp\libg.a(libc_a-reent.o)
 .ARM.attributes
                0x00000000       0x2c e:/program/arm-gnu-toolchain/bin/../lib/gcc/arm-none-eabi/12.2.1/thumb/v6-m/nofp\libg.a(libc_a-reent.o)
 .text          0x00000000        0x0 e:/program/arm-gnu-toolchain/bin/../lib/gcc/arm-none-eabi/12.2.1/thumb/v6-m/nofp\libg.a(libc_a-impure.o)
 .data          0x00000000        0x0 e:/program/arm-gnu-toolchain/bin/../lib/gcc/arm-none-eabi/12.2.1/thumb/v6-m/nofp\libg.a(libc_a-impure.o)
 .bss           0x00000000        0x0 e:/program/arm-gnu-toolchain/bin/../lib/gcc/arm-none-eabi/12.2.1/thumb/v6-m/nofp\libg.a(libc_a-impure.o)
 .data._impure_ptr
                0x00000000        0x4 e:/program/arm-gnu-toolchain/bin/../lib/gcc/arm-none-eabi/12.2.1/thumb/v6-m/nofp\libg.a(libc_a-impure.o)
 .data._impure_data
                0x00000000      0x120 e:/program/arm-gnu-toolchain/bin/../lib/gcc/arm-none-eabi/12.2.1/thumb/v6-m/nofp\libg.a(libc_a-impure.o)
 .ARM.attributes
                0x00000000       0x2c e:/program/arm-gnu-toolchain/bin/../lib/gcc/arm-none-eabi/12.2.1/thumb/v6-m/nofp\libg.a(libc_a-impure.o)
 .text          0x00000000        0x0 e:/program/arm-gnu-toolchain/bin/../lib/gcc/arm-none-eabi/12.2.1/thumb/v6-m/nofp\libg.a(libc_a-lseekr.o)
 .data          0x00000000        0x0 e:/program/arm-gnu-toolchain/bin/../lib/gcc/arm-none-eabi/12.2.1/thumb/v6-m/nofp\libg.a(libc_a-lseekr.o)
 .bss           0x00000000        0x0 e:/program/arm-gnu-toolchain/bin/../lib/gcc/arm-none-eabi/12.2.1/thumb/v6-m/nofp\libg.a(libc_a-lseekr.o)
 .text._lseek_r
                0x00000000       0x28 e:/program/arm-gnu-toolchain/bin/../lib/gcc/arm-none-eabi/12.2.1/thumb/v6-m/nofp\libg.a(libc_a-lseekr.o)
 .debug_frame   0x00000000       0x2c e:/program/arm-gnu-toolchain/bin/../lib/gcc/arm-none-eabi/12.2.1/thumb/v6-m/nofp\libg.a(libc_a-lseekr.o)
 .ARM.attributes
                0x00000000       0x2c e:/program/arm-gnu-toolchain/bin/../lib/gcc/arm-none-eabi/12.2.1/thumb/v6-m/nofp\libg.a(libc_a-lseekr.o)
 .text          0x00000000        0x0 e:/program/arm-gnu-toolchain/bin/../lib/gcc/arm-none-eabi/12.2.1/thumb/v6-m/nofp\libg.a(libc_a-readr.o)
 .data          0x00000000        0x0 e:/program/arm-gnu-toolchain/bin/../lib/gcc/arm-none-eabi/12.2.1/thumb/v6-m/nofp\libg.a(libc_a-readr.o)
 .bss           0x00000000        0x0 e:/program/arm-gnu-toolchain/bin/../lib/gcc/arm-none-eabi/12.2.1/thumb/v6-m/nofp\libg.a(libc_a-readr.o)
 .text._read_r  0x00000000       0x28 e:/program/arm-gnu-toolchain/bin/../lib/gcc/arm-none-eabi/12.2.1/thumb/v6-m/nofp\libg.a(libc_a-readr.o)
 .debug_frame   0x00000000       0x2c e:/program/arm-gnu-toolchain/bin/../lib/gcc/arm-none-eabi/12.2.1/thumb/v6-m/nofp\libg.a(libc_a-readr.o)
 .ARM.attributes
                0x00000000       0x2c e:/program/arm-gnu-toolchain/bin/../lib/gcc/arm-none-eabi/12.2.1/thumb/v6-m/nofp\libg.a(libc_a-readr.o)
 .text          0x00000000        0x0 e:/program/arm-gnu-toolchain/bin/../lib/gcc/arm-none-eabi/12.2.1/thumb/v6-m/nofp\libg.a(libc_a-writer.o)
 .data          0x00000000        0x0 e:/program/arm-gnu-toolchain/bin/../lib/gcc/arm-none-eabi/12.2.1/thumb/v6-m/nofp\libg.a(libc_a-writer.o)
 .bss           0x00000000        0x0 e:/program/arm-gnu-toolchain/bin/../lib/gcc/arm-none-eabi/12.2.1/thumb/v6-m/nofp\libg.a(libc_a-writer.o)
 .text._write_r
                0x00000000       0x28 e:/program/arm-gnu-toolchain/bin/../lib/gcc/arm-none-eabi/12.2.1/thumb/v6-m/nofp\libg.a(libc_a-writer.o)
 .debug_frame   0x00000000       0x2c e:/program/arm-gnu-toolchain/bin/../lib/gcc/arm-none-eabi/12.2.1/thumb/v6-m/nofp\libg.a(libc_a-writer.o)
 .ARM.attributes
                0x00000000       0x2c e:/program/arm-gnu-toolchain/bin/../lib/gcc/arm-none-eabi/12.2.1/thumb/v6-m/nofp\libg.a(libc_a-writer.o)
 .text          0x00000000        0x0 e:/program/arm-gnu-toolchain/bin/../lib/gcc/arm-none-eabi/12.2.1/thumb/v6-m/nofp\libg.a(libc_a-init.o)
 .data          0x00000000        0x0 e:/program/arm-gnu-toolchain/bin/../lib/gcc/arm-none-eabi/12.2.1/thumb/v6-m/nofp\libg.a(libc_a-init.o)
 .bss           0x00000000        0x0 e:/program/arm-gnu-toolchain/bin/../lib/gcc/arm-none-eabi/12.2.1/thumb/v6-m/nofp\libg.a(libc_a-init.o)
 .text.__libc_init_array
                0x00000000       0x48 e:/program/arm-gnu-toolchain/bin/../lib/gcc/arm-none-eabi/12.2.1/thumb/v6-m/nofp\libg.a(libc_a-init.o)
 .debug_frame   0x00000000       0x2c e:/program/arm-gnu-toolchain/bin/../lib/gcc/arm-none-eabi/12.2.1/thumb/v6-m/nofp\libg.a(libc_a-init.o)
 .ARM.attributes
                0x00000000       0x2c e:/program/arm-gnu-toolchain/bin/../lib/gcc/arm-none-eabi/12.2.1/thumb/v6-m/nofp\libg.a(libc_a-init.o)
 .text          0x00000000        0x0 e:/program/arm-gnu-toolchain/bin/../lib/gcc/arm-none-eabi/12.2.1/thumb/v6-m/nofp\libg.a(libc_a-lock.o)
 .data          0x00000000        0x0 e:/program/arm-gnu-toolchain/bin/../lib/gcc/arm-none-eabi/12.2.1/thumb/v6-m/nofp\libg.a(libc_a-lock.o)
 .bss           0x00000000        0x0 e:/program/arm-gnu-toolchain/bin/../lib/gcc/arm-none-eabi/12.2.1/thumb/v6-m/nofp\libg.a(libc_a-lock.o)
 .text.__retarget_lock_init
                0x00000000        0x4 e:/program/arm-gnu-toolchain/bin/../lib/gcc/arm-none-eabi/12.2.1/thumb/v6-m/nofp\libg.a(libc_a-lock.o)
 .text.__retarget_lock_init_recursive
                0x00000000        0x4 e:/program/arm-gnu-toolchain/bin/../lib/gcc/arm-none-eabi/12.2.1/thumb/v6-m/nofp\libg.a(libc_a-lock.o)
 .text.__retarget_lock_close
                0x00000000        0x4 e:/program/arm-gnu-toolchain/bin/../lib/gcc/arm-none-eabi/12.2.1/thumb/v6-m/nofp\libg.a(libc_a-lock.o)
 .text.__retarget_lock_close_recursive
                0x00000000        0x4 e:/program/arm-gnu-toolchain/bin/../lib/gcc/arm-none-eabi/12.2.1/thumb/v6-m/nofp\libg.a(libc_a-lock.o)
 .text.__retarget_lock_acquire
                0x00000000        0x4 e:/program/arm-gnu-toolchain/bin/../lib/gcc/arm-none-eabi/12.2.1/thumb/v6-m/nofp\libg.a(libc_a-lock.o)
 .text.__retarget_lock_acquire_recursive
                0x00000000        0x4 e:/program/arm-gnu-toolchain/bin/../lib/gcc/arm-none-eabi/12.2.1/thumb/v6-m/nofp\libg.a(libc_a-lock.o)
 .text.__retarget_lock_try_acquire
                0x00000000        0x4 e:/program/arm-gnu-toolchain/bin/../lib/gcc/arm-none-eabi/12.2.1/thumb/v6-m/nofp\libg.a(libc_a-lock.o)
 .text.__retarget_lock_try_acquire_recursive
                0x00000000        0x4 e:/program/arm-gnu-toolchain/bin/../lib/gcc/arm-none-eabi/12.2.1/thumb/v6-m/nofp\libg.a(libc_a-lock.o)
 .text.__retarget_lock_release
                0x00000000        0x4 e:/program/arm-gnu-toolchain/bin/../lib/gcc/arm-none-eabi/12.2.1/thumb/v6-m/nofp\libg.a(libc_a-lock.o)
 .text.__retarget_lock_release_recursive
                0x00000000        0x4 e:/program/arm-gnu-toolchain/bin/../lib/gcc/arm-none-eabi/12.2.1/thumb/v6-m/nofp\libg.a(libc_a-lock.o)
 .bss.__lock___arc4random_mutex
                0x00000000        0x1 e:/program/arm-gnu-toolchain/bin/../lib/gcc/arm-none-eabi/12.2.1/thumb/v6-m/nofp\libg.a(libc_a-lock.o)
 .bss.__lock___dd_hash_mutex
                0x00000000        0x1 e:/program/arm-gnu-toolchain/bin/../lib/gcc/arm-none-eabi/12.2.1/thumb/v6-m/nofp\libg.a(libc_a-lock.o)
 .bss.__lock___tz_mutex
                0x00000000        0x1 e:/program/arm-gnu-toolchain/bin/../lib/gcc/arm-none-eabi/12.2.1/thumb/v6-m/nofp\libg.a(libc_a-lock.o)
 .bss.__lock___env_recursive_mutex
                0x00000000        0x1 e:/program/arm-gnu-toolchain/bin/../lib/gcc/arm-none-eabi/12.2.1/thumb/v6-m/nofp\libg.a(libc_a-lock.o)
 .bss.__lock___malloc_recursive_mutex
                0x00000000        0x1 e:/program/arm-gnu-toolchain/bin/../lib/gcc/arm-none-eabi/12.2.1/thumb/v6-m/nofp\libg.a(libc_a-lock.o)
 .bss.__lock___at_quick_exit_mutex
                0x00000000        0x1 e:/program/arm-gnu-toolchain/bin/../lib/gcc/arm-none-eabi/12.2.1/thumb/v6-m/nofp\libg.a(libc_a-lock.o)
 .bss.__lock___atexit_recursive_mutex
                0x00000000        0x1 e:/program/arm-gnu-toolchain/bin/../lib/gcc/arm-none-eabi/12.2.1/thumb/v6-m/nofp\libg.a(libc_a-lock.o)
 .bss.__lock___sfp_recursive_mutex
                0x00000000        0x1 e:/program/arm-gnu-toolchain/bin/../lib/gcc/arm-none-eabi/12.2.1/thumb/v6-m/nofp\libg.a(libc_a-lock.o)
 .debug_frame   0x00000000       0xb0 e:/program/arm-gnu-toolchain/bin/../lib/gcc/arm-none-eabi/12.2.1/thumb/v6-m/nofp\libg.a(libc_a-lock.o)
 .ARM.attributes
                0x00000000       0x2c e:/program/arm-gnu-toolchain/bin/../lib/gcc/arm-none-eabi/12.2.1/thumb/v6-m/nofp\libg.a(libc_a-lock.o)
 .text          0x00000000        0x0 e:/program/arm-gnu-toolchain/bin/../lib/gcc/arm-none-eabi/12.2.1/thumb/v6-m/nofp\libg.a(libc_a-__call_atexit.o)
 .data          0x00000000        0x0 e:/program/arm-gnu-toolchain/bin/../lib/gcc/arm-none-eabi/12.2.1/thumb/v6-m/nofp\libg.a(libc_a-__call_atexit.o)
 .bss           0x00000000        0x0 e:/program/arm-gnu-toolchain/bin/../lib/gcc/arm-none-eabi/12.2.1/thumb/v6-m/nofp\libg.a(libc_a-__call_atexit.o)
 .text.startup.register_fini
                0x00000000       0x18 e:/program/arm-gnu-toolchain/bin/../lib/gcc/arm-none-eabi/12.2.1/thumb/v6-m/nofp\libg.a(libc_a-__call_atexit.o)
 .init_array.00000
                0x00000000        0x4 e:/program/arm-gnu-toolchain/bin/../lib/gcc/arm-none-eabi/12.2.1/thumb/v6-m/nofp\libg.a(libc_a-__call_atexit.o)
 .text.__call_exitprocs
                0x00000000       0xf4 e:/program/arm-gnu-toolchain/bin/../lib/gcc/arm-none-eabi/12.2.1/thumb/v6-m/nofp\libg.a(libc_a-__call_atexit.o)
 .bss.__atexit  0x00000000        0x4 e:/program/arm-gnu-toolchain/bin/../lib/gcc/arm-none-eabi/12.2.1/thumb/v6-m/nofp\libg.a(libc_a-__call_atexit.o)
 .data.__atexit_recursive_mutex
                0x00000000        0x4 e:/program/arm-gnu-toolchain/bin/../lib/gcc/arm-none-eabi/12.2.1/thumb/v6-m/nofp\libg.a(libc_a-__call_atexit.o)
 .debug_frame   0x00000000       0x54 e:/program/arm-gnu-toolchain/bin/../lib/gcc/arm-none-eabi/12.2.1/thumb/v6-m/nofp\libg.a(libc_a-__call_atexit.o)
 .ARM.attributes
                0x00000000       0x2c e:/program/arm-gnu-toolchain/bin/../lib/gcc/arm-none-eabi/12.2.1/thumb/v6-m/nofp\libg.a(libc_a-__call_atexit.o)
 .text          0x00000000        0x0 e:/program/arm-gnu-toolchain/bin/../lib/gcc/arm-none-eabi/12.2.1/thumb/v6-m/nofp\libg.a(libc_a-atexit.o)
 .data          0x00000000        0x0 e:/program/arm-gnu-toolchain/bin/../lib/gcc/arm-none-eabi/12.2.1/thumb/v6-m/nofp\libg.a(libc_a-atexit.o)
 .bss           0x00000000        0x0 e:/program/arm-gnu-toolchain/bin/../lib/gcc/arm-none-eabi/12.2.1/thumb/v6-m/nofp\libg.a(libc_a-atexit.o)
 .text.atexit   0x00000000       0x10 e:/program/arm-gnu-toolchain/bin/../lib/gcc/arm-none-eabi/12.2.1/thumb/v6-m/nofp\libg.a(libc_a-atexit.o)
 .debug_frame   0x00000000       0x28 e:/program/arm-gnu-toolchain/bin/../lib/gcc/arm-none-eabi/12.2.1/thumb/v6-m/nofp\libg.a(libc_a-atexit.o)
 .ARM.attributes
                0x00000000       0x2c e:/program/arm-gnu-toolchain/bin/../lib/gcc/arm-none-eabi/12.2.1/thumb/v6-m/nofp\libg.a(libc_a-atexit.o)
 .text          0x00000000        0x0 e:/program/arm-gnu-toolchain/bin/../lib/gcc/arm-none-eabi/12.2.1/thumb/v6-m/nofp\libg.a(libc_a-freer.o)
 .data          0x00000000        0x0 e:/program/arm-gnu-toolchain/bin/../lib/gcc/arm-none-eabi/12.2.1/thumb/v6-m/nofp\libg.a(libc_a-freer.o)
 .bss           0x00000000        0x0 e:/program/arm-gnu-toolchain/bin/../lib/gcc/arm-none-eabi/12.2.1/thumb/v6-m/nofp\libg.a(libc_a-freer.o)
 .text._malloc_trim_r
                0x00000000       0xb4 e:/program/arm-gnu-toolchain/bin/../lib/gcc/arm-none-eabi/12.2.1/thumb/v6-m/nofp\libg.a(libc_a-freer.o)
 .text._free_r  0x00000000      0x1c0 e:/program/arm-gnu-toolchain/bin/../lib/gcc/arm-none-eabi/12.2.1/thumb/v6-m/nofp\libg.a(libc_a-freer.o)
 .debug_frame   0x00000000       0x54 e:/program/arm-gnu-toolchain/bin/../lib/gcc/arm-none-eabi/12.2.1/thumb/v6-m/nofp\libg.a(libc_a-freer.o)
 .ARM.attributes
                0x00000000       0x2c e:/program/arm-gnu-toolchain/bin/../lib/gcc/arm-none-eabi/12.2.1/thumb/v6-m/nofp\libg.a(libc_a-freer.o)
 .text          0x00000000        0x0 e:/program/arm-gnu-toolchain/bin/../lib/gcc/arm-none-eabi/12.2.1/thumb/v6-m/nofp\libg.a(libc_a-mallocr.o)
 .data          0x00000000        0x0 e:/program/arm-gnu-toolchain/bin/../lib/gcc/arm-none-eabi/12.2.1/thumb/v6-m/nofp\libg.a(libc_a-mallocr.o)
 .bss           0x00000000        0x0 e:/program/arm-gnu-toolchain/bin/../lib/gcc/arm-none-eabi/12.2.1/thumb/v6-m/nofp\libg.a(libc_a-mallocr.o)
 .text._malloc_r
                0x00000000      0x590 e:/program/arm-gnu-toolchain/bin/../lib/gcc/arm-none-eabi/12.2.1/thumb/v6-m/nofp\libg.a(libc_a-mallocr.o)
 .bss.__malloc_current_mallinfo
                0x00000000       0x28 e:/program/arm-gnu-toolchain/bin/../lib/gcc/arm-none-eabi/12.2.1/thumb/v6-m/nofp\libg.a(libc_a-mallocr.o)
 .bss.__malloc_max_total_mem
                0x00000000        0x4 e:/program/arm-gnu-toolchain/bin/../lib/gcc/arm-none-eabi/12.2.1/thumb/v6-m/nofp\libg.a(libc_a-mallocr.o)
 .bss.__malloc_max_sbrked_mem
                0x00000000        0x4 e:/program/arm-gnu-toolchain/bin/../lib/gcc/arm-none-eabi/12.2.1/thumb/v6-m/nofp\libg.a(libc_a-mallocr.o)
 .data.__malloc_sbrk_base
                0x00000000        0x4 e:/program/arm-gnu-toolchain/bin/../lib/gcc/arm-none-eabi/12.2.1/thumb/v6-m/nofp\libg.a(libc_a-mallocr.o)
 .bss.__malloc_top_pad
                0x00000000        0x4 e:/program/arm-gnu-toolchain/bin/../lib/gcc/arm-none-eabi/12.2.1/thumb/v6-m/nofp\libg.a(libc_a-mallocr.o)
 .data.__malloc_trim_threshold
                0x00000000        0x4 e:/program/arm-gnu-toolchain/bin/../lib/gcc/arm-none-eabi/12.2.1/thumb/v6-m/nofp\libg.a(libc_a-mallocr.o)
 .data.__malloc_av_
                0x00000000      0x408 e:/program/arm-gnu-toolchain/bin/../lib/gcc/arm-none-eabi/12.2.1/thumb/v6-m/nofp\libg.a(libc_a-mallocr.o)
 .debug_frame   0x00000000       0x3c e:/program/arm-gnu-toolchain/bin/../lib/gcc/arm-none-eabi/12.2.1/thumb/v6-m/nofp\libg.a(libc_a-mallocr.o)
 .ARM.attributes
                0x00000000       0x2c e:/program/arm-gnu-toolchain/bin/../lib/gcc/arm-none-eabi/12.2.1/thumb/v6-m/nofp\libg.a(libc_a-mallocr.o)
 .text          0x00000000        0x0 e:/program/arm-gnu-toolchain/bin/../lib/gcc/arm-none-eabi/12.2.1/thumb/v6-m/nofp\libg.a(libc_a-mlock.o)
 .data          0x00000000        0x0 e:/program/arm-gnu-toolchain/bin/../lib/gcc/arm-none-eabi/12.2.1/thumb/v6-m/nofp\libg.a(libc_a-mlock.o)
 .bss           0x00000000        0x0 e:/program/arm-gnu-toolchain/bin/../lib/gcc/arm-none-eabi/12.2.1/thumb/v6-m/nofp\libg.a(libc_a-mlock.o)
 .text.__malloc_lock
                0x00000000       0x10 e:/program/arm-gnu-toolchain/bin/../lib/gcc/arm-none-eabi/12.2.1/thumb/v6-m/nofp\libg.a(libc_a-mlock.o)
 .text.__malloc_unlock
                0x00000000       0x10 e:/program/arm-gnu-toolchain/bin/../lib/gcc/arm-none-eabi/12.2.1/thumb/v6-m/nofp\libg.a(libc_a-mlock.o)
 .debug_frame   0x00000000       0x40 e:/program/arm-gnu-toolchain/bin/../lib/gcc/arm-none-eabi/12.2.1/thumb/v6-m/nofp\libg.a(libc_a-mlock.o)
 .ARM.attributes
                0x00000000       0x2c e:/program/arm-gnu-toolchain/bin/../lib/gcc/arm-none-eabi/12.2.1/thumb/v6-m/nofp\libg.a(libc_a-mlock.o)
 .text          0x00000000        0x0 e:/program/arm-gnu-toolchain/bin/../lib/gcc/arm-none-eabi/12.2.1/thumb/v6-m/nofp\libg.a(libc_a-fclose.o)
 .data          0x00000000        0x0 e:/program/arm-gnu-toolchain/bin/../lib/gcc/arm-none-eabi/12.2.1/thumb/v6-m/nofp\libg.a(libc_a-fclose.o)
 .bss           0x00000000        0x0 e:/program/arm-gnu-toolchain/bin/../lib/gcc/arm-none-eabi/12.2.1/thumb/v6-m/nofp\libg.a(libc_a-fclose.o)
 .text._fclose_r
                0x00000000       0xd0 e:/program/arm-gnu-toolchain/bin/../lib/gcc/arm-none-eabi/12.2.1/thumb/v6-m/nofp\libg.a(libc_a-fclose.o)
 .text.fclose   0x00000000       0x14 e:/program/arm-gnu-toolchain/bin/../lib/gcc/arm-none-eabi/12.2.1/thumb/v6-m/nofp\libg.a(libc_a-fclose.o)
 .debug_frame   0x00000000       0x44 e:/program/arm-gnu-toolchain/bin/../lib/gcc/arm-none-eabi/12.2.1/thumb/v6-m/nofp\libg.a(libc_a-fclose.o)
 .ARM.attributes
                0x00000000       0x2c e:/program/arm-gnu-toolchain/bin/../lib/gcc/arm-none-eabi/12.2.1/thumb/v6-m/nofp\libg.a(libc_a-fclose.o)
 .text          0x00000000        0x0 e:/program/arm-gnu-toolchain/bin/../lib/gcc/arm-none-eabi/12.2.1/thumb/v6-m/nofp\libg.a(libc_a-fflush.o)
 .data          0x00000000        0x0 e:/program/arm-gnu-toolchain/bin/../lib/gcc/arm-none-eabi/12.2.1/thumb/v6-m/nofp\libg.a(libc_a-fflush.o)
 .bss           0x00000000        0x0 e:/program/arm-gnu-toolchain/bin/../lib/gcc/arm-none-eabi/12.2.1/thumb/v6-m/nofp\libg.a(libc_a-fflush.o)
 .text.__sflush_r
                0x00000000      0x148 e:/program/arm-gnu-toolchain/bin/../lib/gcc/arm-none-eabi/12.2.1/thumb/v6-m/nofp\libg.a(libc_a-fflush.o)
 .text._fflush_r
                0x00000000       0x68 e:/program/arm-gnu-toolchain/bin/../lib/gcc/arm-none-eabi/12.2.1/thumb/v6-m/nofp\libg.a(libc_a-fflush.o)
 .text.fflush   0x00000000       0x7c e:/program/arm-gnu-toolchain/bin/../lib/gcc/arm-none-eabi/12.2.1/thumb/v6-m/nofp\libg.a(libc_a-fflush.o)
 .debug_frame   0x00000000       0x6c e:/program/arm-gnu-toolchain/bin/../lib/gcc/arm-none-eabi/12.2.1/thumb/v6-m/nofp\libg.a(libc_a-fflush.o)
 .ARM.attributes
                0x00000000       0x2c e:/program/arm-gnu-toolchain/bin/../lib/gcc/arm-none-eabi/12.2.1/thumb/v6-m/nofp\libg.a(libc_a-fflush.o)
 .text          0x00000000        0x0 e:/program/arm-gnu-toolchain/bin/../lib/gcc/arm-none-eabi/12.2.1/thumb/v6-m/nofp\libg.a(libc_a-sbrkr.o)
 .data          0x00000000        0x0 e:/program/arm-gnu-toolchain/bin/../lib/gcc/arm-none-eabi/12.2.1/thumb/v6-m/nofp\libg.a(libc_a-sbrkr.o)
 .bss           0x00000000        0x0 e:/program/arm-gnu-toolchain/bin/../lib/gcc/arm-none-eabi/12.2.1/thumb/v6-m/nofp\libg.a(libc_a-sbrkr.o)
 .text._sbrk_r  0x00000000       0x24 e:/program/arm-gnu-toolchain/bin/../lib/gcc/arm-none-eabi/12.2.1/thumb/v6-m/nofp\libg.a(libc_a-sbrkr.o)
 .debug_frame   0x00000000       0x2c e:/program/arm-gnu-toolchain/bin/../lib/gcc/arm-none-eabi/12.2.1/thumb/v6-m/nofp\libg.a(libc_a-sbrkr.o)
 .ARM.attributes
                0x00000000       0x2c e:/program/arm-gnu-toolchain/bin/../lib/gcc/arm-none-eabi/12.2.1/thumb/v6-m/nofp\libg.a(libc_a-sbrkr.o)
 .text          0x00000000        0x0 e:/program/arm-gnu-toolchain/bin/../lib/gcc/arm-none-eabi/12.2.1/thumb/v6-m/nofp\libg.a(libc_a-fini.o)
 .data          0x00000000        0x0 e:/program/arm-gnu-toolchain/bin/../lib/gcc/arm-none-eabi/12.2.1/thumb/v6-m/nofp\libg.a(libc_a-fini.o)
 .bss           0x00000000        0x0 e:/program/arm-gnu-toolchain/bin/../lib/gcc/arm-none-eabi/12.2.1/thumb/v6-m/nofp\libg.a(libc_a-fini.o)
 .text.__libc_fini_array
                0x00000000       0x28 e:/program/arm-gnu-toolchain/bin/../lib/gcc/arm-none-eabi/12.2.1/thumb/v6-m/nofp\libg.a(libc_a-fini.o)
 .debug_frame   0x00000000       0x2c e:/program/arm-gnu-toolchain/bin/../lib/gcc/arm-none-eabi/12.2.1/thumb/v6-m/nofp\libg.a(libc_a-fini.o)
 .ARM.attributes
                0x00000000       0x2c e:/program/arm-gnu-toolchain/bin/../lib/gcc/arm-none-eabi/12.2.1/thumb/v6-m/nofp\libg.a(libc_a-fini.o)
 .text          0x00000000        0x0 e:/program/arm-gnu-toolchain/bin/../lib/gcc/arm-none-eabi/12.2.1/thumb/v6-m/nofp\libg.a(libc_a-sysconf.o)
 .data          0x00000000        0x0 e:/program/arm-gnu-toolchain/bin/../lib/gcc/arm-none-eabi/12.2.1/thumb/v6-m/nofp\libg.a(libc_a-sysconf.o)
 .bss           0x00000000        0x0 e:/program/arm-gnu-toolchain/bin/../lib/gcc/arm-none-eabi/12.2.1/thumb/v6-m/nofp\libg.a(libc_a-sysconf.o)
 .text.sysconf  0x00000000       0x1c e:/program/arm-gnu-toolchain/bin/../lib/gcc/arm-none-eabi/12.2.1/thumb/v6-m/nofp\libg.a(libc_a-sysconf.o)
 .debug_frame   0x00000000       0x28 e:/program/arm-gnu-toolchain/bin/../lib/gcc/arm-none-eabi/12.2.1/thumb/v6-m/nofp\libg.a(libc_a-sysconf.o)
 .ARM.attributes
                0x00000000       0x2c e:/program/arm-gnu-toolchain/bin/../lib/gcc/arm-none-eabi/12.2.1/thumb/v6-m/nofp\libg.a(libc_a-sysconf.o)
 .text          0x00000000        0x0 e:/program/arm-gnu-toolchain/bin/../lib/gcc/arm-none-eabi/12.2.1/thumb/v6-m/nofp\libg.a(libc_a-__atexit.o)
 .data          0x00000000        0x0 e:/program/arm-gnu-toolchain/bin/../lib/gcc/arm-none-eabi/12.2.1/thumb/v6-m/nofp\libg.a(libc_a-__atexit.o)
 .bss           0x00000000        0x0 e:/program/arm-gnu-toolchain/bin/../lib/gcc/arm-none-eabi/12.2.1/thumb/v6-m/nofp\libg.a(libc_a-__atexit.o)
 .text.__register_exitproc
                0x00000000       0xa0 e:/program/arm-gnu-toolchain/bin/../lib/gcc/arm-none-eabi/12.2.1/thumb/v6-m/nofp\libg.a(libc_a-__atexit.o)
 .bss.__atexit0
                0x00000000      0x190 e:/program/arm-gnu-toolchain/bin/../lib/gcc/arm-none-eabi/12.2.1/thumb/v6-m/nofp\libg.a(libc_a-__atexit.o)
 .debug_frame   0x00000000       0x38 e:/program/arm-gnu-toolchain/bin/../lib/gcc/arm-none-eabi/12.2.1/thumb/v6-m/nofp\libg.a(libc_a-__atexit.o)
 .ARM.attributes
                0x00000000       0x2c e:/program/arm-gnu-toolchain/bin/../lib/gcc/arm-none-eabi/12.2.1/thumb/v6-m/nofp\libg.a(libc_a-__atexit.o)
 .text          0x00000000        0x0 e:/program/arm-gnu-toolchain/bin/../lib/gcc/arm-none-eabi/12.2.1/thumb/v6-m/nofp\libg.a(libc_a-errno.o)
 .data          0x00000000        0x0 e:/program/arm-gnu-toolchain/bin/../lib/gcc/arm-none-eabi/12.2.1/thumb/v6-m/nofp\libg.a(libc_a-errno.o)
 .bss           0x00000000        0x0 e:/program/arm-gnu-toolchain/bin/../lib/gcc/arm-none-eabi/12.2.1/thumb/v6-m/nofp\libg.a(libc_a-errno.o)
 .text.__errno  0x00000000        0xc e:/program/arm-gnu-toolchain/bin/../lib/gcc/arm-none-eabi/12.2.1/thumb/v6-m/nofp\libg.a(libc_a-errno.o)
 .debug_frame   0x00000000       0x20 e:/program/arm-gnu-toolchain/bin/../lib/gcc/arm-none-eabi/12.2.1/thumb/v6-m/nofp\libg.a(libc_a-errno.o)
 .ARM.attributes
                0x00000000       0x2c e:/program/arm-gnu-toolchain/bin/../lib/gcc/arm-none-eabi/12.2.1/thumb/v6-m/nofp\libg.a(libc_a-errno.o)
 .text          0x00000000      0x114 e:/program/arm-gnu-toolchain/bin/../lib/gcc/arm-none-eabi/12.2.1/thumb/v6-m/nofp\libgcc.a(_udivsi3.o)
 .data          0x00000000        0x0 e:/program/arm-gnu-toolchain/bin/../lib/gcc/arm-none-eabi/12.2.1/thumb/v6-m/nofp\libgcc.a(_udivsi3.o)
 .bss           0x00000000        0x0 e:/program/arm-gnu-toolchain/bin/../lib/gcc/arm-none-eabi/12.2.1/thumb/v6-m/nofp\libgcc.a(_udivsi3.o)
 .debug_frame   0x00000000       0x20 e:/program/arm-gnu-toolchain/bin/../lib/gcc/arm-none-eabi/12.2.1/thumb/v6-m/nofp\libgcc.a(_udivsi3.o)
 .debug_line_str
                0x00000000       0xc9 e:/program/arm-gnu-toolchain/bin/../lib/gcc/arm-none-eabi/12.2.1/thumb/v6-m/nofp\libgcc.a(_udivsi3.o)
 .ARM.attributes
                0x00000000       0x1e e:/program/arm-gnu-toolchain/bin/../lib/gcc/arm-none-eabi/12.2.1/thumb/v6-m/nofp\libgcc.a(_udivsi3.o)
 .text          0x00000000        0x4 e:/program/arm-gnu-toolchain/bin/../lib/gcc/arm-none-eabi/12.2.1/thumb/v6-m/nofp\libgcc.a(_dvmd_tls.o)
 .data          0x00000000        0x0 e:/program/arm-gnu-toolchain/bin/../lib/gcc/arm-none-eabi/12.2.1/thumb/v6-m/nofp\libgcc.a(_dvmd_tls.o)
 .bss           0x00000000        0x0 e:/program/arm-gnu-toolchain/bin/../lib/gcc/arm-none-eabi/12.2.1/thumb/v6-m/nofp\libgcc.a(_dvmd_tls.o)
 .debug_line_str
                0x00000000       0xc9 e:/program/arm-gnu-toolchain/bin/../lib/gcc/arm-none-eabi/12.2.1/thumb/v6-m/nofp\libgcc.a(_dvmd_tls.o)
 .ARM.attributes
                0x00000000       0x1e e:/program/arm-gnu-toolchain/bin/../lib/gcc/arm-none-eabi/12.2.1/thumb/v6-m/nofp\libgcc.a(_dvmd_tls.o)
 .text          0x00000000        0x0 e:/program/arm-gnu-toolchain/bin/../lib/gcc/arm-none-eabi/12.2.1/thumb/v6-m/nofp/crtend.o
 .data          0x00000000        0x0 e:/program/arm-gnu-toolchain/bin/../lib/gcc/arm-none-eabi/12.2.1/thumb/v6-m/nofp/crtend.o
 .bss           0x00000000        0x0 e:/program/arm-gnu-toolchain/bin/../lib/gcc/arm-none-eabi/12.2.1/thumb/v6-m/nofp/crtend.o
 .rodata.all_implied_fbits
                0x00000000       0x24 e:/program/arm-gnu-toolchain/bin/../lib/gcc/arm-none-eabi/12.2.1/thumb/v6-m/nofp/crtend.o
 .eh_frame      0x00000000        0x4 e:/program/arm-gnu-toolchain/bin/../lib/gcc/arm-none-eabi/12.2.1/thumb/v6-m/nofp/crtend.o
 .tm_clone_table
                0x00000000        0x0 e:/program/arm-gnu-toolchain/bin/../lib/gcc/arm-none-eabi/12.2.1/thumb/v6-m/nofp/crtend.o
 .ARM.attributes
                0x00000000       0x2c e:/program/arm-gnu-toolchain/bin/../lib/gcc/arm-none-eabi/12.2.1/thumb/v6-m/nofp/crtend.o
 .text          0x00000000        0x0 e:/program/arm-gnu-toolchain/bin/../lib/gcc/arm-none-eabi/12.2.1/thumb/v6-m/nofp/crtn.o
 .data          0x00000000        0x0 e:/program/arm-gnu-toolchain/bin/../lib/gcc/arm-none-eabi/12.2.1/thumb/v6-m/nofp/crtn.o
 .bss           0x00000000        0x0 e:/program/arm-gnu-toolchain/bin/../lib/gcc/arm-none-eabi/12.2.1/thumb/v6-m/nofp/crtn.o
 .init          0x00000000        0x8 e:/program/arm-gnu-toolchain/bin/../lib/gcc/arm-none-eabi/12.2.1/thumb/v6-m/nofp/crtn.o
 .fini          0x00000000        0x8 e:/program/arm-gnu-toolchain/bin/../lib/gcc/arm-none-eabi/12.2.1/thumb/v6-m/nofp/crtn.o
 .ARM.attributes
                0x00000000       0x1e e:/program/arm-gnu-toolchain/bin/../lib/gcc/arm-none-eabi/12.2.1/thumb/v6-m/nofp/crtn.o

Memory Configuration

Name             Origin             Length             Attributes
ROM              0x00002000         0x0003e000         xr
RAM              0x20000000         0x00008000         xrw
*default*        0x00000000         0xffffffff

Linker script and memory map

LOAD e:/program/arm-gnu-toolchain/bin/../lib/gcc/arm-none-eabi/12.2.1/thumb/v6-m/nofp/crti.o
LOAD e:/program/arm-gnu-toolchain/bin/../lib/gcc/arm-none-eabi/12.2.1/thumb/v6-m/nofp/crtbegin.o
LOAD e:/program/arm-gnu-toolchain/bin/../lib/gcc/arm-none-eabi/12.2.1/thumb/v6-m/nofp/crt0.o
LOAD C:\Users\ogney\AppData\Local\Temp\ccW7k94H.o
START GROUP
LOAD e:/program/arm-gnu-toolchain/bin/../lib/gcc/arm-none-eabi/12.2.1/thumb/v6-m/nofp\libgcc.a
LOAD e:/program/arm-gnu-toolchain/bin/../lib/gcc/arm-none-eabi/12.2.1/thumb/v6-m/nofp\libg.a
LOAD e:/program/arm-gnu-toolchain/bin/../lib/gcc/arm-none-eabi/12.2.1/thumb/v6-m/nofp\libc.a
END GROUP
LOAD e:/program/arm-gnu-toolchain/bin/../lib/gcc/arm-none-eabi/12.2.1/thumb/v6-m/nofp/crtend.o
LOAD e:/program/arm-gnu-toolchain/bin/../lib/gcc/arm-none-eabi/12.2.1/thumb/v6-m/nofp/crtn.o

.isr_vector     0x00002000        0x8
 *(.isr_vector)
 .isr_vector    0x00002000        0x8 C:\Users\ogney\AppData\Local\Temp\ccW7k94H.o
                0x00002000                isr_vector

.text           0x00002008       0x54
 *(.text*)
 .text.Reset_Handler
                0x00002008        0xe C:\Users\ogney\AppData\Local\Temp\ccW7k94H.o
                0x00002008                Reset_Handler
 *fill*         0x00002016        0x2 
 .text.main     0x00002018       0x14 C:\Users\ogney\AppData\Local\Temp\ccW7k94H.o
                0x00002018                main
 .text.delay    0x0000202c       0x30 C:\Users\ogney\AppData\Local\Temp\ccW7k94H.o
                0x0000202c                delay
                0x20008000                PROVIDE (__StackTop = (ORIGIN (RAM) + LENGTH (RAM)))
OUTPUT(main.elf elf32-littlearm)
LOAD linker stubs

.glue_7         0x0000205c        0x0
 .glue_7        0x0000205c        0x0 linker stubs

.glue_7t        0x0000205c        0x0
 .glue_7t       0x0000205c        0x0 linker stubs

.vfp11_veneer   0x0000205c        0x0
 .vfp11_veneer  0x0000205c        0x0 linker stubs

.v4_bx          0x0000205c        0x0
 .v4_bx         0x0000205c        0x0 linker stubs

.init           0x0000205c        0x4
 .init          0x0000205c        0x4 e:/program/arm-gnu-toolchain/bin/../lib/gcc/arm-none-eabi/12.2.1/thumb/v6-m/nofp/crti.o
                0x0000205c                _init

.fini           0x00002060        0x4
 .fini          0x00002060        0x4 e:/program/arm-gnu-toolchain/bin/../lib/gcc/arm-none-eabi/12.2.1/thumb/v6-m/nofp/crti.o
                0x00002060                _fini

.iplt           0x00002064        0x0
 .iplt          0x00002064        0x0 C:\Users\ogney\AppData\Local\Temp\ccW7k94H.o

.rel.dyn        0x00002064        0x0
 .rel.iplt      0x00002064        0x0 C:\Users\ogney\AppData\Local\Temp\ccW7k94H.o

.data.delay_ms  0x00002064        0x2
 .data.delay_ms
                0x00002064        0x2 C:\Users\ogney\AppData\Local\Temp\ccW7k94H.o
                0x00002064                delay_ms

.igot.plt       0x00002068        0x0
 .igot.plt      0x00002068        0x0 C:\Users\ogney\AppData\Local\Temp\ccW7k94H.o

.ARM.attributes
                0x00000000       0x28
 .ARM.attributes
                0x00000000       0x1e e:/program/arm-gnu-toolchain/bin/../lib/gcc/arm-none-eabi/12.2.1/thumb/v6-m/nofp/crti.o
 .ARM.attributes
                0x0000001e       0x2c C:\Users\ogney\AppData\Local\Temp\ccW7k94H.o

.comment        0x00000000       0x45
 .comment       0x00000000       0x45 C:\Users\ogney\AppData\Local\Temp\ccW7k94H.o
                                 0x46 (size before relaxing)

.debug_info     0x00000000      0x186
 .debug_info    0x00000000      0x186 C:\Users\ogney\AppData\Local\Temp\ccW7k94H.o

.debug_abbrev   0x00000000      0x110
 .debug_abbrev  0x00000000      0x110 C:\Users\ogney\AppData\Local\Temp\ccW7k94H.o

.debug_aranges  0x00000000       0x30
 .debug_aranges
                0x00000000       0x30 C:\Users\ogney\AppData\Local\Temp\ccW7k94H.o

.debug_rnglists
                0x00000000       0x1f
 .debug_rnglists
                0x00000000       0x1f C:\Users\ogney\AppData\Local\Temp\ccW7k94H.o

.debug_line     0x00000000      0x134
 .debug_line    0x00000000      0x134 C:\Users\ogney\AppData\Local\Temp\ccW7k94H.o

.debug_str      0x00000000      0x181
 .debug_str     0x00000000      0x181 C:\Users\ogney\AppData\Local\Temp\ccW7k94H.o
                                0x1c7 (size before relaxing)

.debug_frame    0x00000000       0x68
 .debug_frame   0x00000000       0x68 C:\Users\ogney\AppData\Local\Temp\ccW7k94H.o
