Archive member included to satisfy reference by file (symbol)

e:/program/mounriver/mounriver_studio/toolchain/risc-v embedded gcc/bin/../lib/gcc/riscv-none-embed/8.2.0/rv32ecxw/ilp32e\libgcc.a(save-restore.o)
                              build/main.o (__riscv_save_2)
e:/program/mounriver/mounriver_studio/toolchain/risc-v embedded gcc/bin/../lib/gcc/riscv-none-embed/8.2.0/rv32ecxw/ilp32e\libgcc.a(muldi3.o)
                              build/system_ch32v30x.o (__mulsi3)
e:/program/mounriver/mounriver_studio/toolchain/risc-v embedded gcc/bin/../lib/gcc/riscv-none-embed/8.2.0/rv32ecxw/ilp32e\libgcc.a(div.o)
                              build/ch32v30x_usart.o (__divsi3)
e:/program/mounriver/mounriver_studio/toolchain/risc-v embedded gcc/bin/../lib/gcc/riscv-none-embed/8.2.0/../../../../riscv-none-embed/lib/rv32ecxw/ilp32e\libg_nano.a(lib_a-memset.o)
                              build/main.o (memset)
e:/program/mounriver/mounriver_studio/toolchain/risc-v embedded gcc/bin/../lib/gcc/riscv-none-embed/8.2.0/../../../../riscv-none-embed/lib/rv32ecxw/ilp32e\libg_nano.a(lib_a-printf.o)
                              build/main.o (printf)
e:/program/mounriver/mounriver_studio/toolchain/risc-v embedded gcc/bin/../lib/gcc/riscv-none-embed/8.2.0/../../../../riscv-none-embed/lib/rv32ecxw/ilp32e\libg_nano.a(lib_a-puts.o)
                              build/main.o (puts)
e:/program/mounriver/mounriver_studio/toolchain/risc-v embedded gcc/bin/../lib/gcc/riscv-none-embed/8.2.0/../../../../riscv-none-embed/lib/rv32ecxw/ilp32e\libg_nano.a(lib_a-wbuf.o)
                              e:/program/mounriver/mounriver_studio/toolchain/risc-v embedded gcc/bin/../lib/gcc/riscv-none-embed/8.2.0/../../../../riscv-none-embed/lib/rv32ecxw/ilp32e\libg_nano.a(lib_a-puts.o) (__swbuf_r)
e:/program/mounriver/mounriver_studio/toolchain/risc-v embedded gcc/bin/../lib/gcc/riscv-none-embed/8.2.0/../../../../riscv-none-embed/lib/rv32ecxw/ilp32e\libg_nano.a(lib_a-wsetup.o)
                              e:/program/mounriver/mounriver_studio/toolchain/risc-v embedded gcc/bin/../lib/gcc/riscv-none-embed/8.2.0/../../../../riscv-none-embed/lib/rv32ecxw/ilp32e\libg_nano.a(lib_a-puts.o) (__swsetup_r)
e:/program/mounriver/mounriver_studio/toolchain/risc-v embedded gcc/bin/../lib/gcc/riscv-none-embed/8.2.0/../../../../riscv-none-embed/lib/rv32ecxw/ilp32e\libg_nano.a(lib_a-fflush.o)
                              e:/program/mounriver/mounriver_studio/toolchain/risc-v embedded gcc/bin/../lib/gcc/riscv-none-embed/8.2.0/../../../../riscv-none-embed/lib/rv32ecxw/ilp32e\libg_nano.a(lib_a-wbuf.o) (_fflush_r)
e:/program/mounriver/mounriver_studio/toolchain/risc-v embedded gcc/bin/../lib/gcc/riscv-none-embed/8.2.0/../../../../riscv-none-embed/lib/rv32ecxw/ilp32e\libg_nano.a(lib_a-findfp.o)
                              e:/program/mounriver/mounriver_studio/toolchain/risc-v embedded gcc/bin/../lib/gcc/riscv-none-embed/8.2.0/../../../../riscv-none-embed/lib/rv32ecxw/ilp32e\libg_nano.a(lib_a-printf.o) (__sinit)
e:/program/mounriver/mounriver_studio/toolchain/risc-v embedded gcc/bin/../lib/gcc/riscv-none-embed/8.2.0/../../../../riscv-none-embed/lib/rv32ecxw/ilp32e\libg_nano.a(lib_a-fwalk.o)
                              e:/program/mounriver/mounriver_studio/toolchain/risc-v embedded gcc/bin/../lib/gcc/riscv-none-embed/8.2.0/../../../../riscv-none-embed/lib/rv32ecxw/ilp32e\libg_nano.a(lib_a-findfp.o) (_fwalk)
e:/program/mounriver/mounriver_studio/toolchain/risc-v embedded gcc/bin/../lib/gcc/riscv-none-embed/8.2.0/../../../../riscv-none-embed/lib/rv32ecxw/ilp32e\libg_nano.a(lib_a-impure.o)
                              e:/program/mounriver/mounriver_studio/toolchain/risc-v embedded gcc/bin/../lib/gcc/riscv-none-embed/8.2.0/../../../../riscv-none-embed/lib/rv32ecxw/ilp32e\libg_nano.a(lib_a-fflush.o) (_global_impure_ptr)
e:/program/mounriver/mounriver_studio/toolchain/risc-v embedded gcc/bin/../lib/gcc/riscv-none-embed/8.2.0/../../../../riscv-none-embed/lib/rv32ecxw/ilp32e\libg_nano.a(lib_a-makebuf.o)
                              e:/program/mounriver/mounriver_studio/toolchain/risc-v embedded gcc/bin/../lib/gcc/riscv-none-embed/8.2.0/../../../../riscv-none-embed/lib/rv32ecxw/ilp32e\libg_nano.a(lib_a-wsetup.o) (__smakebuf_r)
e:/program/mounriver/mounriver_studio/toolchain/risc-v embedded gcc/bin/../lib/gcc/riscv-none-embed/8.2.0/../../../../riscv-none-embed/lib/rv32ecxw/ilp32e\libg_nano.a(lib_a-nano-freer.o)
                              e:/program/mounriver/mounriver_studio/toolchain/risc-v embedded gcc/bin/../lib/gcc/riscv-none-embed/8.2.0/../../../../riscv-none-embed/lib/rv32ecxw/ilp32e\libg_nano.a(lib_a-wsetup.o) (_free_r)
e:/program/mounriver/mounriver_studio/toolchain/risc-v embedded gcc/bin/../lib/gcc/riscv-none-embed/8.2.0/../../../../riscv-none-embed/lib/rv32ecxw/ilp32e\libg_nano.a(lib_a-nano-mallocr.o)
[...]
Memory Configuration

Name             Origin             Length             Attributes
FLASH            0x0000000000000000 0x0000000000020000 xr
RAM              0x0000000020000000 0x0000000000008000 xrw
*default*        0x0000000000000000 0xffffffffffffffff

Linker script and memory map

LOAD build/main.o
LOAD build/system_ch32v30x.o
LOAD build/ch32v30x_it.o
LOAD build/core_riscv.o
LOAD build/debug.o
LOAD build/ch32v30x_rcc.o
LOAD build/ch32v30x_usart.o
LOAD build/ch32v30x_gpio.o
LOAD build/ch32v30x_dbgmcu.o
LOAD build/ch32v30x_dma.o
LOAD build/ch32v30x_misc.o
LOAD build/startup_ch32v30x_D8.o
LOAD e:/program/mounriver/mounriver_studio/toolchain/risc-v embedded gcc/bin/../lib/gcc/riscv-none-embed/8.2.0/rv32ecxw/ilp32e\libgcc.a
LOAD e:/program/mounriver/mounriver_studio/toolchain/risc-v embedded gcc/bin/../lib/gcc/riscv-none-embed/8.2.0/../../../../riscv-none-embed/lib/rv32ecxw/ilp32e\libg_nano.a
LOAD e:/program/mounriver/mounriver_studio/toolchain/risc-v embedded gcc/bin/../lib/gcc/riscv-none-embed/8.2.0/../../../../riscv-none-embed/lib/rv32ecxw/ilp32e\libc_nano.a
LOAD e:/program/mounriver/mounriver_studio/toolchain/risc-v embedded gcc/bin/../lib/gcc/riscv-none-embed/8.2.0/rv32ecxw/ilp32e\libgcc.a
START GROUP
LOAD e:/program/mounriver/mounriver_studio/toolchain/risc-v embedded gcc/bin/../lib/gcc/riscv-none-embed/8.2.0/rv32ecxw/ilp32e\libgcc.a
LOAD e:/program/mounriver/mounriver_studio/toolchain/risc-v embedded gcc/bin/../lib/gcc/riscv-none-embed/8.2.0/../../../../riscv-none-embed/lib/rv32ecxw/ilp32e\libc_nano.a
LOAD e:/program/mounriver/mounriver_studio/toolchain/risc-v embedded gcc/bin/../lib/gcc/riscv-none-embed/8.2.0/../../../../riscv-none-embed/lib/rv32ecxw/ilp32e\libnosys.a
END GROUP
START GROUP
LOAD e:/program/mounriver/mounriver_studio/toolchain/risc-v embedded gcc/bin/../lib/gcc/riscv-none-embed/8.2.0/rv32ecxw/ilp32e\libgcc.a
LOAD e:/program/mounriver/mounriver_studio/toolchain/risc-v embedded gcc/bin/../lib/gcc/riscv-none-embed/8.2.0/../../../../riscv-none-embed/lib/rv32ecxw/ilp32e\libc_nano.a
LOAD e:/program/mounriver/mounriver_studio/toolchain/risc-v embedded gcc/bin/../lib/gcc/riscv-none-embed/8.2.0/../../../../riscv-none-embed/lib/rv32ecxw/ilp32e\libnosys.a
END GROUP
                0x0000000000000800                __stack_size = 0x800
                [!provide]                        PROVIDE (_stack_size = __stack_size)

.init           0x0000000000000000       0x38
                0x0000000000000000                _sinit = .
                0x0000000000000000                . = ALIGN (0x4)
 *(SORT_NONE(.init))
 .init          0x0000000000000000       0x38 build/startup_ch32v30x_D8.o
                0x0000000000000000                _start
                0x0000000000000038                . = ALIGN (0x4)
                0x0000000000000038                _einit = .

.vector         0x0000000000000038      0x1c8
 *(.vector)
 .vector        0x0000000000000038      0x1a0 build/startup_ch32v30x_D8.o
                0x0000000000000200                . = ALIGN (0x40)
 *fill*         0x00000000000001d8       0x28 

.text           0x0000000000000200     0x1e7c
                0x0000000000000200                . = ALIGN (0x4)
 *(.text)
 .text          0x0000000000000200       0x14 e:/program/mounriver/mounriver_studio/toolchain/risc-v embedded gcc/bin/../lib/gcc/riscv-none-embed/8.2.0/rv32ecxw/ilp32e\libgcc.a(save-restore.o)
                0x0000000000000200                __riscv_save_1
                0x0000000000000200                __riscv_save_2
                0x0000000000000200                __riscv_save_0
                0x000000000000020a                __riscv_restore_0
                0x000000000000020a                __riscv_restore_1
                0x000000000000020a                __riscv_restore_2
 .text          0x0000000000000214       0x16 e:/program/mounriver/mounriver_studio/toolchain/risc-v embedded gcc/bin/../lib/gcc/riscv-none-embed/8.2.0/rv32ecxw/ilp32e\libgcc.a(muldi3.o)
                0x0000000000000214                __mulsi3
 *fill*         0x000000000000022a        0x2 
 .text          0x000000000000022c       0x7e e:/program/mounriver/mounriver_studio/toolchain/risc-v embedded gcc/bin/../lib/gcc/riscv-none-embed/8.2.0/rv32ecxw/ilp32e\libgcc.a(div.o)
                0x000000000000022c                __divsi3
                0x0000000000000234                __udivsi3
                0x0000000000000260                __umodsi3
                0x0000000000000284                __modsi3
 .text          0x00000000000002aa       0xa8 e:/program/mounriver/mounriver_studio/toolchain/risc-v embedded gcc/bin/../lib/gcc/riscv-none-embed/8.2.0/../../../../riscv-none-embed/lib/rv32ecxw/ilp32e\libg_nano.a(lib_a-memset.o)
                0x00000000000002aa                memset
 *(.text.*)
 .text.GPIOB_Leds_Init
                0x0000000000000352       0x74 build/main.o
                0x0000000000000352                GPIOB_Leds_Init
 .text.Leds_Blink
                0x00000000000003c6       0x30 build/main.o
                0x00000000000003c6                Leds_Blink
 .text.DMA1_CH3_Init
                0x00000000000003f6       0x72 build/main.o
                0x00000000000003f6                DMA1_CH3_Init
 .text.BufCmp   0x0000000000000468       0x1e build/main.o
                0x0000000000000468                BufCmp
 .text.startup.main
                0x0000000000000486       0xd8 build/main.o
                0x0000000000000486                main
 .text.SystemInit
                0x000000000000055e       0xea build/system_ch32v30x.o
                0x000000000000055e                SystemInit
 .text.SystemCoreClockUpdate
                0x0000000000000648       0x96 build/system_ch32v30x.o
                0x0000000000000648                SystemCoreClockUpdate
 .text.NMI_Handler
                0x00000000000006de        0x4 build/ch32v30x_it.o
                0x00000000000006de                NMI_Handler
 .text.HardFault_Handler
                0x00000000000006e2        0x2 build/ch32v30x_it.o
                0x00000000000006e2                HardFault_Handler
 .text.Delay_Init
                0x00000000000006e4       0x30 build/debug.o
                0x00000000000006e4                Delay_Init
 .text.Delay_Ms
                0x0000000000000714       0x3e build/debug.o
                0x0000000000000714                Delay_Ms
 .text.USART_Printf_Init
                0x0000000000000752       0x50 build/debug.o
                0x0000000000000752                USART_Printf_Init
 .text._write   0x00000000000007a2       0x4a build/debug.o
                0x00000000000007a2                _write
 .text._sbrk    0x00000000000007ec       0x2a build/debug.o
                0x00000000000007ec                _sbrk
 .text.RCC_GetClocksFreq
                0x0000000000000816      0x10e build/ch32v30x_rcc.o
                0x0000000000000816                RCC_GetClocksFreq
 .text.RCC_AHBPeriphClockCmd
                0x0000000000000924       0x1e build/ch32v30x_rcc.o
                0x0000000000000924                RCC_AHBPeriphClockCmd
 .text.RCC_APB2PeriphClockCmd
                0x0000000000000942       0x1e build/ch32v30x_rcc.o
                0x0000000000000942                RCC_APB2PeriphClockCmd
 .text.USART_Init
                0x0000000000000960       0xcc build/ch32v30x_usart.o
                0x0000000000000960                USART_Init
 .text.USART_Cmd
                0x0000000000000a2c       0x16 build/ch32v30x_usart.o
                0x0000000000000a2c                USART_Cmd
 .text.USART_SendData
                0x0000000000000a42        0x8 build/ch32v30x_usart.o
                0x0000000000000a42                USART_SendData
 .text.USART_GetFlagStatus
                0x0000000000000a4a        0xa build/ch32v30x_usart.o
                0x0000000000000a4a                USART_GetFlagStatus
 .text.GPIO_Init
                0x0000000000000a54       0xd6 build/ch32v30x_gpio.o
                0x0000000000000a54                GPIO_Init
 .text.DBGMCU_GetCHIPID
                0x0000000000000b2a        0xa build/ch32v30x_dbgmcu.o
                0x0000000000000b2a                DBGMCU_GetCHIPID
 .text.DMA_Init
                0x0000000000000b34       0x38 build/ch32v30x_dma.o
                0x0000000000000b34                DMA_Init
 .text.DMA_StructInit
                0x0000000000000b6c       0x2e build/ch32v30x_dma.o
                0x0000000000000b6c                DMA_StructInit
 .text.DMA_Cmd  0x0000000000000b9a       0x14 build/ch32v30x_dma.o
                0x0000000000000b9a                DMA_Cmd
 .text.DMA_GetFlagStatus
                0x0000000000000bae       0x32 build/ch32v30x_dma.o
                0x0000000000000bae                DMA_GetFlagStatus
 .text.DMA_ClearFlag
                0x0000000000000be0       0x2c build/ch32v30x_dma.o
                0x0000000000000be0                DMA_ClearFlag
 .text.vector_handler
                0x0000000000000c0c       0xaa build/startup_ch32v30x_D8.o
                0x0000000000000c10                Ecall_M_Mode_Handler
                0x0000000000000c12                Ecall_U_Mode_Handler
                0x0000000000000c14                Break_Point_Handler
                0x0000000000000c16                SysTick_Handler
                0x0000000000000c18                SW_Handler
                0x0000000000000c1a                WWDG_IRQHandler
                0x0000000000000c1c                PVD_IRQHandler
                0x0000000000000c1e                TAMPER_IRQHandler
                0x0000000000000c20                RTC_IRQHandler
                0x0000000000000c22                FLASH_IRQHandler
                0x0000000000000c24                RCC_IRQHandler
                0x0000000000000c26                EXTI0_IRQHandler
                0x0000000000000c28                EXTI1_IRQHandler
                0x0000000000000c2a                EXTI2_IRQHandler
                0x0000000000000c2c                EXTI3_IRQHandler
                0x0000000000000c2e                EXTI4_IRQHandler
                0x0000000000000c30                DMA1_Channel1_IRQHandler
                0x0000000000000c32                DMA1_Channel2_IRQHandler
                0x0000000000000c34                DMA1_Channel3_IRQHandler
                0x0000000000000c36                DMA1_Channel4_IRQHandler
                0x0000000000000c38                DMA1_Channel5_IRQHandler
                0x0000000000000c3a                DMA1_Channel6_IRQHandler
                0x0000000000000c3c                DMA1_Channel7_IRQHandler
                0x0000000000000c3e                ADC1_2_IRQHandler
                0x0000000000000c40                USB_HP_CAN1_TX_IRQHandler
                0x0000000000000c42                USB_LP_CAN1_RX0_IRQHandler
                0x0000000000000c44                CAN1_RX1_IRQHandler
                0x0000000000000c46                CAN1_SCE_IRQHandler
                0x0000000000000c48                EXTI9_5_IRQHandler
                0x0000000000000c4a                TIM1_BRK_IRQHandler
                0x0000000000000c4c                TIM1_UP_IRQHandler
                0x0000000000000c4e                TIM1_TRG_COM_IRQHandler
                0x0000000000000c50                TIM1_CC_IRQHandler
                0x0000000000000c52                TIM2_IRQHandler
                0x0000000000000c54                TIM3_IRQHandler
                0x0000000000000c56                TIM4_IRQHandler
                0x0000000000000c58                I2C1_EV_IRQHandler
                0x0000000000000c5a                I2C1_ER_IRQHandler
                0x0000000000000c5c                I2C2_EV_IRQHandler
                0x0000000000000c5e                I2C2_ER_IRQHandler
                0x0000000000000c60                SPI1_IRQHandler
                0x0000000000000c62                SPI2_IRQHandler
                0x0000000000000c64                USART1_IRQHandler
                0x0000000000000c66                USART2_IRQHandler
                0x0000000000000c68                USART3_IRQHandler
                0x0000000000000c6a                EXTI15_10_IRQHandler
                0x0000000000000c6c                RTCAlarm_IRQHandler
                0x0000000000000c6e                TIM8_BRK_IRQHandler
                0x0000000000000c70                TIM8_UP_IRQHandler
                0x0000000000000c72                TIM8_TRG_COM_IRQHandler
                0x0000000000000c74                TIM8_CC_IRQHandler
                0x0000000000000c76                RNG_IRQHandler
                0x0000000000000c78                FSMC_IRQHandler
                0x0000000000000c7a                SDIO_IRQHandler
                0x0000000000000c7c                TIM5_IRQHandler
                0x0000000000000c7e                SPI3_IRQHandler
                0x0000000000000c80                UART4_IRQHandler
                0x0000000000000c82                UART5_IRQHandler
                0x0000000000000c84                TIM6_IRQHandler
                0x0000000000000c86                TIM7_IRQHandler
                0x0000000000000c88                DMA2_Channel1_IRQHandler
                0x0000000000000c8a                DMA2_Channel2_IRQHandler
                0x0000000000000c8c                DMA2_Channel3_IRQHandler
                0x0000000000000c8e                DMA2_Channel4_IRQHandler
                0x0000000000000c90                DMA2_Channel5_IRQHandler
                0x0000000000000c92                OTG_FS_IRQHandler
                0x0000000000000c94                UART6_IRQHandler
                0x0000000000000c96                UART7_IRQHandler
                0x0000000000000c98                UART8_IRQHandler
                0x0000000000000c9a                TIM9_BRK_IRQHandler
                0x0000000000000c9c                TIM9_UP_IRQHandler
                0x0000000000000c9e                TIM9_TRG_COM_IRQHandler
                0x0000000000000ca0                TIM9_CC_IRQHandler
                0x0000000000000ca2                TIM10_BRK_IRQHandler
                0x0000000000000ca4                TIM10_UP_IRQHandler
                0x0000000000000ca6                TIM10_TRG_COM_IRQHandler
                0x0000000000000ca8                TIM10_CC_IRQHandler
                0x0000000000000caa                DMA2_Channel6_IRQHandler
                0x0000000000000cac                DMA2_Channel7_IRQHandler
                0x0000000000000cae                DMA2_Channel8_IRQHandler
                0x0000000000000cb0                DMA2_Channel9_IRQHandler
                0x0000000000000cb2                DMA2_Channel10_IRQHandler
                0x0000000000000cb4                DMA2_Channel11_IRQHandler
 .text.handle_reset
                0x0000000000000cb6       0x8a build/startup_ch32v30x_D8.o
                0x0000000000000cb6                handle_reset
 .text.printf   0x0000000000000d40       0x44 e:/program/mounriver/mounriver_studio/toolchain/risc-v embedded gcc/bin/../lib/gcc/riscv-none-embed/8.2.0/../../../../riscv-none-embed/lib/rv32ecxw/ilp32e\libg_nano.a(lib_a-printf.o)
                0x0000000000000d40                iprintf
                0x0000000000000d40                printf
 .text._puts_r  0x0000000000000d84       0xca e:/program/mounriver/mounriver_studio/toolchain/risc-v embedded gcc/bin/../lib/gcc/riscv-none-embed/8.2.0/../../../../riscv-none-embed/lib/rv32ecxw/ilp32e\libg_nano.a(lib_a-puts.o)
                0x0000000000000d84                _puts_r
 .text.puts     0x0000000000000e4e        0xe e:/program/mounriver/mounriver_studio/toolchain/risc-v embedded gcc/bin/../lib/gcc/riscv-none-embed/8.2.0/../../../../riscv-none-embed/lib/rv32ecxw/ilp32e\libg_nano.a(lib_a-puts.o)
                0x0000000000000e4e                puts
 .text.__swbuf_r
                0x0000000000000e5c       0xc2 e:/program/mounriver/mounriver_studio/toolchain/risc-v embedded gcc/bin/../lib/gcc/riscv-none-embed/8.2.0/../../../../riscv-none-embed/lib/rv32ecxw/ilp32e\libg_nano.a(lib_a-wbuf.o)
                0x0000000000000e5c                __swbuf_r
 .text.__swsetup_r
                0x0000000000000f1e      0x102 e:/program/mounriver/mounriver_studio/toolchain/risc-v embedded gcc/bin/../lib/gcc/riscv-none-embed/8.2.0/../../../../riscv-none-embed/lib/rv32ecxw/ilp32e\libg_nano.a(lib_a-wsetup.o)
                0x0000000000000f1e                __swsetup_r
 .text.__sflush_r
                0x0000000000001020      0x128 e:/program/mounriver/mounriver_studio/toolchain/risc-v embedded gcc/bin/../lib/gcc/riscv-none-embed/8.2.0/../../../../riscv-none-embed/lib/rv32ecxw/ilp32e\libg_nano.a(lib_a-fflush.o)
                0x0000000000001020                __sflush_r
 .text._fflush_r
                0x0000000000001148       0x64 e:/program/mounriver/mounriver_studio/toolchain/risc-v embedded gcc/bin/../lib/gcc/riscv-none-embed/8.2.0/../../../../riscv-none-embed/lib/rv32ecxw/ilp32e\libg_nano.a(lib_a-fflush.o)
                0x0000000000001148                _fflush_r
 .text.std      0x00000000000011ac       0x66 e:/program/mounriver/mounriver_studio/toolchain/risc-v embedded gcc/bin/../lib/gcc/riscv-none-embed/8.2.0/../../../../riscv-none-embed/lib/rv32ecxw/ilp32e\libg_nano.a(lib_a-findfp.o)
 .text._cleanup_r
                0x0000000000001212        0xa e:/program/mounriver/mounriver_studio/toolchain/risc-v embedded gcc/bin/../lib/gcc/riscv-none-embed/8.2.0/../../../../riscv-none-embed/lib/rv32ecxw/ilp32e\libg_nano.a(lib_a-findfp.o)
                0x0000000000001212                _cleanup_r
 .text.__sfmoreglue
                0x000000000000121c       0x48 e:/program/mounriver/mounriver_studio/toolchain/risc-v embedded gcc/bin/../lib/gcc/riscv-none-embed/8.2.0/../../../../riscv-none-embed/lib/rv32ecxw/ilp32e\libg_nano.a(lib_a-findfp.o)
                0x000000000000121c                __sfmoreglue
 .text.__sinit  0x0000000000001264       0x6a e:/program/mounriver/mounriver_studio/toolchain/risc-v embedded gcc/bin/../lib/gcc/riscv-none-embed/8.2.0/../../../../riscv-none-embed/lib/rv32ecxw/ilp32e\libg_nano.a(lib_a-findfp.o)
                0x0000000000001264                __sinit
 .text.__sfp    0x00000000000012ce       0x9e e:/program/mounriver/mounriver_studio/toolchain/risc-v embedded gcc/bin/../lib/gcc/riscv-none-embed/8.2.0/../../../../riscv-none-embed/lib/rv32ecxw/ilp32e\libg_nano.a(lib_a-findfp.o)
                0x00000000000012ce                __sfp
 .text._fwalk_reent
                0x000000000000136c       0x5e e:/program/mounriver/mounriver_studio/toolchain/risc-v embedded gcc/bin/../lib/gcc/riscv-none-embed/8.2.0/../../../../riscv-none-embed/lib/rv32ecxw/ilp32e\libg_nano.a(lib_a-fwalk.o)
                0x000000000000136c                _fwalk_reent
 .text.__swhatbuf_r
                0x00000000000013ca       0x62 e:/program/mounriver/mounriver_studio/toolchain/risc-v embedded gcc/bin/../lib/gcc/riscv-none-embed/8.2.0/../../../../riscv-none-embed/lib/rv32ecxw/ilp32e\libg_nano.a(lib_a-makebuf.o)
                0x00000000000013ca                __swhatbuf_r
 .text.__smakebuf_r
                0x000000000000142c       0x8c e:/program/mounriver/mounriver_studio/toolchain/risc-v embedded gcc/bin/../lib/gcc/riscv-none-embed/8.2.0/../../../../riscv-none-embed/lib/rv32ecxw/ilp32e\libg_nano.a(lib_a-makebuf.o)
                0x000000000000142c                __smakebuf_r
 .text._free_r  0x00000000000014b8       0xb0 e:/program/mounriver/mounriver_studio/toolchain/risc-v embedded gcc/bin/../lib/gcc/riscv-none-embed/8.2.0/../../../../riscv-none-embed/lib/rv32ecxw/ilp32e\libg_nano.a(lib_a-nano-freer.o)
                0x00000000000014b8                _free_r
 .text._malloc_r
                0x0000000000001568       0xda e:/program/mounriver/mounriver_studio/toolchain/risc-v embedded gcc/bin/../lib/gcc/riscv-none-embed/8.2.0/../../../../riscv-none-embed/lib/rv32ecxw/ilp32e\libg_nano.a(lib_a-nano-mallocr.o)
                0x0000000000001568                _malloc_r
 .text.__sfputc_r
                0x0000000000001642       0x28 e:/program/mounriver/mounriver_studio/toolchain/risc-v embedded gcc/bin/../lib/gcc/riscv-none-embed/8.2.0/../../../../riscv-none-embed/lib/rv32ecxw/ilp32e\libg_nano.a(lib_a-nano-vfprintf.o)
 .text.__sfputs_r
                0x000000000000166a       0x3c e:/program/mounriver/mounriver_studio/toolchain/risc-v embedded gcc/bin/../lib/gcc/riscv-none-embed/8.2.0/../../../../riscv-none-embed/lib/rv32ecxw/ilp32e\libg_nano.a(lib_a-nano-vfprintf.o)
                0x000000000000166a                __sfputs_r
 .text._vfprintf_r
                0x00000000000016a6      0x2a6 e:/program/mounriver/mounriver_studio/toolchain/risc-v embedded gcc/bin/../lib/gcc/riscv-none-embed/8.2.0/../../../../riscv-none-embed/lib/rv32ecxw/ilp32e\libg_nano.a(lib_a-nano-vfprintf.o)
                0x00000000000016a6                _vfprintf_r
                0x00000000000016a6                _vfiprintf_r
 .text._printf_common
                0x000000000000194c      0x12c e:/program/mounriver/mounriver_studio/toolchain/risc-v embedded gcc/bin/../lib/gcc/riscv-none-embed/8.2.0/../../../../riscv-none-embed/lib/rv32ecxw/ilp32e\libg_nano.a(lib_a-nano-vfprintf_i.o)
                0x000000000000194c                _printf_common
 .text._printf_i
                0x0000000000001a78      0x2b8 e:/program/mounriver/mounriver_studio/toolchain/risc-v embedded gcc/bin/../lib/gcc/riscv-none-embed/8.2.0/../../../../riscv-none-embed/lib/rv32ecxw/ilp32e\libg_nano.a(lib_a-nano-vfprintf_i.o)
                0x0000000000001a78                _printf_i
 .text._sbrk_r  0x0000000000001d30       0x2a e:/program/mounriver/mounriver_studio/toolchain/risc-v embedded gcc/bin/../lib/gcc/riscv-none-embed/8.2.0/../../../../riscv-none-embed/lib/rv32ecxw/ilp32e\libg_nano.a(lib_a-sbrkr.o)
                0x0000000000001d30                _sbrk_r
 .text.__sread  0x0000000000001d5a       0x2c e:/program/mounriver/mounriver_studio/toolchain/risc-v embedded gcc/bin/../lib/gcc/riscv-none-embed/8.2.0/../../../../riscv-none-embed/lib/rv32ecxw/ilp32e\libg_nano.a(lib_a-stdio.o)
                0x0000000000001d5a                __sread
 .text.__swrite
                0x0000000000001d86       0x48 e:/program/mounriver/mounriver_studio/toolchain/risc-v embedded gcc/bin/../lib/gcc/riscv-none-embed/8.2.0/../../../../riscv-none-embed/lib/rv32ecxw/ilp32e\libg_nano.a(lib_a-stdio.o)
                0x0000000000001d86                __swrite
 .text.__sseek  0x0000000000001dce       0x30 e:/program/mounriver/mounriver_studio/toolchain/risc-v embedded gcc/bin/../lib/gcc/riscv-none-embed/8.2.0/../../../../riscv-none-embed/lib/rv32ecxw/ilp32e\libg_nano.a(lib_a-stdio.o)
                0x0000000000001dce                __sseek
 .text.__sclose
                0x0000000000001dfe        0x6 e:/program/mounriver/mounriver_studio/toolchain/risc-v embedded gcc/bin/../lib/gcc/riscv-none-embed/8.2.0/../../../../riscv-none-embed/lib/rv32ecxw/ilp32e\libg_nano.a(lib_a-stdio.o)
                0x0000000000001dfe                __sclose
 .text._write_r
                0x0000000000001e04       0x2e e:/program/mounriver/mounriver_studio/toolchain/risc-v embedded gcc/bin/../lib/gcc/riscv-none-embed/8.2.0/../../../../riscv-none-embed/lib/rv32ecxw/ilp32e\libg_nano.a(lib_a-writer.o)
                0x0000000000001e04                _write_r
 .text._close_r
                0x0000000000001e32       0x28 e:/program/mounriver/mounriver_studio/toolchain/risc-v embedded gcc/bin/../lib/gcc/riscv-none-embed/8.2.0/../../../../riscv-none-embed/lib/rv32ecxw/ilp32e\libg_nano.a(lib_a-closer.o)
                0x0000000000001e32                _close_r
 .text._fstat_r
                0x0000000000001e5a       0x2a e:/program/mounriver/mounriver_studio/toolchain/risc-v embedded gcc/bin/../lib/gcc/riscv-none-embed/8.2.0/../../../../riscv-none-embed/lib/rv32ecxw/ilp32e\libg_nano.a(lib_a-fstatr.o)
                0x0000000000001e5a                _fstat_r
 .text._isatty_r
                0x0000000000001e84       0x28 e:/program/mounriver/mounriver_studio/toolchain/risc-v embedded gcc/bin/../lib/gcc/riscv-none-embed/8.2.0/../../../../riscv-none-embed/lib/rv32ecxw/ilp32e\libg_nano.a(lib_a-isattyr.o)
                0x0000000000001e84                _isatty_r
 .text._lseek_r
                0x0000000000001eac       0x2c e:/program/mounriver/mounriver_studio/toolchain/risc-v embedded gcc/bin/../lib/gcc/riscv-none-embed/8.2.0/../../../../riscv-none-embed/lib/rv32ecxw/ilp32e\libg_nano.a(lib_a-lseekr.o)
                0x0000000000001eac                _lseek_r
 .text.memchr   0x0000000000001ed8       0x18 e:/program/mounriver/mounriver_studio/toolchain/risc-v embedded gcc/bin/../lib/gcc/riscv-none-embed/8.2.0/../../../../riscv-none-embed/lib/rv32ecxw/ilp32e\libg_nano.a(lib_a-memchr.o)
                0x0000000000001ed8                memchr
 .text.__malloc_lock
                0x0000000000001ef0        0x2 e:/program/mounriver/mounriver_studio/toolchain/risc-v embedded gcc/bin/../lib/gcc/riscv-none-embed/8.2.0/../../../../riscv-none-embed/lib/rv32ecxw/ilp32e\libg_nano.a(lib_a-mlock.o)
                0x0000000000001ef0                __malloc_lock
 .text.__malloc_unlock
                0x0000000000001ef2        0x2 e:/program/mounriver/mounriver_studio/toolchain/risc-v embedded gcc/bin/../lib/gcc/riscv-none-embed/8.2.0/../../../../riscv-none-embed/lib/rv32ecxw/ilp32e\libg_nano.a(lib_a-mlock.o)
                0x0000000000001ef2                __malloc_unlock
 .text._read_r  0x0000000000001ef4       0x2c e:/program/mounriver/mounriver_studio/toolchain/risc-v embedded gcc/bin/../lib/gcc/riscv-none-embed/8.2.0/../../../../riscv-none-embed/lib/rv32ecxw/ilp32e\libg_nano.a(lib_a-readr.o)
                0x0000000000001ef4                _read_r
 .text._close   0x0000000000001f20        0xc e:/program/mounriver/mounriver_studio/toolchain/risc-v embedded gcc/bin/../lib/gcc/riscv-none-embed/8.2.0/../../../../riscv-none-embed/lib/rv32ecxw/ilp32e\libnosys.a(close.o)
                0x0000000000001f20                _close
 .text._fstat   0x0000000000001f2c        0xc e:/program/mounriver/mounriver_studio/toolchain/risc-v embedded gcc/bin/../lib/gcc/riscv-none-embed/8.2.0/../../../../riscv-none-embed/lib/rv32ecxw/ilp32e\libnosys.a(fstat.o)
                0x0000000000001f2c                _fstat
 .text._isatty  0x0000000000001f38        0xc e:/program/mounriver/mounriver_studio/toolchain/risc-v embedded gcc/bin/../lib/gcc/riscv-none-embed/8.2.0/../../../../riscv-none-embed/lib/rv32ecxw/ilp32e\libnosys.a(isatty.o)
                0x0000000000001f38                _isatty
 .text._lseek   0x0000000000001f44        0xc e:/program/mounriver/mounriver_studio/toolchain/risc-v embedded gcc/bin/../lib/gcc/riscv-none-embed/8.2.0/../../../../riscv-none-embed/lib/rv32ecxw/ilp32e\libnosys.a(lseek.o)
                0x0000000000001f44                _lseek
 .text._read    0x0000000000001f50        0xc e:/program/mounriver/mounriver_studio/toolchain/risc-v embedded gcc/bin/../lib/gcc/riscv-none-embed/8.2.0/../../../../riscv-none-embed/lib/rv32ecxw/ilp32e\libnosys.a(read.o)
                0x0000000000001f50                _read
 *(.rodata)
 *(.rodata*)
 *fill*         0x0000000000001f5c        0x0 
 .rodata.main.str1.4
                0x0000000000001f5c       0x82 build/main.o
 *fill*         0x0000000000001fde        0x2 
 .rodata.__sf_fake_stderr
                0x0000000000001fe0       0x20 e:/program/mounriver/mounriver_studio/toolchain/risc-v embedded gcc/bin/../lib/gcc/riscv-none-embed/8.2.0/../../../../riscv-none-embed/lib/rv32ecxw/ilp32e\libg_nano.a(lib_a-findfp.o)
                0x0000000000001fe0                __sf_fake_stderr
 .rodata.__sf_fake_stdin
                0x0000000000002000       0x20 e:/program/mounriver/mounriver_studio/toolchain/risc-v embedded gcc/bin/../lib/gcc/riscv-none-embed/8.2.0/../../../../riscv-none-embed/lib/rv32ecxw/ilp32e\libg_nano.a(lib_a-findfp.o)
                0x0000000000002000                __sf_fake_stdin
 .rodata.__sf_fake_stdout
                0x0000000000002020       0x20 e:/program/mounriver/mounriver_studio/toolchain/risc-v embedded gcc/bin/../lib/gcc/riscv-none-embed/8.2.0/../../../../riscv-none-embed/lib/rv32ecxw/ilp32e\libg_nano.a(lib_a-findfp.o)
                0x0000000000002020                __sf_fake_stdout
 .rodata._vfprintf_r.str1.4
                0x0000000000002040       0x13 e:/program/mounriver/mounriver_studio/toolchain/risc-v embedded gcc/bin/../lib/gcc/riscv-none-embed/8.2.0/../../../../riscv-none-embed/lib/rv32ecxw/ilp32e\libg_nano.a(lib_a-nano-vfprintf.o)
 *fill*         0x0000000000002053        0x1 
 .rodata._printf_i.str1.4
                0x0000000000002054       0x28 e:/program/mounriver/mounriver_studio/toolchain/risc-v embedded gcc/bin/../lib/gcc/riscv-none-embed/8.2.0/../../../../riscv-none-embed/lib/rv32ecxw/ilp32e\libg_nano.a(lib_a-nano-vfprintf_i.o)
                                         0x25 (size before relaxing)
 *(.gnu.linkonce.t.*)
                0x000000000000207c                . = ALIGN (0x4)

.rela.dyn       0x000000000000207c        0x0
 .rela.text._sbrk
                0x000000000000207c        0x0 build/main.o
 .rela.data.curbrk.5174
                0x000000000000207c        0x0 build/main.o
 .rela.init     0x000000000000207c        0x0 build/main.o
 .rela.vector   0x000000000000207c        0x0 build/main.o
 .rela.text.handle_reset
                0x000000000000207c        0x0 build/main.o
 .rela.text._vfprintf_r
                0x000000000000207c        0x0 build/main.o
 .rela.text._sbrk_r
                0x000000000000207c        0x0 build/main.o
 .rela.text._write_r
                0x000000000000207c        0x0 build/main.o
 .rela.text._close_r
                0x000000000000207c        0x0 build/main.o
 .rela.text._fstat_r
                0x000000000000207c        0x0 build/main.o
 .rela.text._isatty_r
                0x000000000000207c        0x0 build/main.o
 .rela.text._lseek_r
                0x000000000000207c        0x0 build/main.o
 .rela.text._read_r
                0x000000000000207c        0x0 build/main.o
 .rela.text._close
                0x000000000000207c        0x0 build/main.o
 .rela.text._fstat
                0x000000000000207c        0x0 build/main.o
 .rela.text._isatty
                0x000000000000207c        0x0 build/main.o
 .rela.text._lseek
                0x000000000000207c        0x0 build/main.o
 .rela.text._read
                0x000000000000207c        0x0 build/main.o

.fini           0x000000000000207c        0x0
 *(SORT_NONE(.fini))
                0x000000000000207c                . = ALIGN (0x4)
                [!provide]                        PROVIDE (_etext = .)
                [!provide]                        PROVIDE (_eitcm = .)

.preinit_array  0x000000000000207c        0x0
                [!provide]                        PROVIDE (__preinit_array_start = .)
 *(.preinit_array)
                [!provide]                        PROVIDE (__preinit_array_end = .)

.init_array     0x000000000000207c        0x0
                [!provide]                        PROVIDE (__init_array_start = .)
 *(SORT_BY_INIT_PRIORITY(.init_array.*) SORT_BY_INIT_PRIORITY(.ctors.*))
 *(.init_array EXCLUDE_FILE(*crtend?.o *crtend.o *crtbegin?.o *crtbegin.o) .ctors)
                [!provide]                        PROVIDE (__init_array_end = .)

.fini_array     0x000000000000207c        0x0
                [!provide]                        PROVIDE (__fini_array_start = .)
 *(SORT_BY_INIT_PRIORITY(.fini_array.*) SORT_BY_INIT_PRIORITY(.dtors.*))
 *(.fini_array EXCLUDE_FILE(*crtend?.o *crtend.o *crtbegin?.o *crtbegin.o) .dtors)
                [!provide]                        PROVIDE (__fini_array_end = .)

.ctors
 *crtbegin.o(.ctors)
 *crtbegin?.o(.ctors)
 *(EXCLUDE_FILE(*crtend?.o *crtend.o) .ctors)
 *(SORT_BY_NAME(.ctors.*))
 *(.ctors)

.dtors
 *crtbegin.o(.dtors)
 *crtbegin?.o(.dtors)
 *(EXCLUDE_FILE(*crtend?.o *crtend.o) .dtors)
 *(SORT_BY_NAME(.dtors.*))
 *(.dtors)

.dalign         0x0000000020000000        0x0 load address 0x000000000000207c
                0x0000000020000000                . = ALIGN (0x4)
                0x0000000020000000                PROVIDE (_data_vma = .)

.dlalign        0x000000000000207c        0x0
                0x000000000000207c                . = ALIGN (0x4)
                0x000000000000207c                PROVIDE (_data_lma = .)

.data           0x0000000020000000      0x118 load address 0x000000000000207c
 *(.gnu.linkonce.r.*)
 *(.data .data.*)
 .data.SRC_BUF  0x0000000020000000       0x80 build/main.o
                0x0000000020000000                SRC_BUF
 .data.AHBPrescTable
                0x0000000020000080       0x10 build/system_ch32v30x.o
                0x0000000020000080                AHBPrescTable
 .data.SystemCoreClock
                0x0000000020000090        0x4 build/system_ch32v30x.o
                0x0000000020000090                SystemCoreClock
 .data.curbrk.5174
                0x0000000020000094        0x4 build/debug.o
 .data.ADCPrescTable
                0x0000000020000098        0x4 build/ch32v30x_rcc.o
 .data.APBAHBPrescTable
                0x000000002000009c       0x10 build/ch32v30x_rcc.o
 .data.impure_data
                0x00000000200000ac       0x60 e:/program/mounriver/mounriver_studio/toolchain/risc-v embedded gcc/bin/../lib/gcc/riscv-none-embed/8.2.0/../../../../riscv-none-embed/lib/rv32ecxw/ilp32e\libg_nano.a(lib_a-impure.o)
 *(.gnu.linkonce.d.*)
                0x0000000020000110                . = ALIGN (0x8)
 *fill*         0x000000002000010c        0x4 
                0x0000000020000910                PROVIDE (__global_pointer$ = (. + 0x800))
 *(.sdata .sdata.*)
 .sdata._impure_ptr
                0x0000000020000110        0x4 e:/program/mounriver/mounriver_studio/toolchain/risc-v embedded gcc/bin/../lib/gcc/riscv-none-embed/8.2.0/../../../../riscv-none-embed/lib/rv32ecxw/ilp32e\libg_nano.a(lib_a-impure.o)
                0x0000000020000110                _impure_ptr
 *(.sdata2.*)
 .sdata2._global_impure_ptr
                0x0000000020000114        0x4 e:/program/mounriver/mounriver_studio/toolchain/risc-v embedded gcc/bin/../lib/gcc/riscv-none-embed/8.2.0/../../../../riscv-none-embed/lib/rv32ecxw/ilp32e\libg_nano.a(lib_a-impure.o)
                0x0000000020000114                _global_impure_ptr
 *(.gnu.linkonce.s.*)
                0x0000000020000118                . = ALIGN (0x8)
 *(.srodata.cst16)
 *(.srodata.cst8)
 *(.srodata.cst4)
 *(.srodata.cst2)
 *(.srodata .srodata.*)
                0x0000000020000118                . = ALIGN (0x4)
                0x0000000020000118                PROVIDE (_edata = .)

.bss            0x0000000020000118       0x94 load address 0x0000000000002194
                0x0000000020000118                . = ALIGN (0x4)
                0x0000000020000118                PROVIDE (_sbss = .)
 *(.sbss*)
 .sbss.__malloc_free_list
                0x0000000020000118        0x4 e:/program/mounriver/mounriver_studio/toolchain/risc-v embedded gcc/bin/../lib/gcc/riscv-none-embed/8.2.0/../../../../riscv-none-embed/lib/rv32ecxw/ilp32e\libg_nano.a(lib_a-nano-mallocr.o)
                0x0000000020000118                __malloc_free_list
 .sbss.__malloc_sbrk_start
                0x000000002000011c        0x4 e:/program/mounriver/mounriver_studio/toolchain/risc-v embedded gcc/bin/../lib/gcc/riscv-none-embed/8.2.0/../../../../riscv-none-embed/lib/rv32ecxw/ilp32e\libg_nano.a(lib_a-nano-mallocr.o)
                0x000000002000011c                __malloc_sbrk_start
 *(.gnu.linkonce.sb.*)
 *(.bss*)
 .bss.DST_BUF   0x0000000020000120       0x80 build/main.o
                0x0000000020000120                DST_BUF
 .bss.Flag      0x00000000200001a0        0x1 build/main.o
                0x00000000200001a0                Flag
 *fill*         0x00000000200001a1        0x1 
 .bss.p_ms      0x00000000200001a2        0x2 build/debug.o
 .bss.p_us      0x00000000200001a4        0x1 build/debug.o
 *(.gnu.linkonce.b.*)
 *(COMMON*)
 *fill*         0x00000000200001a5        0x3 
 COMMON         0x00000000200001a8        0x4 e:/program/mounriver/mounriver_studio/toolchain/risc-v embedded gcc/bin/../lib/gcc/riscv-none-embed/8.2.0/../../../../riscv-none-embed/lib/rv32ecxw/ilp32e\libg_nano.a(lib_a-reent.o)
                0x00000000200001a8                errno
                0x00000000200001ac                . = ALIGN (0x4)
                0x00000000200001ac                PROVIDE (_ebss = .)
                0x00000000200001ac                PROVIDE (_end = _ebss)
                [!provide]                        PROVIDE (end = .)

.stack          0x0000000020007800      0x800
                0x0000000020007800                PROVIDE (_heap_end = .)
                0x0000000020007800                . = ALIGN (0x4)
                [!provide]                        PROVIDE (_susrstack = .)
                0x0000000020008000                . = (. + __stack_size)
 *fill*         0x0000000020007800      0x800 
                0x0000000020008000                PROVIDE (_eusrstack = .)
OUTPUT(build/firmware.elf elf32-littleriscv)

.debug_info     0x0000000000000000     0x8583
 .debug_info    0x0000000000000000      0xf94 build/main.o
 .debug_info    0x0000000000000f94      0xb89 build/system_ch32v30x.o
 .debug_info    0x0000000000001b1d      0x962 build/ch32v30x_it.o
 .debug_info    0x000000000000247f      0xf26 build/debug.o
 .debug_info    0x00000000000033a5     0x155f build/ch32v30x_rcc.o
 .debug_info    0x0000000000004904     0x1420 build/ch32v30x_usart.o
 .debug_info    0x0000000000005d24     0x1093 build/ch32v30x_gpio.o
 .debug_info    0x0000000000006db7      0xa94 build/ch32v30x_dbgmcu.o
 .debug_info    0x000000000000784b      0xd16 build/ch32v30x_dma.o
 .debug_info    0x0000000000008561       0x22 build/startup_ch32v30x_D8.o

.debug_abbrev   0x0000000000000000     0x1a3e
 .debug_abbrev  0x0000000000000000      0x301 build/main.o
 .debug_abbrev  0x0000000000000301      0x2c0 build/system_ch32v30x.o
 .debug_abbrev  0x00000000000005c1      0x1cf build/ch32v30x_it.o
 .debug_abbrev  0x0000000000000790      0x304 build/debug.o
 .debug_abbrev  0x0000000000000a94      0x36d build/ch32v30x_rcc.o
 .debug_abbrev  0x0000000000000e01      0x32e build/ch32v30x_usart.o
 .debug_abbrev  0x000000000000112f      0x309 build/ch32v30x_gpio.o
 .debug_abbrev  0x0000000000001438      0x2f7 build/ch32v30x_dbgmcu.o
 .debug_abbrev  0x000000000000172f      0x2fd build/ch32v30x_dma.o
 .debug_abbrev  0x0000000000001a2c       0x12 build/startup_ch32v30x_D8.o

.debug_loc      0x0000000000000000     0x1e50
 .debug_loc     0x0000000000000000       0xa9 build/main.o
 .debug_loc     0x00000000000000a9       0xac build/system_ch32v30x.o
 .debug_loc     0x0000000000000155      0x1ed build/debug.o
 .debug_loc     0x0000000000000342      0xa66 build/ch32v30x_rcc.o
 .debug_loc     0x0000000000000da8      0x7d9 build/ch32v30x_usart.o
 .debug_loc     0x0000000000001581      0x6d2 build/ch32v30x_gpio.o
 .debug_loc     0x0000000000001c53       0x6e build/ch32v30x_dbgmcu.o
 .debug_loc     0x0000000000001cc1      0x18f build/ch32v30x_dma.o

.debug_aranges  0x0000000000000000      0x500
 .debug_aranges
                0x0000000000000000       0x40 build/main.o
 .debug_aranges
                0x0000000000000040       0x28 build/system_ch32v30x.o
 .debug_aranges
                0x0000000000000068       0x28 build/ch32v30x_it.o
 .debug_aranges
                0x0000000000000090       0x48 build/debug.o
 .debug_aranges
                0x00000000000000d8      0x1a8 build/ch32v30x_rcc.o
 .debug_aranges
                0x0000000000000280      0x100 build/ch32v30x_usart.o
 .debug_aranges
                0x0000000000000380       0xa8 build/ch32v30x_gpio.o
 .debug_aranges
                0x0000000000000428       0x48 build/ch32v30x_dbgmcu.o
 .debug_aranges
                0x0000000000000470       0x60 build/ch32v30x_dma.o
 .debug_aranges
                0x00000000000004d0       0x30 build/startup_ch32v30x_D8.o

.debug_ranges   0x0000000000000000      0x4a0
 .debug_ranges  0x0000000000000000       0x30 build/main.o
 .debug_ranges  0x0000000000000030       0x38 build/system_ch32v30x.o
 .debug_ranges  0x0000000000000068       0x18 build/ch32v30x_it.o
 .debug_ranges  0x0000000000000080       0x38 build/debug.o
 .debug_ranges  0x00000000000000b8      0x198 build/ch32v30x_rcc.o
 .debug_ranges  0x0000000000000250       0xf0 build/ch32v30x_usart.o
 .debug_ranges  0x0000000000000340       0x98 build/ch32v30x_gpio.o
 .debug_ranges  0x00000000000003d8       0x50 build/ch32v30x_dbgmcu.o
 .debug_ranges  0x0000000000000428       0x50 build/ch32v30x_dma.o
 .debug_ranges  0x0000000000000478       0x28 build/startup_ch32v30x_D8.o

.debug_line     0x0000000000000000     0x5928
 .debug_line    0x0000000000000000      0x6e1 build/main.o
 .debug_line    0x00000000000006e1      0x636 build/system_ch32v30x.o
 .debug_line    0x0000000000000d17      0x206 build/ch32v30x_it.o
 .debug_line    0x0000000000000f1d      0x6bb build/debug.o
 .debug_line    0x00000000000015d8     0x1765 build/ch32v30x_rcc.o
 .debug_line    0x0000000000002d3d      0xf83 build/ch32v30x_usart.o
 .debug_line    0x0000000000003cc0      0xcb2 build/ch32v30x_gpio.o
 .debug_line    0x0000000000004972      0x339 build/ch32v30x_dbgmcu.o
 .debug_line    0x0000000000004cab      0x95f build/ch32v30x_dma.o
 .debug_line    0x000000000000560a      0x31e build/startup_ch32v30x_D8.o

.debug_str      0x0000000000000000     0x18a6
 .debug_str     0x0000000000000000      0x7f0 build/main.o
                                        0x87e (size before relaxing)
 .debug_str     0x00000000000007f0       0x8c build/system_ch32v30x.o
                                        0x6b7 (size before relaxing)
 .debug_str     0x000000000000087c       0x30 build/ch32v30x_it.o
                                        0x5a1 (size before relaxing)
 .debug_str     0x00000000000008ac      0x2db build/debug.o
                                        0x8f3 (size before relaxing)
 .debug_str     0x0000000000000b87      0x5f2 build/ch32v30x_rcc.o
                                        0xcb5 (size before relaxing)
 .debug_str     0x0000000000001179      0x356 build/ch32v30x_usart.o
                                        0xb0b (size before relaxing)
 .debug_str     0x00000000000014cf      0x236 build/ch32v30x_gpio.o
                                        0x965 (size before relaxing)
 .debug_str     0x0000000000001705       0x83 build/ch32v30x_dbgmcu.o
                                        0x63a (size before relaxing)
 .debug_str     0x0000000000001788       0xec build/ch32v30x_dma.o
                                        0x7e7 (size before relaxing)
 .debug_str     0x0000000000001874       0x32 build/startup_ch32v30x_D8.o
                                         0x5b (size before relaxing)

.comment        0x0000000000000000       0x33
 .comment       0x0000000000000000       0x33 build/main.o
                                         0x34 (size before relaxing)
 .comment       0x0000000000000033       0x34 build/system_ch32v30x.o
 .comment       0x0000000000000033       0x34 build/ch32v30x_it.o
 .comment       0x0000000000000033       0x34 build/debug.o
 .comment       0x0000000000000033       0x34 build/ch32v30x_rcc.o
 .comment       0x0000000000000033       0x34 build/ch32v30x_usart.o
 .comment       0x0000000000000033       0x34 build/ch32v30x_gpio.o
 .comment       0x0000000000000033       0x34 build/ch32v30x_dbgmcu.o
 .comment       0x0000000000000033       0x34 build/ch32v30x_dma.o

.debug_frame    0x0000000000000000     0x1210
 .debug_frame   0x0000000000000000       0x8c build/main.o
 .debug_frame   0x000000000000008c       0x4c build/system_ch32v30x.o
 .debug_frame   0x00000000000000d8       0x30 build/ch32v30x_it.o
 .debug_frame   0x0000000000000108       0xc8 build/debug.o
 .debug_frame   0x00000000000001d0      0x354 build/ch32v30x_rcc.o
 .debug_frame   0x0000000000000524      0x204 build/ch32v30x_usart.o
 .debug_frame   0x0000000000000728      0x15c build/ch32v30x_gpio.o
 .debug_frame   0x0000000000000884       0x70 build/ch32v30x_dbgmcu.o
 .debug_frame   0x00000000000008f4       0xd8 build/ch32v30x_dma.o
 .debug_frame   0x00000000000009cc       0x54 e:/program/mounriver/mounriver_studio/toolchain/risc-v embedded gcc/bin/../lib/gcc/riscv-none-embed/8.2.0/../../../../riscv-none-embed/lib/rv32ecxw/ilp32e\libg_nano.a(lib_a-printf.o)
 .debug_frame   0x0000000000000a20       0x48 e:/program/mounriver/mounriver_studio/toolchain/risc-v embedded gcc/bin/../lib/gcc/riscv-none-embed/8.2.0/../../../../riscv-none-embed/lib/rv32ecxw/ilp32e\libg_nano.a(lib_a-puts.o)
 .debug_frame   0x0000000000000a68       0x48 e:/program/mounriver/mounriver_studio/toolchain/risc-v embedded gcc/bin/../lib/gcc/riscv-none-embed/8.2.0/../../../../riscv-none-embed/lib/rv32ecxw/ilp32e\libg_nano.a(lib_a-wbuf.o)
 .debug_frame   0x0000000000000ab0       0x38 e:/program/mounriver/mounriver_studio/toolchain/risc-v embedded gcc/bin/../lib/gcc/riscv-none-embed/8.2.0/../../../../riscv-none-embed/lib/rv32ecxw/ilp32e\libg_nano.a(lib_a-wsetup.o)
 .debug_frame   0x0000000000000ae8       0x74 e:/program/mounriver/mounriver_studio/toolchain/risc-v embedded gcc/bin/../lib/gcc/riscv-none-embed/8.2.0/../../../../riscv-none-embed/lib/rv32ecxw/ilp32e\libg_nano.a(lib_a-fflush.o)
 .debug_frame   0x0000000000000b5c      0x13c e:/program/mounriver/mounriver_studio/toolchain/risc-v embedded gcc/bin/../lib/gcc/riscv-none-embed/8.2.0/../../../../riscv-none-embed/lib/rv32ecxw/ilp32e\libg_nano.a(lib_a-findfp.o)
 .debug_frame   0x0000000000000c98       0x60 e:/program/mounriver/mounriver_studio/toolchain/risc-v embedded gcc/bin/../lib/gcc/riscv-none-embed/8.2.0/../../../../riscv-none-embed/lib/rv32ecxw/ilp32e\libg_nano.a(lib_a-fwalk.o)
 .debug_frame   0x0000000000000cf8       0x5c e:/program/mounriver/mounriver_studio/toolchain/risc-v embedded gcc/bin/../lib/gcc/riscv-none-embed/8.2.0/../../../../riscv-none-embed/lib/rv32ecxw/ilp32e\libg_nano.a(lib_a-makebuf.o)
 .debug_frame   0x0000000000000d54       0x40 e:/program/mounriver/mounriver_studio/toolchain/risc-v embedded gcc/bin/../lib/gcc/riscv-none-embed/8.2.0/../../../../riscv-none-embed/lib/rv32ecxw/ilp32e\libg_nano.a(lib_a-nano-freer.o)
 .debug_frame   0x0000000000000d94       0x38 e:/program/mounriver/mounriver_studio/toolchain/risc-v embedded gcc/bin/../lib/gcc/riscv-none-embed/8.2.0/../../../../riscv-none-embed/lib/rv32ecxw/ilp32e\libg_nano.a(lib_a-nano-mallocr.o)
 .debug_frame   0x0000000000000dcc       0xa4 e:/program/mounriver/mounriver_studio/toolchain/risc-v embedded gcc/bin/../lib/gcc/riscv-none-embed/8.2.0/../../../../riscv-none-embed/lib/rv32ecxw/ilp32e\libg_nano.a(lib_a-nano-vfprintf.o)
 .debug_frame   0x0000000000000e70       0x60 e:/program/mounriver/mounriver_studio/toolchain/risc-v embedded gcc/bin/../lib/gcc/riscv-none-embed/8.2.0/../../../../riscv-none-embed/lib/rv32ecxw/ilp32e\libg_nano.a(lib_a-nano-vfprintf_i.o)
 .debug_frame   0x0000000000000ed0       0x30 e:/program/mounriver/mounriver_studio/toolchain/risc-v embedded gcc/bin/../lib/gcc/riscv-none-embed/8.2.0/../../../../riscv-none-embed/lib/rv32ecxw/ilp32e\libg_nano.a(lib_a-sbrkr.o)
 .debug_frame   0x0000000000000f00       0x9c e:/program/mounriver/mounriver_studio/toolchain/risc-v embedded gcc/bin/../lib/gcc/riscv-none-embed/8.2.0/../../../../riscv-none-embed/lib/rv32ecxw/ilp32e\libg_nano.a(lib_a-stdio.o)
 .debug_frame   0x0000000000000f9c       0x30 e:/program/mounriver/mounriver_studio/toolchain/risc-v embedded gcc/bin/../lib/gcc/riscv-none-embed/8.2.0/../../../../riscv-none-embed/lib/rv32ecxw/ilp32e\libg_nano.a(lib_a-writer.o)
 .debug_frame   0x0000000000000fcc       0x30 e:/program/mounriver/mounriver_studio/toolchain/risc-v embedded gcc/bin/../lib/gcc/riscv-none-embed/8.2.0/../../../../riscv-none-embed/lib/rv32ecxw/ilp32e\libg_nano.a(lib_a-closer.o)
 .debug_frame   0x0000000000000ffc       0x30 e:/program/mounriver/mounriver_studio/toolchain/risc-v embedded gcc/bin/../lib/gcc/riscv-none-embed/8.2.0/../../../../riscv-none-embed/lib/rv32ecxw/ilp32e\libg_nano.a(lib_a-fstatr.o)
 .debug_frame   0x000000000000102c       0x30 e:/program/mounriver/mounriver_studio/toolchain/risc-v embedded gcc/bin/../lib/gcc/riscv-none-embed/8.2.0/../../../../riscv-none-embed/lib/rv32ecxw/ilp32e\libg_nano.a(lib_a-isattyr.o)
 .debug_frame   0x000000000000105c       0x30 e:/program/mounriver/mounriver_studio/toolchain/risc-v embedded gcc/bin/../lib/gcc/riscv-none-embed/8.2.0/../../../../riscv-none-embed/lib/rv32ecxw/ilp32e\libg_nano.a(lib_a-lseekr.o)
 .debug_frame   0x000000000000108c       0x20 e:/program/mounriver/mounriver_studio/toolchain/risc-v embedded gcc/bin/../lib/gcc/riscv-none-embed/8.2.0/../../../../riscv-none-embed/lib/rv32ecxw/ilp32e\libg_nano.a(lib_a-memchr.o)
 .debug_frame   0x00000000000010ac       0x30 e:/program/mounriver/mounriver_studio/toolchain/risc-v embedded gcc/bin/../lib/gcc/riscv-none-embed/8.2.0/../../../../riscv-none-embed/lib/rv32ecxw/ilp32e\libg_nano.a(lib_a-mlock.o)
 .debug_frame   0x00000000000010dc       0x30 e:/program/mounriver/mounriver_studio/toolchain/risc-v embedded gcc/bin/../lib/gcc/riscv-none-embed/8.2.0/../../../../riscv-none-embed/lib/rv32ecxw/ilp32e\libg_nano.a(lib_a-readr.o)
 .debug_frame   0x000000000000110c       0x64 e:/program/mounriver/mounriver_studio/toolchain/risc-v embedded gcc/bin/../lib/gcc/riscv-none-embed/8.2.0/../../../../riscv-none-embed/lib/rv32ecxw/ilp32e\libg_nano.a(lib_a-reent.o)
 .debug_frame   0x0000000000001170       0x20 e:/program/mounriver/mounriver_studio/toolchain/risc-v embedded gcc/bin/../lib/gcc/riscv-none-embed/8.2.0/../../../../riscv-none-embed/lib/rv32ecxw/ilp32e\libnosys.a(close.o)
 .debug_frame   0x0000000000001190       0x20 e:/program/mounriver/mounriver_studio/toolchain/risc-v embedded gcc/bin/../lib/gcc/riscv-none-embed/8.2.0/../../../../riscv-none-embed/lib/rv32ecxw/ilp32e\libnosys.a(fstat.o)
 .debug_frame   0x00000000000011b0       0x20 e:/program/mounriver/mounriver_studio/toolchain/risc-v embedded gcc/bin/../lib/gcc/riscv-none-embed/8.2.0/../../../../riscv-none-embed/lib/rv32ecxw/ilp32e\libnosys.a(isatty.o)
 .debug_frame   0x00000000000011d0       0x20 e:/program/mounriver/mounriver_studio/toolchain/risc-v embedded gcc/bin/../lib/gcc/riscv-none-embed/8.2.0/../../../../riscv-none-embed/lib/rv32ecxw/ilp32e\libnosys.a(lseek.o)
 .debug_frame   0x00000000000011f0       0x20 e:/program/mounriver/mounriver_studio/toolchain/risc-v embedded gcc/bin/../lib/gcc/riscv-none-embed/8.2.0/../../../../riscv-none-embed/lib/rv32ecxw/ilp32e\libnosys.a(read.o)

.stab           0x0000000000000000       0x84
 .stab          0x0000000000000000       0x24 e:/program/mounriver/mounriver_studio/toolchain/risc-v embedded gcc/bin/../lib/gcc/riscv-none-embed/8.2.0/../../../../riscv-none-embed/lib/rv32ecxw/ilp32e\libnosys.a(close.o)
 .stab          0x0000000000000024       0x18 e:/program/mounriver/mounriver_studio/toolchain/risc-v embedded gcc/bin/../lib/gcc/riscv-none-embed/8.2.0/../../../../riscv-none-embed/lib/rv32ecxw/ilp32e\libnosys.a(fstat.o)
                                         0x24 (size before relaxing)
 .stab          0x000000000000003c       0x18 e:/program/mounriver/mounriver_studio/toolchain/risc-v embedded gcc/bin/../lib/gcc/riscv-none-embed/8.2.0/../../../../riscv-none-embed/lib/rv32ecxw/ilp32e\libnosys.a(isatty.o)
                                         0x24 (size before relaxing)
 .stab          0x0000000000000054       0x18 e:/program/mounriver/mounriver_studio/toolchain/risc-v embedded gcc/bin/../lib/gcc/riscv-none-embed/8.2.0/../../../../riscv-none-embed/lib/rv32ecxw/ilp32e\libnosys.a(lseek.o)
                                         0x24 (size before relaxing)
 .stab          0x000000000000006c       0x18 e:/program/mounriver/mounriver_studio/toolchain/risc-v embedded gcc/bin/../lib/gcc/riscv-none-embed/8.2.0/../../../../riscv-none-embed/lib/rv32ecxw/ilp32e\libnosys.a(read.o)
                                         0x24 (size before relaxing)

.stabstr        0x0000000000000000      0x117
 .stabstr       0x0000000000000000      0x117 e:/program/mounriver/mounriver_studio/toolchain/risc-v embedded gcc/bin/../lib/gcc/riscv-none-embed/8.2.0/../../../../riscv-none-embed/lib/rv32ecxw/ilp32e\libnosys.a(close.o)
