Archive member included to satisfy reference by file (symbol)

NetLib/libwchnet.a(eth_api.o)
                              build/eth_driver.o (WCHNET_PeriodicHandle)
NetLib/libwchnet.a(ipcheck.o)
                              NetLib/libwchnet.a(eth_api.o) (IPCheckParaInit)
NetLib/libwchnet.a(net_dhcp.o)
                              NetLib/libwchnet.a(eth_api.o) (DHCPCtrl)
NetLib/libwchnet.a(net_dns.o)
                              NetLib/libwchnet.a(eth_api.o) (DNSInf)
NetLib/libwchnet.a(socket.o)  NetLib/libwchnet.a(net_dhcp.o) (ErrorEncode)
NetLib/libwchnet.a(etharp.o)  NetLib/libwchnet.a(eth_api.o) (etharp_tmr)
NetLib/libwchnet.a(ethernetif.o)
                              NetLib/libwchnet.a(eth_api.o) (ethernetif_input)
NetLib/libwchnet.a(inet.o)    NetLib/libwchnet.a(socket.o) (inet_ntoa)
NetLib/libwchnet.a(ip.o)      NetLib/libwchnet.a(etharp.o) (ip_input)
NetLib/libwchnet.a(ip_addr.o)
                              NetLib/libwchnet.a(socket.o) (ip_addr_isbroadcast)
NetLib/libwchnet.a(ip_frag.o)
                              NetLib/libwchnet.a(eth_api.o) (ip_reass_tmr)
NetLib/libwchnet.a(dhcp.o)    NetLib/libwchnet.a(net_dhcp.o) (dhcp_arp_reply)
NetLib/libwchnet.a(dns.o)     NetLib/libwchnet.a(dhcp.o) (dns_setserver)
NetLib/libwchnet.a(init.o)    NetLib/libwchnet.a(ethernetif.o) (lwip_init)
NetLib/libwchnet.a(mem.o)     NetLib/libwchnet.a(init.o) (mem_init)
NetLib/libwchnet.a(memp.o)    NetLib/libwchnet.a(init.o) (memp_init)
NetLib/libwchnet.a(netif.o)   NetLib/libwchnet.a(dhcp.o) (netif_set_ipaddr)
NetLib/libwchnet.a(pbuf.o)    NetLib/libwchnet.a(socket.o) (pbuf_header)
NetLib/libwchnet.a(raw.o)     NetLib/libwchnet.a(ip.o) (raw_input)
NetLib/libwchnet.a(tcp.o)     NetLib/libwchnet.a(socket.o) (tcp_bind)
NetLib/libwchnet.a(tcp_in.o)  NetLib/libwchnet.a(ip.o) (tcp_input)
NetLib/libwchnet.a(tcp_out.o)
                              NetLib/libwchnet.a(tcp.o) (tcp_enqueue)
NetLib/libwchnet.a(udp.o)     NetLib/libwchnet.a(ip.o) (udp_input)
NetLib/libwchnet.a(icmp.o)    NetLib/libwchnet.a(ip.o) (icmp_input)
NetLib/libwchnet.a(inet_chksum.o)
                              NetLib/libwchnet.a(tcp_in.o) (inet_chksum_pseudo)
e:/program/mounriver/mounriver_studio/toolchain/risc-v embedded gcc/bin/../lib/gcc/riscv-none-embed/8.2.0/rv32ecxw/ilp32e\libgcc.a(save-restore.o)
                              build/main.o (__riscv_save_2)
e:/program/mounriver/mounriver_studio/toolchain/risc-v embedded gcc/bin/../lib/gcc/riscv-none-embed/8.2.0/rv32ecxw/ilp32e\libgcc.a(muldi3.o)
                              build/system_ch32v30x.o (__mulsi3)
e:/program/mounriver/mounriver_studio/toolchain/risc-v embedded gcc/bin/../lib/gcc/riscv-none-embed/8.2.0/rv32ecxw/ilp32e\libgcc.a(div.o)
                              build/ch32v30x_adc.o (__divsi3)
e:/program/mounriver/mounriver_studio/toolchain/risc-v embedded gcc/bin/../lib/gcc/riscv-none-embed/8.2.0/../../../../riscv-none-embed/lib/rv32ecxw/ilp32e\libg_nano.a(lib_a-atexit.o)
                              build/startup_ch32v30x_D8C.o (atexit)
e:/program/mounriver/mounriver_studio/toolchain/risc-v embedded gcc/bin/../lib/gcc/riscv-none-embed/8.2.0/../../../../riscv-none-embed/lib/rv32ecxw/ilp32e\libg_nano.a(lib_a-atoi.o)
                              build/HTTPS.o (atoi)
e:/program/mounriver/mounriver_studio/toolchain/risc-v embedded gcc/bin/../lib/gcc/riscv-none-embed/8.2.0/../../../../riscv-none-embed/lib/rv32ecxw/ilp32e\libg_nano.a(lib_a-fini.o)
                              build/startup_ch32v30x_D8C.o (__libc_fini_array)
e:/program/mounriver/mounriver_studio/toolchain/risc-v embedded gcc/bin/../lib/gcc/riscv-none-embed/8.2.0/../../../../riscv-none-embed/lib/rv32ecxw/ilp32e\libg_nano.a(lib_a-init.o)
                              build/startup_ch32v30x_D8C.o (__libc_init_array)
e:/program/mounriver/mounriver_studio/toolchain/risc-v embedded gcc/bin/../lib/gcc/riscv-none-embed/8.2.0/../../../../riscv-none-embed/lib/rv32ecxw/ilp32e\libg_nano.a(lib_a-memcpy.o)
                              build/main.o (memcpy)
e:/program/mounriver/mounriver_studio/toolchain/risc-v embedded gcc/bin/../lib/gcc/riscv-none-embed/8.2.0/../../../../riscv-none-embed/lib/rv32ecxw/ilp32e\libg_nano.a(lib_a-memset.o)
                              build/main.o (memset)
e:/program/mounriver/mounriver_studio/toolchain/risc-v embedded gcc/bin/../lib/gcc/riscv-none-embed/8.2.0/../../../../riscv-none-embed/lib/rv32ecxw/ilp32e\libg_nano.a(lib_a-printf.o)
                              build/main.o (printf)
e:/program/mounriver/mounriver_studio/toolchain/risc-v embedded gcc/bin/../lib/gcc/riscv-none-embed/8.2.0/../../../../riscv-none-embed/lib/rv32ecxw/ilp32e\libg_nano.a(lib_a-putchar.o)
                              build/main.o (putchar)
e:/program/mounriver/mounriver_studio/toolchain/risc-v embedded gcc/bin/../lib/gcc/riscv-none-embed/8.2.0/../../../../riscv-none-embed/lib/rv32ecxw/ilp32e\libg_nano.a(lib_a-puts.o)
[...]
Memory Configuration

Name             Origin             Length             Attributes
FLASH            0x0000000000000000 0x0000000000040000 xr
RAM              0x0000000020000000 0x0000000000010000 xrw
*default*        0x0000000000000000 0xffffffffffffffff

Linker script and memory map

LOAD build/main.o
LOAD build/eth_driver.o
LOAD build/HTTPS.o
LOAD build/ch32v30x_it.o
LOAD build/system_ch32v30x.o
LOAD build/debug.o
LOAD build/ch32v30x_adc.o
LOAD build/ch32v30x_bkp.o
LOAD build/ch32v30x_can.o
LOAD build/ch32v30x_crc.o
LOAD build/ch32v30x_dac.o
LOAD build/ch32v30x_dbgmcu.o
LOAD build/ch32v30x_dma.o
LOAD build/ch32v30x_dvp.o
LOAD build/ch32v30x_eth.o
LOAD build/ch32v30x_exti.o
LOAD build/ch32v30x_flash.o
LOAD build/ch32v30x_fsmc.o
LOAD build/ch32v30x_gpio.o
LOAD build/ch32v30x_i2c.o
LOAD build/ch32v30x_iwdg.o
LOAD build/ch32v30x_misc.o
LOAD build/ch32v30x_opa.o
LOAD build/ch32v30x_pwr.o
LOAD build/ch32v30x_rcc.o
LOAD build/ch32v30x_rng.o
LOAD build/ch32v30x_rtc.o
LOAD build/ch32v30x_sdio.o
LOAD build/ch32v30x_spi.o
LOAD build/ch32v30x_tim.o
LOAD build/ch32v30x_usart.o
LOAD build/ch32v30x_wwdg.o
LOAD build/startup_ch32v30x_D8C.o
LOAD NetLib/libwchnet.a
LOAD NetLib/libwchnet_float.a
LOAD e:/program/mounriver/mounriver_studio/toolchain/risc-v embedded gcc/bin/../lib/gcc/riscv-none-embed/8.2.0/rv32ecxw/ilp32e\libgcc.a
LOAD e:/program/mounriver/mounriver_studio/toolchain/risc-v embedded gcc/bin/../lib/gcc/riscv-none-embed/8.2.0/../../../../riscv-none-embed/lib/rv32ecxw/ilp32e\libg_nano.a
LOAD e:/program/mounriver/mounriver_studio/toolchain/risc-v embedded gcc/bin/../lib/gcc/riscv-none-embed/8.2.0/../../../../riscv-none-embed/lib/rv32ecxw/ilp32e\libc_nano.a
LOAD e:/program/mounriver/mounriver_studio/toolchain/risc-v embedded gcc/bin/../lib/gcc/riscv-none-embed/8.2.0/rv32ecxw/ilp32e\libgcc.a
START GROUP
LOAD e:/program/mounriver/mounriver_studio/toolchain/risc-v embedded gcc/bin/../lib/gcc/riscv-none-embed/8.2.0/rv32ecxw/ilp32e\libgcc.a
LOAD e:/program/mounriver/mounriver_studio/toolchain/risc-v embedded gcc/bin/../lib/gcc/riscv-none-embed/8.2.0/../../../../riscv-none-embed/lib/rv32ecxw/ilp32e\libc_nano.a
LOAD e:/program/mounriver/mounriver_studio/toolchain/risc-v embedded gcc/bin/../lib/gcc/riscv-none-embed/8.2.0/../../../../riscv-none-embed/lib/rv32ecxw/ilp32e\libnosys.a
END GROUP
START GROUP
LOAD e:/program/mounriver/mounriver_studio/toolchain/risc-v embedded gcc/bin/../lib/gcc/riscv-none-embed/8.2.0/rv32ecxw/ilp32e\libgcc.a
LOAD e:/program/mounriver/mounriver_studio/toolchain/risc-v embedded gcc/bin/../lib/gcc/riscv-none-embed/8.2.0/../../../../riscv-none-embed/lib/rv32ecxw/ilp32e\libc_nano.a
LOAD e:/program/mounriver/mounriver_studio/toolchain/risc-v embedded gcc/bin/../lib/gcc/riscv-none-embed/8.2.0/../../../../riscv-none-embed/lib/rv32ecxw/ilp32e\libnosys.a
END GROUP
                0x0000000000000800                __stack_size = 0x800
                [!provide]                        PROVIDE (_stack_size = __stack_size)

.init           0x0000000000000000       0x38
                0x0000000000000000                _sinit = .
                0x0000000000000000                . = ALIGN (0x4)
 *(SORT_NONE(.init))
 .init          0x0000000000000000       0x38 build/startup_ch32v30x_D8C.o
                0x0000000000000000                _start
                0x0000000000000038                . = ALIGN (0x4)
                0x0000000000000038                _einit = .

.vector         0x0000000000000038      0x1c8
 *(.vector)
 .vector        0x0000000000000038      0x1a0 build/startup_ch32v30x_D8C.o
                0x0000000000000200                . = ALIGN (0x40)
 *fill*         0x00000000000001d8       0x28 

.text           0x0000000000000200    0x13768
                0x0000000000000200                . = ALIGN (0x4)
 *(.text)
 .text          0x0000000000000200       0x14 e:/program/mounriver/mounriver_studio/toolchain/risc-v embedded gcc/bin/../lib/gcc/riscv-none-embed/8.2.0/rv32ecxw/ilp32e\libgcc.a(save-restore.o)
                0x0000000000000200                __riscv_save_1
                0x0000000000000200                __riscv_save_2
                0x0000000000000200                __riscv_save_0
                0x000000000000020a                __riscv_restore_0
                0x000000000000020a                __riscv_restore_1
                0x000000000000020a                __riscv_restore_2
 .text          0x0000000000000214       0x16 e:/program/mounriver/mounriver_studio/toolchain/risc-v embedded gcc/bin/../lib/gcc/riscv-none-embed/8.2.0/rv32ecxw/ilp32e\libgcc.a(muldi3.o)
                0x0000000000000214                __mulsi3
 *fill*         0x000000000000022a        0x2 
 .text          0x000000000000022c       0x7e e:/program/mounriver/mounriver_studio/toolchain/risc-v embedded gcc/bin/../lib/gcc/riscv-none-embed/8.2.0/rv32ecxw/ilp32e\libgcc.a(div.o)
                0x000000000000022c                __divsi3
                0x0000000000000234                __udivsi3
                0x0000000000000260                __umodsi3
                0x0000000000000284                __modsi3
 .text          0x00000000000002aa       0xa8 e:/program/mounriver/mounriver_studio/toolchain/risc-v embedded gcc/bin/../lib/gcc/riscv-none-embed/8.2.0/../../../../riscv-none-embed/lib/rv32ecxw/ilp32e\libg_nano.a(lib_a-memset.o)
                0x00000000000002aa                memset
 .text          0x0000000000000352      0x11a e:/program/mounriver/mounriver_studio/toolchain/risc-v embedded gcc/bin/../lib/gcc/riscv-none-embed/8.2.0/../../../../riscv-none-embed/lib/rv32ecxw/ilp32e\libg_nano.a(lib_a-strcmp.o)
                0x0000000000000352                strcmp
 *(.text.*)
 .text.mStopIfError
                0x000000000000046c       0x18 build/main.o
                0x000000000000046c                mStopIfError
 .text.TIM2_Init
                0x0000000000000484       0x70 build/main.o
                0x0000000000000484                TIM2_Init
 .text.WCHNET_CreateTcpSocketListen
                0x00000000000004f4       0x4c build/main.o
                0x00000000000004f4                WCHNET_CreateTcpSocketListen
 .text.WCHNET_CreateCfgSocket
                0x0000000000000540       0xb2 build/main.o
                0x0000000000000540                WCHNET_CreateCfgSocket
 .text.WCHNET_RestoreDefaults
                0x00000000000005f2       0x60 build/main.o
                0x00000000000005f2                WCHNET_RestoreDefaults
 .text.WCHNET_HandleSockInt
                0x0000000000000652       0xb8 build/main.o
                0x0000000000000652                WCHNET_HandleSockInt
 .text.WCHNET_HandleGlobalInt
                0x000000000000070a       0x6e build/main.o
                0x000000000000070a                WCHNET_HandleGlobalInt
 .text.GPIOInit
                0x0000000000000778       0x32 build/main.o
                0x0000000000000778                GPIOInit
 .text.startup.main
                0x00000000000007aa      0x258 build/main.o
                0x00000000000007aa                main
 .text.ETH_TxPktChainMode
                0x0000000000000a02       0x52 build/eth_driver.o
                0x0000000000000a02                ETH_TxPktChainMode
 .text.ETH_LedDataSet
                0x0000000000000a54       0x22 build/eth_driver.o
                0x0000000000000a54                ETH_LedDataSet
 .text.ETH_LedLinkSet
                0x0000000000000a76       0x22 build/eth_driver.o
                0x0000000000000a76                ETH_LedLinkSet
 .text.WCHNET_GetMacAddr
                0x0000000000000a98       0x20 build/eth_driver.o
                0x0000000000000a98                WCHNET_GetMacAddr
 .text.WCHNET_TimeIsr
                0x0000000000000ab8       0x10 build/eth_driver.o
                0x0000000000000ab8                WCHNET_TimeIsr
 .text.WCHNET_LinkProcess
                0x0000000000000ac8      0x1e4 build/eth_driver.o
                0x0000000000000ac8                WCHNET_LinkProcess
 .text.WCHNET_HandlePhyNegotiation
                0x0000000000000cac       0x38 build/eth_driver.o
                0x0000000000000cac                WCHNET_HandlePhyNegotiation
 .text.WCHNET_MainTask
                0x0000000000000ce4       0x12 build/eth_driver.o
                0x0000000000000ce4                WCHNET_MainTask
 .text.ETH_LedConfiguration
                0x0000000000000cf6       0x44 build/eth_driver.o
                0x0000000000000cf6                ETH_LedConfiguration
 .text.ETH_SetClock
                0x0000000000000d3a       0x2a build/eth_driver.o
                0x0000000000000d3a                ETH_SetClock
 .text.ETH_PHYLink
                0x0000000000000d64      0x144 build/eth_driver.o
                0x0000000000000d64                ETH_PHYLink
 .text.ETH_RegInit
                0x0000000000000ea8      0x11e build/eth_driver.o
                0x0000000000000ea8                ETH_RegInit
 .text.ETH_Configuration
                0x0000000000000fc6       0xce build/eth_driver.o
                0x0000000000000fc6                ETH_Configuration
 .text.WCHNET_ETHIsr
                0x0000000000001094       0x8a build/eth_driver.o
                0x0000000000001094                WCHNET_ETHIsr
 .text.ETH_Init
                0x000000000000111e       0x66 build/eth_driver.o
                0x000000000000111e                ETH_Init
 .text.ETH_LibInit
                0x0000000000001184       0x88 build/eth_driver.o
                0x0000000000001184                ETH_LibInit
 .text.ParseHttpRequest
                0x000000000000120c       0x88 build/HTTPS.o
                0x000000000000120c                ParseHttpRequest
 .text.GetURLName
                0x0000000000001294       0x42 build/HTTPS.o
                0x0000000000001294                GetURLName
 .text.ParseURLType
                0x00000000000012d6       0x70 build/HTTPS.o
                0x00000000000012d6                ParseURLType
 .text.MakeHttpResponse
                0x0000000000001346       0x4e build/HTTPS.o
                0x0000000000001346                MakeHttpResponse
 .text.DataLocate
                0x0000000000001394       0x1c build/HTTPS.o
                0x0000000000001394                DataLocate
 .text.Para_DataLocate
                0x00000000000013b0       0x1a build/HTTPS.o
                0x00000000000013b0                Para_DataLocate
 .text.Refresh_Html
                0x00000000000013ca       0xe0 build/HTTPS.o
                0x00000000000013ca                Refresh_Html
 .text.copy_flash
                0x00000000000014aa       0x2e build/HTTPS.o
                0x00000000000014aa                copy_flash
 .text.WEB_ERASE
                0x00000000000014d8       0x2a build/HTTPS.o
                0x00000000000014d8                WEB_ERASE
 .text.WEB_WRITE
                0x0000000000001502       0x48 build/HTTPS.o
                0x0000000000001502                WEB_WRITE
 .text.Refresh_Basic
                0x000000000000154a      0x21e build/HTTPS.o
                0x000000000000154a                Refresh_Basic
 .text.Refresh_Port
                0x0000000000001768      0x240 build/HTTPS.o
                0x0000000000001768                Refresh_Port
 .text.Refresh_Login
                0x00000000000019a8       0xae build/HTTPS.o
                0x00000000000019a8                Refresh_Login
 .text.WEB_READ
                0x0000000000001a56       0x18 build/HTTPS.o
                0x0000000000001a56                WEB_READ
 .text.Init_Para_Tab
                0x0000000000001a6e      0x264 build/HTTPS.o
                0x0000000000001a6e                Init_Para_Tab
 .text.Web_Server
                0x0000000000001cd2      0x3a8 build/HTTPS.o
                0x0000000000001cd2                Web_Server
 .text.NMI_Handler
                0x000000000000207a        0x4 build/ch32v30x_it.o
                0x000000000000207a                NMI_Handler
 .text.HardFault_Handler
                0x000000000000207e       0x50 build/ch32v30x_it.o
                0x000000000000207e                HardFault_Handler
 .text.EXTI9_5_IRQHandler
                0x00000000000020ce       0x3a build/ch32v30x_it.o
                0x00000000000020ce                EXTI9_5_IRQHandler
 .text.ETH_IRQHandler
                0x0000000000002108        0x8 build/ch32v30x_it.o
                0x0000000000002108                ETH_IRQHandler
 .text.TIM2_IRQHandler
                0x0000000000002110       0x14 build/ch32v30x_it.o
                0x0000000000002110                TIM2_IRQHandler
 .text.SystemInit
                0x0000000000002124       0xfa build/system_ch32v30x.o
                0x0000000000002124                SystemInit
 .text.SystemCoreClockUpdate
                0x000000000000221e       0xc4 build/system_ch32v30x.o
                0x000000000000221e                SystemCoreClockUpdate
 .text.Delay_Init
                0x00000000000022e2       0x3c build/debug.o
                0x00000000000022e2                Delay_Init
 .text.Delay_Us
                0x000000000000231e       0x46 build/debug.o
                0x000000000000231e                Delay_Us
 .text.Delay_Ms
                0x0000000000002364       0x46 build/debug.o
                0x0000000000002364                Delay_Ms
 .text.USART_Printf_Init
                0x00000000000023aa       0x56 build/debug.o
                0x00000000000023aa                USART_Printf_Init
 .text._write   0x0000000000002400       0x50 build/debug.o
                0x0000000000002400                _write
 .text._sbrk    0x0000000000002450       0x2e build/debug.o
                0x0000000000002450                _sbrk
 .text._fini    0x000000000000247e        0x2 build/debug.o
                0x000000000000247e                _fini
 .text._init    0x0000000000002480        0x2 build/debug.o
                0x0000000000002480                _init
 .text.ETH_DeInit
                0x0000000000002482       0x14 build/ch32v30x_eth.o
                0x0000000000002482                ETH_DeInit
 .text.ETH_StructInit
                0x0000000000002496       0xd8 build/ch32v30x_eth.o
                0x0000000000002496                ETH_StructInit
 .text.ETH_ReadPHYRegister
                0x000000000000256e       0x5c build/ch32v30x_eth.o
                0x000000000000256e                ETH_ReadPHYRegister
 .text.ETH_WritePHYRegister
                0x00000000000025ca       0x52 build/ch32v30x_eth.o
                0x00000000000025ca                ETH_WritePHYRegister
 .text.ETH_DMATxDescChainInit
                0x000000000000261c       0x40 build/ch32v30x_eth.o
                0x000000000000261c                ETH_DMATxDescChainInit
 .text.ETH_DMARxDescChainInit
                0x000000000000265c       0x50 build/ch32v30x_eth.o
                0x000000000000265c                ETH_DMARxDescChainInit
 .text.ETH_SoftwareReset
                0x00000000000026ac        0xe build/ch32v30x_eth.o
                0x00000000000026ac                ETH_SoftwareReset
 .text.ETH_DMAClearITPendingBit
                0x00000000000026ba        0x8 build/ch32v30x_eth.o
                0x00000000000026ba                ETH_DMAClearITPendingBit
 .text.ETH_FlushTransmitFIFO
                0x00000000000026c2       0x10 build/ch32v30x_eth.o
                0x00000000000026c2                ETH_FlushTransmitFIFO
 .text.ETH_Start
                0x00000000000026d2       0x32 build/ch32v30x_eth.o
                0x00000000000026d2                ETH_Start
 .text.ETH_DMAITConfig
                0x0000000000002704       0x1e build/ch32v30x_eth.o
                0x0000000000002704                ETH_DMAITConfig
 .text.EXTI_ClearITPendingBit
                0x0000000000002722        0xa build/ch32v30x_exti.o
                0x0000000000002722                EXTI_ClearITPendingBit
 .text.FLASH_Unlock
                0x000000000000272c       0x1a build/ch32v30x_flash.o
                0x000000000000272c                FLASH_Unlock
 .text.FLASH_Lock
                0x0000000000002746        0xe build/ch32v30x_flash.o
                0x0000000000002746                FLASH_Lock
 .text.FLASH_GetBank1Status
                0x0000000000002754       0x18 build/ch32v30x_flash.o
                0x0000000000002754                FLASH_GetBank1Status
 .text.FLASH_WaitForLastOperation
                0x000000000000276c       0x20 build/ch32v30x_flash.o
                0x000000000000276c                FLASH_WaitForLastOperation
 .text.FLASH_ProgramWord
                0x000000000000278c       0x54 build/ch32v30x_flash.o
                0x000000000000278c                FLASH_ProgramWord
 .text.FLASH_Unlock_Fast
                0x00000000000027e0       0x1e build/ch32v30x_flash.o
                0x00000000000027e0                FLASH_Unlock_Fast
 .text.FLASH_Lock_Fast
                0x00000000000027fe        0xc build/ch32v30x_flash.o
                0x00000000000027fe                FLASH_Lock_Fast
 .text.FLASH_ErasePage_Fast
                0x000000000000280a       0x2e build/ch32v30x_flash.o
                0x000000000000280a                FLASH_ErasePage_Fast
 .text.GPIO_Init
                0x0000000000002838       0xd6 build/ch32v30x_gpio.o
                0x0000000000002838                GPIO_Init
 .text.GPIO_ReadInputDataBit
                0x000000000000290e        0xa build/ch32v30x_gpio.o
                0x000000000000290e                GPIO_ReadInputDataBit
 .text.GPIO_SetBits
                0x0000000000002918        0x4 build/ch32v30x_gpio.o
                0x0000000000002918                GPIO_SetBits
 .text.GPIO_ResetBits
                0x000000000000291c        0x4 build/ch32v30x_gpio.o
                0x000000000000291c                GPIO_ResetBits
 .text.RCC_GetClocksFreq
                0x0000000000002920      0x19a build/ch32v30x_rcc.o
                0x0000000000002920                RCC_GetClocksFreq
 .text.RCC_AHBPeriphClockCmd
                0x0000000000002aba       0x1e build/ch32v30x_rcc.o
                0x0000000000002aba                RCC_AHBPeriphClockCmd
 .text.RCC_APB2PeriphClockCmd
                0x0000000000002ad8       0x1e build/ch32v30x_rcc.o
                0x0000000000002ad8                RCC_APB2PeriphClockCmd
 .text.RCC_APB1PeriphClockCmd
                0x0000000000002af6       0x1e build/ch32v30x_rcc.o
                0x0000000000002af6                RCC_APB1PeriphClockCmd
 .text.RCC_GetFlagStatus
                0x0000000000002b14       0x2e build/ch32v30x_rcc.o
                0x0000000000002b14                RCC_GetFlagStatus
 .text.RCC_PREDIV2Config
                0x0000000000002b42       0x10 build/ch32v30x_rcc.o
                0x0000000000002b42                RCC_PREDIV2Config
 .text.RCC_PLL3Config
                0x0000000000002b52       0x12 build/ch32v30x_rcc.o
                0x0000000000002b52                RCC_PLL3Config
 .text.RCC_PLL3Cmd
                0x0000000000002b64       0x24 build/ch32v30x_rcc.o
                0x0000000000002b64                RCC_PLL3Cmd
 .text.RCC_AHBPeriphResetCmd
                0x0000000000002b88       0x1e build/ch32v30x_rcc.o
                0x0000000000002b88                RCC_AHBPeriphResetCmd
 .text.TIM_TimeBaseInit
                0x0000000000002ba6       0xaa build/ch32v30x_tim.o
                0x0000000000002ba6                TIM_TimeBaseInit
 .text.TIM_Cmd  0x0000000000002c50       0x18 build/ch32v30x_tim.o
                0x0000000000002c50                TIM_Cmd
 .text.TIM_ITConfig
                0x0000000000002c68       0x12 build/ch32v30x_tim.o
                0x0000000000002c68                TIM_ITConfig
 .text.TIM_ClearITPendingBit
                0x0000000000002c7a        0xc build/ch32v30x_tim.o
                0x0000000000002c7a                TIM_ClearITPendingBit
 .text.USART_Init
                0x0000000000002c86       0xce build/ch32v30x_usart.o
                0x0000000000002c86                USART_Init
 .text.USART_Cmd
                0x0000000000002d54       0x16 build/ch32v30x_usart.o
                0x0000000000002d54                USART_Cmd
 .text.USART_SendData
                0x0000000000002d6a        0x8 build/ch32v30x_usart.o
                0x0000000000002d6a                USART_SendData
 .text.USART_GetFlagStatus
                0x0000000000002d72        0xa build/ch32v30x_usart.o
                0x0000000000002d72                USART_GetFlagStatus
 .text.vector_handler
                0x0000000000002d7c       0xbe build/startup_ch32v30x_D8C.o
                0x0000000000002d80                Ecall_M_Mode_Handler
                0x0000000000002d82                Ecall_U_Mode_Handler
                0x0000000000002d84                Break_Point_Handler
                0x0000000000002d86                SysTick_Handler
                0x0000000000002d88                SW_Handler
                0x0000000000002d8a                WWDG_IRQHandler
                0x0000000000002d8c                PVD_IRQHandler
                0x0000000000002d8e                TAMPER_IRQHandler
                0x0000000000002d90                RTC_IRQHandler
                0x0000000000002d92                FLASH_IRQHandler
                0x0000000000002d94                RCC_IRQHandler
                0x0000000000002d96                EXTI0_IRQHandler
                0x0000000000002d98                EXTI1_IRQHandler
                0x0000000000002d9a                EXTI2_IRQHandler
                0x0000000000002d9c                EXTI3_IRQHandler
                0x0000000000002d9e                EXTI4_IRQHandler
                0x0000000000002da0                DMA1_Channel1_IRQHandler
                0x0000000000002da2                DMA1_Channel2_IRQHandler
                0x0000000000002da4                DMA1_Channel3_IRQHandler
                0x0000000000002da6                DMA1_Channel4_IRQHandler
                0x0000000000002da8                DMA1_Channel5_IRQHandler
                0x0000000000002daa                DMA1_Channel6_IRQHandler
                0x0000000000002dac                DMA1_Channel7_IRQHandler
                0x0000000000002dae                ADC1_2_IRQHandler
                0x0000000000002db0                USB_HP_CAN1_TX_IRQHandler
                0x0000000000002db2                USB_LP_CAN1_RX0_IRQHandler
                0x0000000000002db4                CAN1_RX1_IRQHandler
                0x0000000000002db6                CAN1_SCE_IRQHandler
                0x0000000000002dba                TIM1_BRK_IRQHandler
                0x0000000000002dbc                TIM1_UP_IRQHandler
                0x0000000000002dbe                TIM1_TRG_COM_IRQHandler
                0x0000000000002dc0                TIM1_CC_IRQHandler
                0x0000000000002dc4                TIM3_IRQHandler
                0x0000000000002dc6                TIM4_IRQHandler
                0x0000000000002dc8                I2C1_EV_IRQHandler
                0x0000000000002dca                I2C1_ER_IRQHandler
                0x0000000000002dcc                I2C2_EV_IRQHandler
                0x0000000000002dce                I2C2_ER_IRQHandler
                0x0000000000002dd0                SPI1_IRQHandler
                0x0000000000002dd2                SPI2_IRQHandler
                0x0000000000002dd4                USART1_IRQHandler
                0x0000000000002dd6                USART2_IRQHandler
                0x0000000000002dd8                USART3_IRQHandler
                0x0000000000002dda                EXTI15_10_IRQHandler
                0x0000000000002ddc                RTCAlarm_IRQHandler
                0x0000000000002dde                USBWakeUp_IRQHandler
                0x0000000000002de0                TIM8_BRK_IRQHandler
                0x0000000000002de2                TIM8_UP_IRQHandler
                0x0000000000002de4                TIM8_TRG_COM_IRQHandler
                0x0000000000002de6                TIM8_CC_IRQHandler
                0x0000000000002de8                RNG_IRQHandler
                0x0000000000002dea                FSMC_IRQHandler
                0x0000000000002dec                SDIO_IRQHandler
                0x0000000000002dee                TIM5_IRQHandler
                0x0000000000002df0                SPI3_IRQHandler
                0x0000000000002df2                UART4_IRQHandler
                0x0000000000002df4                UART5_IRQHandler
                0x0000000000002df6                TIM6_IRQHandler
                0x0000000000002df8                TIM7_IRQHandler
                0x0000000000002dfa                DMA2_Channel1_IRQHandler
                0x0000000000002dfc                DMA2_Channel2_IRQHandler
                0x0000000000002dfe                DMA2_Channel3_IRQHandler
                0x0000000000002e00                DMA2_Channel4_IRQHandler
                0x0000000000002e02                DMA2_Channel5_IRQHandler
                0x0000000000002e06                ETH_WKUP_IRQHandler
                0x0000000000002e08                CAN2_TX_IRQHandler
                0x0000000000002e0a                CAN2_RX0_IRQHandler
                0x0000000000002e0c                CAN2_RX1_IRQHandler
                0x0000000000002e0e                CAN2_SCE_IRQHandler
                0x0000000000002e10                OTG_FS_IRQHandler
                0x0000000000002e12                USBHSWakeup_IRQHandler
                0x0000000000002e14                USBHS_IRQHandler
                0x0000000000002e16                DVP_IRQHandler
                0x0000000000002e18                UART6_IRQHandler
                0x0000000000002e1a                UART7_IRQHandler
                0x0000000000002e1c                UART8_IRQHandler
                0x0000000000002e1e                TIM9_BRK_IRQHandler
                0x0000000000002e20                TIM9_UP_IRQHandler
                0x0000000000002e22                TIM9_TRG_COM_IRQHandler
                0x0000000000002e24                TIM9_CC_IRQHandler
                0x0000000000002e26                TIM10_BRK_IRQHandler
                0x0000000000002e28                TIM10_UP_IRQHandler
                0x0000000000002e2a                TIM10_TRG_COM_IRQHandler
                0x0000000000002e2c                TIM10_CC_IRQHandler
                0x0000000000002e2e                DMA2_Channel6_IRQHandler
                0x0000000000002e30                DMA2_Channel7_IRQHandler
                0x0000000000002e32                DMA2_Channel8_IRQHandler
                0x0000000000002e34                DMA2_Channel9_IRQHandler
                0x0000000000002e36                DMA2_Channel10_IRQHandler
                0x0000000000002e38                DMA2_Channel11_IRQHandler
 .text.handle_reset
                0x0000000000002e3a       0x9e build/startup_ch32v30x_D8C.o
                0x0000000000002e3a                handle_reset
 .text.WCHNET_PeriodicHandle
                0x0000000000002ed8      0x1a6 NetLib/libwchnet.a(eth_api.o)
                0x0000000000002ed8                WCHNET_PeriodicHandle
 .text.WCHNET_NetInput
                0x000000000000307e       0x24 NetLib/libwchnet.a(eth_api.o)
                0x000000000000307e                WCHNET_NetInput
 .text.WCHNET_PhyStatus
                0x00000000000030a2       0x4e NetLib/libwchnet.a(eth_api.o)
                0x00000000000030a2                WCHNET_PhyStatus
 .text.WCHNET_Rx
                0x00000000000030f0       0x6a NetLib/libwchnet.a(eth_api.o)
                0x00000000000030f0                WCHNET_Rx
 .text.setRxBuffAddr
                0x000000000000315a       0x16 NetLib/libwchnet.a(eth_api.o)
                0x000000000000315a                setRxBuffAddr
 .text.WCHNET_Tx
                0x0000000000003170       0x36 NetLib/libwchnet.a(eth_api.o)
                0x0000000000003170                WCHNET_Tx
 .text.getTxBuffAddr
                0x00000000000031a6       0x54 NetLib/libwchnet.a(eth_api.o)
                0x00000000000031a6                getTxBuffAddr
 .text.IPCheckParaInit
                0x00000000000031fa       0x22 NetLib/libwchnet.a(ipcheck.o)
                0x00000000000031fa                IPCheckParaInit
 .text.SelIPARPSend
                0x000000000000321c       0x38 NetLib/libwchnet.a(ipcheck.o)
                0x000000000000321c                SelIPARPSend
 .text.IPCheckTmr
                0x0000000000003254       0x42 NetLib/libwchnet.a(ipcheck.o)
                0x0000000000003254                IPCheckTmr
 .text.IPConflictHandle
                0x0000000000003296       0x2e NetLib/libwchnet.a(ipcheck.o)
                0x0000000000003296                IPConflictHandle
 .text.NET_TCPError
                0x00000000000032c4        0x2 NetLib/libwchnet.a(socket.o)
                0x00000000000032c4                NET_TCPError
 .text.LwipTCPSendCallBack
                0x00000000000032c6       0x3e NetLib/libwchnet.a(socket.o)
                0x00000000000032c6                LwipTCPSendCallBack
 .text.LwipTCPPollCallBack
                0x0000000000003304        0x4 NetLib/libwchnet.a(socket.o)
                0x0000000000003304                LwipTCPPollCallBack
 .text.SocketIPRAWReceive
                0x0000000000003308       0xc8 NetLib/libwchnet.a(socket.o)
                0x0000000000003308                SocketIPRAWReceive
 .text.SocketUdpReceive
                0x00000000000033d0       0xde NetLib/libwchnet.a(socket.o)
                0x00000000000033d0                SocketUdpReceive
 .text.WCHSocketTCPReceive
                0x00000000000034ae       0xda NetLib/libwchnet.a(socket.o)
                0x00000000000034ae                WCHSocketTCPReceive
 .text.LwipTcpConnectedCallBack
                0x0000000000003588       0x42 NetLib/libwchnet.a(socket.o)
                0x0000000000003588                LwipTcpConnectedCallBack
 .text.WCHTCPServerAccept
                0x00000000000035ca       0xce NetLib/libwchnet.a(socket.o)
                0x00000000000035ca                WCHTCPServerAccept
 .text.ErrorEncode
                0x0000000000003698       0x1a NetLib/libwchnet.a(socket.o)
                0x0000000000003698                ErrorEncode
 .text.WCHSocketInit
                0x00000000000036b2       0x54 NetLib/libwchnet.a(socket.o)
                0x00000000000036b2                WCHSocketInit
 .text.WCHNET_Init
                0x0000000000003706       0xb4 NetLib/libwchnet.a(socket.o)
                0x0000000000003706                WCHNET_Init
 .text.WCHNET_ConfigLIB
                0x00000000000037ba      0x128 NetLib/libwchnet.a(socket.o)
                0x00000000000037ba                WCHNET_ConfigLIB
 .text.WCHNET_GetVer
                0x00000000000038e2        0x4 NetLib/libwchnet.a(socket.o)
                0x00000000000038e2                WCHNET_GetVer
 .text.WCHFindCorrectTCBPcb
                0x00000000000038e6       0x5e NetLib/libwchnet.a(socket.o)
                0x00000000000038e6                WCHFindCorrectTCBPcb
 .text.WCHNET_SocketCreat
                0x0000000000003944      0x1da NetLib/libwchnet.a(socket.o)
                0x0000000000003944                WCHNET_SocketCreat
 .text.tcp_recved_socket
                0x0000000000003b1e       0x3a NetLib/libwchnet.a(socket.o)
                0x0000000000003b1e                tcp_recved_socket
 .text.WCHNET_ModifyRecvBuf
                0x0000000000003b58       0x52 NetLib/libwchnet.a(socket.o)
                0x0000000000003b58                WCHNET_ModifyRecvBuf
 .text.WCHNET_SocketRecv
                0x0000000000003baa       0xfc NetLib/libwchnet.a(socket.o)
                0x0000000000003baa                WCHNET_SocketRecv
 .text.WCHNET_SocketRecvLen
                0x0000000000003ca6       0x26 NetLib/libwchnet.a(socket.o)
                0x0000000000003ca6                WCHNET_SocketRecvLen
 .text.SocketIPRawSend
                0x0000000000003ccc       0xc6 NetLib/libwchnet.a(socket.o)
                0x0000000000003ccc                SocketIPRawSend
 .text.SocketUdpSend
                0x0000000000003d92       0xc6 NetLib/libwchnet.a(socket.o)
                0x0000000000003d92                SocketUdpSend
 .text.SocketTcpSend
                0x0000000000003e58      0x108 NetLib/libwchnet.a(socket.o)
                0x0000000000003e58                SocketTcpSend
 .text.WCHNET_SocketSend
                0x0000000000003f60       0x56 NetLib/libwchnet.a(socket.o)
                0x0000000000003f60                WCHNET_SocketSend
 .text.WCHScokedIntHandle
                0x0000000000003fb6       0x52 NetLib/libwchnet.a(socket.o)
                0x0000000000003fb6                WCHScokedIntHandle
 .text.LwipRemoveTcpPcb
                0x0000000000004008       0xae NetLib/libwchnet.a(socket.o)
                0x0000000000004008                LwipRemoveTcpPcb
 .text.WCHNET_QueryGlobalInt
                0x00000000000040b6       0x3e NetLib/libwchnet.a(socket.o)
                0x00000000000040b6                WCHNET_QueryGlobalInt
 .text.WCHNET_GetGlobalInt
                0x00000000000040f4       0x14 NetLib/libwchnet.a(socket.o)
                0x00000000000040f4                WCHNET_GetGlobalInt
 .text.WCHNET_GetSocketInt
                0x0000000000004108       0x2a NetLib/libwchnet.a(socket.o)
                0x0000000000004108                WCHNET_GetSocketInt
 .text.WCHNET_GetPHYStatus
                0x0000000000004132        0xa NetLib/libwchnet.a(socket.o)
                0x0000000000004132                WCHNET_GetPHYStatus
 .text.WCHNET_SocketConnect
                0x000000000000413c       0x74 NetLib/libwchnet.a(socket.o)
                0x000000000000413c                WCHNET_SocketConnect
 .text.WCHNET_SocketListen
                0x00000000000041b0       0x6e NetLib/libwchnet.a(socket.o)
                0x00000000000041b0                WCHNET_SocketListen
 .text.CloseUpdConnect
                0x000000000000421e       0x38 NetLib/libwchnet.a(socket.o)
                0x000000000000421e                CloseUpdConnect
 .text.CloseIPRAWConnect
                0x0000000000004256       0x38 NetLib/libwchnet.a(socket.o)
                0x0000000000004256                CloseIPRAWConnect
 .text.CloseTcpPCB
                0x000000000000428e       0x84 NetLib/libwchnet.a(socket.o)
                0x000000000000428e                CloseTcpPCB
 .text.WCHNET_SocketClose
                0x0000000000004312       0x60 NetLib/libwchnet.a(socket.o)
                0x0000000000004312                WCHNET_SocketClose
 .text.QueryPingEnable
                0x0000000000004372        0xe NetLib/libwchnet.a(socket.o)
                0x0000000000004372                QueryPingEnable
 .text.LwipUnreachPort
                0x0000000000004380       0x1a NetLib/libwchnet.a(socket.o)
                0x0000000000004380                LwipUnreachPort
 .text.LwipArpCheck
                0x000000000000439a        0xc NetLib/libwchnet.a(socket.o)
                0x000000000000439a                LwipArpCheck
 .text.find_entry
                0x00000000000043a6      0x182 NetLib/libwchnet.a(etharp.o)
 .text.update_arp_entry
                0x0000000000004528       0xba NetLib/libwchnet.a(etharp.o)
 .text.etharp_tmr
                0x00000000000045e2       0x52 NetLib/libwchnet.a(etharp.o)
                0x00000000000045e2                etharp_tmr
 .text.etharp_ip_input
                0x0000000000004634       0x5a NetLib/libwchnet.a(etharp.o)
                0x0000000000004634                etharp_ip_input
 .text.etharp_arp_input
                0x000000000000468e      0x170 NetLib/libwchnet.a(etharp.o)
                0x000000000000468e                etharp_arp_input
 .text.etharp_request
                0x00000000000047fe       0xd6 NetLib/libwchnet.a(etharp.o)
                0x00000000000047fe                etharp_request
 .text.etharp_query
                0x00000000000048d4       0xee NetLib/libwchnet.a(etharp.o)
                0x00000000000048d4                etharp_query
 .text.etharp_output
                0x00000000000049c2      0x13c NetLib/libwchnet.a(etharp.o)
                0x00000000000049c2                etharp_output
 .text.ethernet_input
                0x0000000000004afe       0x8e NetLib/libwchnet.a(etharp.o)
                0x0000000000004afe                ethernet_input
 .text.ethernetif_init
                0x0000000000004b8c       0x64 NetLib/libwchnet.a(ethernetif.o)
                0x0000000000004b8c                ethernetif_init
 .text.low_level_output
                0x0000000000004bf0       0x5a NetLib/libwchnet.a(ethernetif.o)
 .text.ethernetif_input
                0x0000000000004c4a       0x78 NetLib/libwchnet.a(ethernetif.o)
                0x0000000000004c4a                ethernetif_input
 .text.wch_ethernetif_init
                0x0000000000004cc2       0x76 NetLib/libwchnet.a(ethernetif.o)
                0x0000000000004cc2                wch_ethernetif_init
 .text.htons    0x0000000000004d38        0xe NetLib/libwchnet.a(inet.o)
                0x0000000000004d38                htons
 .text.ntohs    0x0000000000004d46        0xe NetLib/libwchnet.a(inet.o)
                0x0000000000004d46                ntohs
 .text.htonl    0x0000000000004d54       0x24 NetLib/libwchnet.a(inet.o)
                0x0000000000004d54                htonl
 .text.ntohl    0x0000000000004d78        0xc NetLib/libwchnet.a(inet.o)
                0x0000000000004d78                ntohl
 .text.ip_route
                0x0000000000004d84       0x4c NetLib/libwchnet.a(ip.o)
                0x0000000000004d84                ip_route
 .text.ip_input
                0x0000000000004dd0      0x2a2 NetLib/libwchnet.a(ip.o)
                0x0000000000004dd0                ip_input
 .text.ip_output_if
                0x0000000000005072      0x162 NetLib/libwchnet.a(ip.o)
                0x0000000000005072                ip_output_if
 .text.ip_output
                0x00000000000051d4       0x36 NetLib/libwchnet.a(ip.o)
                0x00000000000051d4                ip_output
 .text.ip_addr_isbroadcast
                0x000000000000520a       0x4a NetLib/libwchnet.a(ip_addr.o)
                0x000000000000520a                ip_addr_isbroadcast
 .text.ip_reass_tmr
                0x0000000000005254       0xee NetLib/libwchnet.a(ip_frag.o)
                0x0000000000005254                ip_reass_tmr
 .text.ip_reass
                0x0000000000005342      0x3e4 NetLib/libwchnet.a(ip_frag.o)
                0x0000000000005342                ip_reass
 .text.ip_frag  0x0000000000005726      0x186 NetLib/libwchnet.a(ip_frag.o)
                0x0000000000005726                ip_frag
 .text.dhcp_set_state
                0x00000000000058ac        0xe NetLib/libwchnet.a(dhcp.o)
 .text.dhcp_option
                0x00000000000058ba       0x20 NetLib/libwchnet.a(dhcp.o)
 .text.dhcp_option_byte
                0x00000000000058da       0x12 NetLib/libwchnet.a(dhcp.o)
 .text.dhcp_option_long
                0x00000000000058ec       0x48 NetLib/libwchnet.a(dhcp.o)
 .text.dhcp_option_trailer
                0x0000000000005934       0x34 NetLib/libwchnet.a(dhcp.o)
 .text.dhcp_create_request
                0x0000000000005968      0x186 NetLib/libwchnet.a(dhcp.o)
 .text.dhcp_delete_request
                0x0000000000005aee       0x1e NetLib/libwchnet.a(dhcp.o)
 .text.dhcp_arp_reply
                0x0000000000005b0c      0x18a NetLib/libwchnet.a(dhcp.o)
                0x0000000000005b0c                dhcp_arp_reply
 .text.lwip_init
                0x0000000000005c96       0x18 NetLib/libwchnet.a(init.o)
                0x0000000000005c96                lwip_init
 .text.mem_init
                0x0000000000005cae       0x3e NetLib/libwchnet.a(mem.o)
                0x0000000000005cae                mem_init
 .text.mem_free
                0x0000000000005cec       0x84 NetLib/libwchnet.a(mem.o)
                0x0000000000005cec                mem_free
 .text.mem_realloc
                0x0000000000005d70       0xca NetLib/libwchnet.a(mem.o)
                0x0000000000005d70                mem_realloc
 .text.mem_malloc
                0x0000000000005e3a       0xd0 NetLib/libwchnet.a(mem.o)
                0x0000000000005e3a                mem_malloc
 .text.memp_init
                0x0000000000005f0a       0x50 NetLib/libwchnet.a(memp.o)
                0x0000000000005f0a                memp_init
 .text.memp_malloc
                0x0000000000005f5a       0x20 NetLib/libwchnet.a(memp.o)
                0x0000000000005f5a                memp_malloc
 .text.memp_free
                0x0000000000005f7a       0x18 NetLib/libwchnet.a(memp.o)
                0x0000000000005f7a                memp_free
 .text.netif_set_ipaddr
                0x0000000000005f92       0x9e NetLib/libwchnet.a(netif.o)
                0x0000000000005f92                netif_set_ipaddr
 .text.netif_set_addr
                0x0000000000006030       0x4e NetLib/libwchnet.a(netif.o)
                0x0000000000006030                netif_set_addr
 .text.netif_add
                0x000000000000607e       0x5a NetLib/libwchnet.a(netif.o)
                0x000000000000607e                netif_add
 .text.netif_set_default
                0x00000000000060d8        0x6 NetLib/libwchnet.a(netif.o)
                0x00000000000060d8                netif_set_default
 .text.netif_is_up
                0x00000000000060de        0x8 NetLib/libwchnet.a(netif.o)
                0x00000000000060de                netif_is_up
 .text.pbuf_header
                0x00000000000060e6       0x6e NetLib/libwchnet.a(pbuf.o)
                0x00000000000060e6                pbuf_header
 .text.pbuf_free
                0x0000000000006154       0x56 NetLib/libwchnet.a(pbuf.o)
                0x0000000000006154                pbuf_free
 .text.pbuf_alloc
                0x00000000000061aa      0x148 NetLib/libwchnet.a(pbuf.o)
                0x00000000000061aa                pbuf_alloc
 .text.pbuf_realloc
                0x00000000000062f2       0x58 NetLib/libwchnet.a(pbuf.o)
                0x00000000000062f2                pbuf_realloc
 .text.pbuf_clen
                0x000000000000634a       0x12 NetLib/libwchnet.a(pbuf.o)
                0x000000000000634a                pbuf_clen
 .text.pbuf_ref
                0x000000000000635c        0xa NetLib/libwchnet.a(pbuf.o)
                0x000000000000635c                pbuf_ref
 .text.pbuf_cat
                0x0000000000006366       0x1c NetLib/libwchnet.a(pbuf.o)
                0x0000000000006366                pbuf_cat
 .text.pbuf_chain
                0x0000000000006382       0x14 NetLib/libwchnet.a(pbuf.o)
                0x0000000000006382                pbuf_chain
 .text.pbuf_copy
                0x0000000000006396       0xa4 NetLib/libwchnet.a(pbuf.o)
                0x0000000000006396                pbuf_copy
 .text.raw_input
                0x000000000000643a       0x70 NetLib/libwchnet.a(raw.o)
                0x000000000000643a                raw_input
 .text.raw_bind
                0x00000000000064aa       0x1e NetLib/libwchnet.a(raw.o)
                0x00000000000064aa                raw_bind
 .text.raw_connect
                0x00000000000064c8       0x1e NetLib/libwchnet.a(raw.o)
                0x00000000000064c8                raw_connect
 .text.raw_recv
                0x00000000000064e6        0x6 NetLib/libwchnet.a(raw.o)
                0x00000000000064e6                raw_recv
 .text.raw_sendto
                0x00000000000064ec       0x86 NetLib/libwchnet.a(raw.o)
                0x00000000000064ec                raw_sendto
 .text.raw_send
                0x0000000000006572       0x10 NetLib/libwchnet.a(raw.o)
                0x0000000000006572                raw_send
 .text.raw_remove
                0x0000000000006582       0x30 NetLib/libwchnet.a(raw.o)
                0x0000000000006582                raw_remove
 .text.raw_new  0x00000000000065b2       0x30 NetLib/libwchnet.a(raw.o)
                0x00000000000065b2                raw_new
 .text.tcp_accept_null
                0x00000000000065e2        0x4 NetLib/libwchnet.a(tcp.o)
 .text.tcp_new_port
                0x00000000000065e6       0x5c NetLib/libwchnet.a(tcp.o)
 .text.tcp_bind
                0x0000000000006642      0x11e NetLib/libwchnet.a(tcp.o)
                0x0000000000006642                tcp_bind
 .text.tcp_listen_with_backlog
                0x0000000000006760       0x9a NetLib/libwchnet.a(tcp.o)
                0x0000000000006760                tcp_listen_with_backlog
 .text.tcp_update_rcv_ann_wnd
                0x00000000000067fa       0x48 NetLib/libwchnet.a(tcp.o)
                0x00000000000067fa                tcp_update_rcv_ann_wnd
 .text.tcp_recved
                0x0000000000006842       0x3c NetLib/libwchnet.a(tcp.o)
                0x0000000000006842                tcp_recved
 .text.tcp_seg_free
                0x000000000000687e       0x2a NetLib/libwchnet.a(tcp.o)
                0x000000000000687e                tcp_seg_free
 .text.tcp_segs_free
                0x00000000000068a8       0x1e NetLib/libwchnet.a(tcp.o)
                0x00000000000068a8                tcp_segs_free
 .text.tcp_seg_copy
                0x00000000000068c6       0x28 NetLib/libwchnet.a(tcp.o)
                0x00000000000068c6                tcp_seg_copy
 .text.tcp_arg  0x00000000000068ee        0x4 NetLib/libwchnet.a(tcp.o)
                0x00000000000068ee                tcp_arg
 .text.tcp_recv
                0x00000000000068f2        0x6 NetLib/libwchnet.a(tcp.o)
                0x00000000000068f2                tcp_recv
 .text.tcp_sent
                0x00000000000068f8        0x6 NetLib/libwchnet.a(tcp.o)
                0x00000000000068f8                tcp_sent
 .text.tcp_err  0x00000000000068fe        0x6 NetLib/libwchnet.a(tcp.o)
                0x00000000000068fe                tcp_err
 .text.tcp_accept
                0x0000000000006904        0x4 NetLib/libwchnet.a(tcp.o)
                0x0000000000006904                tcp_accept
 .text.tcp_poll
                0x0000000000006908        0xa NetLib/libwchnet.a(tcp.o)
                0x0000000000006908                tcp_poll
 .text.tcp_pcb_purge
                0x0000000000006912       0x4e NetLib/libwchnet.a(tcp.o)
                0x0000000000006912                tcp_pcb_purge
 .text.tcp_slowtmr
                0x0000000000006960      0x2a6 NetLib/libwchnet.a(tcp.o)
                0x0000000000006960                tcp_slowtmr
 .text.tcp_pcb_remove
                0x0000000000006c06       0x72 NetLib/libwchnet.a(tcp.o)
                0x0000000000006c06                tcp_pcb_remove
 .text.tcp_close
                0x0000000000006c78       0xb2 NetLib/libwchnet.a(tcp.o)
                0x0000000000006c78                tcp_close
 .text.tcp_recv_null
                0x0000000000006d2a       0x30 NetLib/libwchnet.a(tcp.o)
                0x0000000000006d2a                tcp_recv_null
 .text.tcp_fasttmr
                0x0000000000006d5a       0x62 NetLib/libwchnet.a(tcp.o)
                0x0000000000006d5a                tcp_fasttmr
 .text.tcp_tmr  0x0000000000006dbc       0x22 NetLib/libwchnet.a(tcp.o)
                0x0000000000006dbc                tcp_tmr
 .text.tcp_abandon
                0x0000000000006dde       0xa2 NetLib/libwchnet.a(tcp.o)
                0x0000000000006dde                tcp_abandon
 .text.tcp_next_iss
                0x0000000000006e80       0x10 NetLib/libwchnet.a(tcp.o)
                0x0000000000006e80                tcp_next_iss
 .text.tcp_alloc
                0x0000000000006e90      0x13c NetLib/libwchnet.a(tcp.o)
                0x0000000000006e90                tcp_alloc
 .text.tcp_new  0x0000000000006fcc       0x10 NetLib/libwchnet.a(tcp.o)
                0x0000000000006fcc                tcp_new
 .text.tcp_eff_send_mss
                0x0000000000006fdc       0x2e NetLib/libwchnet.a(tcp.o)
                0x0000000000006fdc                tcp_eff_send_mss
 .text.tcp_connect
                0x000000000000700a       0xf0 NetLib/libwchnet.a(tcp.o)
                0x000000000000700a                tcp_connect
 .text.RemoveTimeWaiTCP
                0x00000000000070fa       0x3a NetLib/libwchnet.a(tcp.o)
                0x00000000000070fa                RemoveTimeWaiTCP
 .text.tcp_oos_insert_segment
                0x0000000000007134       0xd6 NetLib/libwchnet.a(tcp_in.o)
 .text.tcp_receive
                0x000000000000720a      0x8f8 NetLib/libwchnet.a(tcp_in.o)
 .text.tcp_parseopt.isra.0
                0x0000000000007b02       0xae NetLib/libwchnet.a(tcp_in.o)
 .text.tcp_input
                0x0000000000007bb0      0x9dc NetLib/libwchnet.a(tcp_in.o)
                0x0000000000007bb0                tcp_input
 .text.tcp_output_set_header.isra.0.constprop.1
                0x000000000000858c       0xdc NetLib/libwchnet.a(tcp_out.o)
 .text.tcp_enqueue
                0x0000000000008668      0x450 NetLib/libwchnet.a(tcp_out.o)
                0x0000000000008668                tcp_enqueue
 .text.tcp_send_ctrl
                0x0000000000008ab8       0x16 NetLib/libwchnet.a(tcp_out.o)
                0x0000000000008ab8                tcp_send_ctrl
 .text.tcp_write
                0x0000000000008ace       0x30 NetLib/libwchnet.a(tcp_out.o)
                0x0000000000008ace                tcp_write
 .text.tcp_send_empty_ack
                0x0000000000008afe       0x80 NetLib/libwchnet.a(tcp_out.o)
                0x0000000000008afe                tcp_send_empty_ack
 .text.tcp_output
                0x0000000000008b7e      0x380 NetLib/libwchnet.a(tcp_out.o)
                0x0000000000008b7e                tcp_output
 .text.tcp_rst  0x0000000000008efe      0x110 NetLib/libwchnet.a(tcp_out.o)
                0x0000000000008efe                tcp_rst
 .text.tcp_rexmit_rto
                0x000000000000900e       0x36 NetLib/libwchnet.a(tcp_out.o)
                0x000000000000900e                tcp_rexmit_rto
 .text.tcp_rexmit
                0x0000000000009044       0x84 NetLib/libwchnet.a(tcp_out.o)
                0x0000000000009044                tcp_rexmit
 .text.tcp_rexmit_fast
                0x00000000000090c8       0x62 NetLib/libwchnet.a(tcp_out.o)
                0x00000000000090c8                tcp_rexmit_fast
 .text.tcp_keepalive
                0x000000000000912a       0x66 NetLib/libwchnet.a(tcp_out.o)
                0x000000000000912a                tcp_keepalive
 .text.tcp_zero_window_probe
                0x0000000000009190       0xda NetLib/libwchnet.a(tcp_out.o)
                0x0000000000009190                tcp_zero_window_probe
 .text.udp_input
                0x000000000000926a      0x240 NetLib/libwchnet.a(udp.o)
                0x000000000000926a                udp_input
 .text.udp_bind
                0x00000000000094aa       0x9a NetLib/libwchnet.a(udp.o)
                0x00000000000094aa                udp_bind
 .text.udp_sendto_if
                0x0000000000009544       0xde NetLib/libwchnet.a(udp.o)
                0x0000000000009544                udp_sendto_if
 .text.udp_sendto
                0x0000000000009622       0x2e NetLib/libwchnet.a(udp.o)
                0x0000000000009622                udp_sendto
 .text.udp_send
                0x0000000000009650       0x12 NetLib/libwchnet.a(udp.o)
                0x0000000000009650                udp_send
 .text.udp_connect
                0x0000000000009662       0x86 NetLib/libwchnet.a(udp.o)
                0x0000000000009662                udp_connect
 .text.udp_recv
                0x00000000000096e8        0x6 NetLib/libwchnet.a(udp.o)
                0x00000000000096e8                udp_recv
 .text.udp_remove
                0x00000000000096ee       0x30 NetLib/libwchnet.a(udp.o)
                0x00000000000096ee                udp_remove
 .text.udp_new  0x000000000000971e       0x24 NetLib/libwchnet.a(udp.o)
                0x000000000000971e                udp_new
 .text.icmp_send_response.isra.0
                0x0000000000009742       0x7c NetLib/libwchnet.a(icmp.o)
 .text.icmp_input
                0x00000000000097be      0x258 NetLib/libwchnet.a(icmp.o)
                0x00000000000097be                icmp_input
 .text.icmp_dest_unreach
                0x0000000000009a16       0x14 NetLib/libwchnet.a(icmp.o)
                0x0000000000009a16                icmp_dest_unreach
 .text.icmp_time_exceeded
                0x0000000000009a2a       0x14 NetLib/libwchnet.a(icmp.o)
                0x0000000000009a2a                icmp_time_exceeded
 .text.lwip_standard_chksum
                0x0000000000009a3e       0x7e NetLib/libwchnet.a(inet_chksum.o)
 .text.inet_chksum_pseudo
                0x0000000000009abc      0x100 NetLib/libwchnet.a(inet_chksum.o)
                0x0000000000009abc                inet_chksum_pseudo
 .text.inet_chksum
                0x0000000000009bbc       0x14 NetLib/libwchnet.a(inet_chksum.o)
                0x0000000000009bbc                inet_chksum
 .text.inet_chksum_pbuf
                0x0000000000009bd0       0x72 NetLib/libwchnet.a(inet_chksum.o)
                0x0000000000009bd0                inet_chksum_pbuf
 .text.atexit   0x0000000000009c42        0xc e:/program/mounriver/mounriver_studio/toolchain/risc-v embedded gcc/bin/../lib/gcc/riscv-none-embed/8.2.0/../../../../riscv-none-embed/lib/rv32ecxw/ilp32e\libg_nano.a(lib_a-atexit.o)
                0x0000000000009c42                atexit
 .text.atoi     0x0000000000009c4e        0x6 e:/program/mounriver/mounriver_studio/toolchain/risc-v embedded gcc/bin/../lib/gcc/riscv-none-embed/8.2.0/../../../../riscv-none-embed/lib/rv32ecxw/ilp32e\libg_nano.a(lib_a-atoi.o)
                0x0000000000009c4e                atoi
 .text.__libc_fini_array
                0x0000000000009c54       0x3a e:/program/mounriver/mounriver_studio/toolchain/risc-v embedded gcc/bin/../lib/gcc/riscv-none-embed/8.2.0/../../../../riscv-none-embed/lib/rv32ecxw/ilp32e\libg_nano.a(lib_a-fini.o)
                0x0000000000009c54                __libc_fini_array
 .text.__libc_init_array
                0x0000000000009c8e       0x76 e:/program/mounriver/mounriver_studio/toolchain/risc-v embedded gcc/bin/../lib/gcc/riscv-none-embed/8.2.0/../../../../riscv-none-embed/lib/rv32ecxw/ilp32e\libg_nano.a(lib_a-init.o)
                0x0000000000009c8e                __libc_init_array
 .text.memcpy   0x0000000000009d04       0xd2 e:/program/mounriver/mounriver_studio/toolchain/risc-v embedded gcc/bin/../lib/gcc/riscv-none-embed/8.2.0/../../../../riscv-none-embed/lib/rv32ecxw/ilp32e\libg_nano.a(lib_a-memcpy.o)
                0x0000000000009d04                memcpy
 .text.printf   0x0000000000009dd6       0x42 e:/program/mounriver/mounriver_studio/toolchain/risc-v embedded gcc/bin/../lib/gcc/riscv-none-embed/8.2.0/../../../../riscv-none-embed/lib/rv32ecxw/ilp32e\libg_nano.a(lib_a-printf.o)
                0x0000000000009dd6                iprintf
                0x0000000000009dd6                printf
 .text.putchar  0x0000000000009e18       0x2c e:/program/mounriver/mounriver_studio/toolchain/risc-v embedded gcc/bin/../lib/gcc/riscv-none-embed/8.2.0/../../../../riscv-none-embed/lib/rv32ecxw/ilp32e\libg_nano.a(lib_a-putchar.o)
                0x0000000000009e18                putchar
 .text._puts_r  0x0000000000009e44       0xce e:/program/mounriver/mounriver_studio/toolchain/risc-v embedded gcc/bin/../lib/gcc/riscv-none-embed/8.2.0/../../../../riscv-none-embed/lib/rv32ecxw/ilp32e\libg_nano.a(lib_a-puts.o)
                0x0000000000009e44                _puts_r
 .text.puts     0x0000000000009f12        0xc e:/program/mounriver/mounriver_studio/toolchain/risc-v embedded gcc/bin/../lib/gcc/riscv-none-embed/8.2.0/../../../../riscv-none-embed/lib/rv32ecxw/ilp32e\libg_nano.a(lib_a-puts.o)
                0x0000000000009f12                puts
 .text.sprintf  0x0000000000009f1e       0x46 e:/program/mounriver/mounriver_studio/toolchain/risc-v embedded gcc/bin/../lib/gcc/riscv-none-embed/8.2.0/../../../../riscv-none-embed/lib/rv32ecxw/ilp32e\libg_nano.a(lib_a-sprintf.o)
                0x0000000000009f1e                siprintf
                0x0000000000009f1e                sprintf
 .text.strcpy   0x0000000000009f64       0x10 e:/program/mounriver/mounriver_studio/toolchain/risc-v embedded gcc/bin/../lib/gcc/riscv-none-embed/8.2.0/../../../../riscv-none-embed/lib/rv32ecxw/ilp32e\libg_nano.a(lib_a-strcpy.o)
                0x0000000000009f64                strcpy
 .text.strlen   0x0000000000009f74       0x12 e:/program/mounriver/mounriver_studio/toolchain/risc-v embedded gcc/bin/../lib/gcc/riscv-none-embed/8.2.0/../../../../riscv-none-embed/lib/rv32ecxw/ilp32e\libg_nano.a(lib_a-strlen.o)
                0x0000000000009f74                strlen
 .text.strstr   0x0000000000009f86       0x34 e:/program/mounriver/mounriver_studio/toolchain/risc-v embedded gcc/bin/../lib/gcc/riscv-none-embed/8.2.0/../../../../riscv-none-embed/lib/rv32ecxw/ilp32e\libg_nano.a(lib_a-strstr.o)
                0x0000000000009f86                strstr
 .text.strtok   0x0000000000009fba       0x7e e:/program/mounriver/mounriver_studio/toolchain/risc-v embedded gcc/bin/../lib/gcc/riscv-none-embed/8.2.0/../../../../riscv-none-embed/lib/rv32ecxw/ilp32e\libg_nano.a(lib_a-strtok.o)
                0x0000000000009fba                strtok
 .text.__strtok_r
                0x000000000000a038       0x5c e:/program/mounriver/mounriver_studio/toolchain/risc-v embedded gcc/bin/../lib/gcc/riscv-none-embed/8.2.0/../../../../riscv-none-embed/lib/rv32ecxw/ilp32e\libg_nano.a(lib_a-strtok_r.o)
                0x000000000000a038                __strtok_r
 .text._strtol_l.isra.0
                0x000000000000a094      0x168 e:/program/mounriver/mounriver_studio/toolchain/risc-v embedded gcc/bin/../lib/gcc/riscv-none-embed/8.2.0/../../../../riscv-none-embed/lib/rv32ecxw/ilp32e\libg_nano.a(lib_a-strtol.o)
 .text.strtol   0x000000000000a1fc       0x1e e:/program/mounriver/mounriver_studio/toolchain/risc-v embedded gcc/bin/../lib/gcc/riscv-none-embed/8.2.0/../../../../riscv-none-embed/lib/rv32ecxw/ilp32e\libg_nano.a(lib_a-strtol.o)
                0x000000000000a1fc                strtol
 .text.__swbuf_r
                0x000000000000a21a       0xc2 e:/program/mounriver/mounriver_studio/toolchain/risc-v embedded gcc/bin/../lib/gcc/riscv-none-embed/8.2.0/../../../../riscv-none-embed/lib/rv32ecxw/ilp32e\libg_nano.a(lib_a-wbuf.o)
                0x000000000000a21a                __swbuf_r
 .text.__swsetup_r
                0x000000000000a2dc       0xfe e:/program/mounriver/mounriver_studio/toolchain/risc-v embedded gcc/bin/../lib/gcc/riscv-none-embed/8.2.0/../../../../riscv-none-embed/lib/rv32ecxw/ilp32e\libg_nano.a(lib_a-wsetup.o)
                0x000000000000a2dc                __swsetup_r
 .text.__register_exitproc
                0x000000000000a3da       0x82 e:/program/mounriver/mounriver_studio/toolchain/risc-v embedded gcc/bin/../lib/gcc/riscv-none-embed/8.2.0/../../../../riscv-none-embed/lib/rv32ecxw/ilp32e\libg_nano.a(lib_a-__atexit.o)
                0x000000000000a3da                __register_exitproc
 .text.startup.register_fini
                0x000000000000a45c       0x18 e:/program/mounriver/mounriver_studio/toolchain/risc-v embedded gcc/bin/../lib/gcc/riscv-none-embed/8.2.0/../../../../riscv-none-embed/lib/rv32ecxw/ilp32e\libg_nano.a(lib_a-__call_atexit.o)
 .text.__sflush_r
                0x000000000000a474      0x128 e:/program/mounriver/mounriver_studio/toolchain/risc-v embedded gcc/bin/../lib/gcc/riscv-none-embed/8.2.0/../../../../riscv-none-embed/lib/rv32ecxw/ilp32e\libg_nano.a(lib_a-fflush.o)
                0x000000000000a474                __sflush_r
 .text._fflush_r
                0x000000000000a59c       0x66 e:/program/mounriver/mounriver_studio/toolchain/risc-v embedded gcc/bin/../lib/gcc/riscv-none-embed/8.2.0/../../../../riscv-none-embed/lib/rv32ecxw/ilp32e\libg_nano.a(lib_a-fflush.o)
                0x000000000000a59c                _fflush_r
 .text.std      0x000000000000a602       0x66 e:/program/mounriver/mounriver_studio/toolchain/risc-v embedded gcc/bin/../lib/gcc/riscv-none-embed/8.2.0/../../../../riscv-none-embed/lib/rv32ecxw/ilp32e\libg_nano.a(lib_a-findfp.o)
 .text._cleanup_r
                0x000000000000a668        0xa e:/program/mounriver/mounriver_studio/toolchain/risc-v embedded gcc/bin/../lib/gcc/riscv-none-embed/8.2.0/../../../../riscv-none-embed/lib/rv32ecxw/ilp32e\libg_nano.a(lib_a-findfp.o)
                0x000000000000a668                _cleanup_r
 .text.__sfmoreglue
                0x000000000000a672       0x48 e:/program/mounriver/mounriver_studio/toolchain/risc-v embedded gcc/bin/../lib/gcc/riscv-none-embed/8.2.0/../../../../riscv-none-embed/lib/rv32ecxw/ilp32e\libg_nano.a(lib_a-findfp.o)
                0x000000000000a672                __sfmoreglue
 .text.__sinit  0x000000000000a6ba       0x6c e:/program/mounriver/mounriver_studio/toolchain/risc-v embedded gcc/bin/../lib/gcc/riscv-none-embed/8.2.0/../../../../riscv-none-embed/lib/rv32ecxw/ilp32e\libg_nano.a(lib_a-findfp.o)
                0x000000000000a6ba                __sinit
 .text.__sfp    0x000000000000a726       0x9e e:/program/mounriver/mounriver_studio/toolchain/risc-v embedded gcc/bin/../lib/gcc/riscv-none-embed/8.2.0/../../../../riscv-none-embed/lib/rv32ecxw/ilp32e\libg_nano.a(lib_a-findfp.o)
                0x000000000000a726                __sfp
 .text._fwalk_reent
                0x000000000000a7c4       0x5e e:/program/mounriver/mounriver_studio/toolchain/risc-v embedded gcc/bin/../lib/gcc/riscv-none-embed/8.2.0/../../../../riscv-none-embed/lib/rv32ecxw/ilp32e\libg_nano.a(lib_a-fwalk.o)
                0x000000000000a7c4                _fwalk_reent
 .text.__locale_ctype_ptr_l
                0x000000000000a822        0x6 e:/program/mounriver/mounriver_studio/toolchain/risc-v embedded gcc/bin/../lib/gcc/riscv-none-embed/8.2.0/../../../../riscv-none-embed/lib/rv32ecxw/ilp32e\libg_nano.a(lib_a-locale.o)
                0x000000000000a822                __locale_ctype_ptr_l
 .text.__swhatbuf_r
                0x000000000000a828       0x62 e:/program/mounriver/mounriver_studio/toolchain/risc-v embedded gcc/bin/../lib/gcc/riscv-none-embed/8.2.0/../../../../riscv-none-embed/lib/rv32ecxw/ilp32e\libg_nano.a(lib_a-makebuf.o)
                0x000000000000a828                __swhatbuf_r
 .text.__smakebuf_r
                0x000000000000a88a       0x8e e:/program/mounriver/mounriver_studio/toolchain/risc-v embedded gcc/bin/../lib/gcc/riscv-none-embed/8.2.0/../../../../riscv-none-embed/lib/rv32ecxw/ilp32e\libg_nano.a(lib_a-makebuf.o)
                0x000000000000a88a                __smakebuf_r
 .text.malloc   0x000000000000a918        0xa e:/program/mounriver/mounriver_studio/toolchain/risc-v embedded gcc/bin/../lib/gcc/riscv-none-embed/8.2.0/../../../../riscv-none-embed/lib/rv32ecxw/ilp32e\libg_nano.a(lib_a-malloc.o)
                0x000000000000a918                malloc
 .text.__ascii_mbtowc
                0x000000000000a922       0x32 e:/program/mounriver/mounriver_studio/toolchain/risc-v embedded gcc/bin/../lib/gcc/riscv-none-embed/8.2.0/../../../../riscv-none-embed/lib/rv32ecxw/ilp32e\libg_nano.a(lib_a-mbtowc_r.o)
                0x000000000000a922                __ascii_mbtowc
 .text._free_r  0x000000000000a954       0xa8 e:/program/mounriver/mounriver_studio/toolchain/risc-v embedded gcc/bin/../lib/gcc/riscv-none-embed/8.2.0/../../../../riscv-none-embed/lib/rv32ecxw/ilp32e\libg_nano.a(lib_a-nano-freer.o)
                0x000000000000a954                _free_r
 .text._malloc_r
                0x000000000000a9fc       0xe0 e:/program/mounriver/mounriver_studio/toolchain/risc-v embedded gcc/bin/../lib/gcc/riscv-none-embed/8.2.0/../../../../riscv-none-embed/lib/rv32ecxw/ilp32e\libg_nano.a(lib_a-nano-mallocr.o)
                0x000000000000a9fc                _malloc_r
 .text.__ssputs_r
                0x000000000000aadc       0xf0 e:/program/mounriver/mounriver_studio/toolchain/risc-v embedded gcc/bin/../lib/gcc/riscv-none-embed/8.2.0/../../../../riscv-none-embed/lib/rv32ecxw/ilp32e\libg_nano.a(lib_a-nano-svfprintf.o)
                0x000000000000aadc                __ssputs_r
 .text._svfprintf_r
                0x000000000000abcc      0x276 e:/program/mounriver/mounriver_studio/toolchain/risc-v embedded gcc/bin/../lib/gcc/riscv-none-embed/8.2.0/../../../../riscv-none-embed/lib/rv32ecxw/ilp32e\libg_nano.a(lib_a-nano-svfprintf.o)
                0x000000000000abcc                _svfiprintf_r
                0x000000000000abcc                _svfprintf_r
 .text.__sfputc_r
                0x000000000000ae42       0x28 e:/program/mounriver/mounriver_studio/toolchain/risc-v embedded gcc/bin/../lib/gcc/riscv-none-embed/8.2.0/../../../../riscv-none-embed/lib/rv32ecxw/ilp32e\libg_nano.a(lib_a-nano-vfprintf.o)
 .text.__sfputs_r
                0x000000000000ae6a       0x3e e:/program/mounriver/mounriver_studio/toolchain/risc-v embedded gcc/bin/../lib/gcc/riscv-none-embed/8.2.0/../../../../riscv-none-embed/lib/rv32ecxw/ilp32e\libg_nano.a(lib_a-nano-vfprintf.o)
                0x000000000000ae6a                __sfputs_r
 .text._vfprintf_r
                0x000000000000aea8      0x2aa e:/program/mounriver/mounriver_studio/toolchain/risc-v embedded gcc/bin/../lib/gcc/riscv-none-embed/8.2.0/../../../../riscv-none-embed/lib/rv32ecxw/ilp32e\libg_nano.a(lib_a-nano-vfprintf.o)
                0x000000000000aea8                _vfprintf_r
                0x000000000000aea8                _vfiprintf_r
 .text._printf_common
                0x000000000000b152      0x12c e:/program/mounriver/mounriver_studio/toolchain/risc-v embedded gcc/bin/../lib/gcc/riscv-none-embed/8.2.0/../../../../riscv-none-embed/lib/rv32ecxw/ilp32e\libg_nano.a(lib_a-nano-vfprintf_i.o)
                0x000000000000b152                _printf_common
 .text._printf_i
                0x000000000000b27e      0x2ba e:/program/mounriver/mounriver_studio/toolchain/risc-v embedded gcc/bin/../lib/gcc/riscv-none-embed/8.2.0/../../../../riscv-none-embed/lib/rv32ecxw/ilp32e\libg_nano.a(lib_a-nano-vfprintf_i.o)
                0x000000000000b27e                _printf_i
 .text._putc_r  0x000000000000b538       0x84 e:/program/mounriver/mounriver_studio/toolchain/risc-v embedded gcc/bin/../lib/gcc/riscv-none-embed/8.2.0/../../../../riscv-none-embed/lib/rv32ecxw/ilp32e\libg_nano.a(lib_a-putc.o)
                0x000000000000b538                _putc_r
 .text._sbrk_r  0x000000000000b5bc       0x32 e:/program/mounriver/mounriver_studio/toolchain/risc-v embedded gcc/bin/../lib/gcc/riscv-none-embed/8.2.0/../../../../riscv-none-embed/lib/rv32ecxw/ilp32e\libg_nano.a(lib_a-sbrkr.o)
                0x000000000000b5bc                _sbrk_r
 .text.__sread  0x000000000000b5ee       0x2c e:/program/mounriver/mounriver_studio/toolchain/risc-v embedded gcc/bin/../lib/gcc/riscv-none-embed/8.2.0/../../../../riscv-none-embed/lib/rv32ecxw/ilp32e\libg_nano.a(lib_a-stdio.o)
                0x000000000000b5ee                __sread
 .text.__swrite
                0x000000000000b61a       0x48 e:/program/mounriver/mounriver_studio/toolchain/risc-v embedded gcc/bin/../lib/gcc/riscv-none-embed/8.2.0/../../../../riscv-none-embed/lib/rv32ecxw/ilp32e\libg_nano.a(lib_a-stdio.o)
                0x000000000000b61a                __swrite
 .text.__sseek  0x000000000000b662       0x30 e:/program/mounriver/mounriver_studio/toolchain/risc-v embedded gcc/bin/../lib/gcc/riscv-none-embed/8.2.0/../../../../riscv-none-embed/lib/rv32ecxw/ilp32e\libg_nano.a(lib_a-stdio.o)
                0x000000000000b662                __sseek
 .text.__sclose
                0x000000000000b692        0x6 e:/program/mounriver/mounriver_studio/toolchain/risc-v embedded gcc/bin/../lib/gcc/riscv-none-embed/8.2.0/../../../../riscv-none-embed/lib/rv32ecxw/ilp32e\libg_nano.a(lib_a-stdio.o)
                0x000000000000b692                __sclose
 .text.__ascii_wctomb
                0x000000000000b698       0x1e e:/program/mounriver/mounriver_studio/toolchain/risc-v embedded gcc/bin/../lib/gcc/riscv-none-embed/8.2.0/../../../../riscv-none-embed/lib/rv32ecxw/ilp32e\libg_nano.a(lib_a-wctomb_r.o)
                0x000000000000b698                __ascii_wctomb
 .text._write_r
                0x000000000000b6b6       0x36 e:/program/mounriver/mounriver_studio/toolchain/risc-v embedded gcc/bin/../lib/gcc/riscv-none-embed/8.2.0/../../../../riscv-none-embed/lib/rv32ecxw/ilp32e\libg_nano.a(lib_a-writer.o)
                0x000000000000b6b6                _write_r
 .text._close_r
                0x000000000000b6ec       0x30 e:/program/mounriver/mounriver_studio/toolchain/risc-v embedded gcc/bin/../lib/gcc/riscv-none-embed/8.2.0/../../../../riscv-none-embed/lib/rv32ecxw/ilp32e\libg_nano.a(lib_a-closer.o)
                0x000000000000b6ec                _close_r
 .text._fstat_r
                0x000000000000b71c       0x32 e:/program/mounriver/mounriver_studio/toolchain/risc-v embedded gcc/bin/../lib/gcc/riscv-none-embed/8.2.0/../../../../riscv-none-embed/lib/rv32ecxw/ilp32e\libg_nano.a(lib_a-fstatr.o)
                0x000000000000b71c                _fstat_r
 .text._isatty_r
                0x000000000000b74e       0x30 e:/program/mounriver/mounriver_studio/toolchain/risc-v embedded gcc/bin/../lib/gcc/riscv-none-embed/8.2.0/../../../../riscv-none-embed/lib/rv32ecxw/ilp32e\libg_nano.a(lib_a-isattyr.o)
                0x000000000000b74e                _isatty_r
 .text._lseek_r
                0x000000000000b77e       0x34 e:/program/mounriver/mounriver_studio/toolchain/risc-v embedded gcc/bin/../lib/gcc/riscv-none-embed/8.2.0/../../../../riscv-none-embed/lib/rv32ecxw/ilp32e\libg_nano.a(lib_a-lseekr.o)
                0x000000000000b77e                _lseek_r
 .text.memchr   0x000000000000b7b2       0x18 e:/program/mounriver/mounriver_studio/toolchain/risc-v embedded gcc/bin/../lib/gcc/riscv-none-embed/8.2.0/../../../../riscv-none-embed/lib/rv32ecxw/ilp32e\libg_nano.a(lib_a-memchr.o)
                0x000000000000b7b2                memchr
 .text.memmove  0x000000000000b7ca       0x46 e:/program/mounriver/mounriver_studio/toolchain/risc-v embedded gcc/bin/../lib/gcc/riscv-none-embed/8.2.0/../../../../riscv-none-embed/lib/rv32ecxw/ilp32e\libg_nano.a(lib_a-memmove.o)
                0x000000000000b7ca                memmove
 .text.__malloc_lock
                0x000000000000b810        0x2 e:/program/mounriver/mounriver_studio/toolchain/risc-v embedded gcc/bin/../lib/gcc/riscv-none-embed/8.2.0/../../../../riscv-none-embed/lib/rv32ecxw/ilp32e\libg_nano.a(lib_a-mlock.o)
                0x000000000000b810                __malloc_lock
 .text.__malloc_unlock
                0x000000000000b812        0x2 e:/program/mounriver/mounriver_studio/toolchain/risc-v embedded gcc/bin/../lib/gcc/riscv-none-embed/8.2.0/../../../../riscv-none-embed/lib/rv32ecxw/ilp32e\libg_nano.a(lib_a-mlock.o)
                0x000000000000b812                __malloc_unlock
 .text._realloc_r
                0x000000000000b814       0x58 e:/program/mounriver/mounriver_studio/toolchain/risc-v embedded gcc/bin/../lib/gcc/riscv-none-embed/8.2.0/../../../../riscv-none-embed/lib/rv32ecxw/ilp32e\libg_nano.a(lib_a-nano-reallocr.o)
                0x000000000000b814                _realloc_r
 .text._read_r  0x000000000000b86c       0x34 e:/program/mounriver/mounriver_studio/toolchain/risc-v embedded gcc/bin/../lib/gcc/riscv-none-embed/8.2.0/../../../../riscv-none-embed/lib/rv32ecxw/ilp32e\libg_nano.a(lib_a-readr.o)
                0x000000000000b86c                _read_r
 .text._malloc_usable_size_r
                0x000000000000b8a0       0x14 e:/program/mounriver/mounriver_studio/toolchain/risc-v embedded gcc/bin/../lib/gcc/riscv-none-embed/8.2.0/../../../../riscv-none-embed/lib/rv32ecxw/ilp32e\libg_nano.a(lib_a-nano-msizer.o)
                0x000000000000b8a0                _malloc_usable_size_r
 .text._close   0x000000000000b8b4       0x10 e:/program/mounriver/mounriver_studio/toolchain/risc-v embedded gcc/bin/../lib/gcc/riscv-none-embed/8.2.0/../../../../riscv-none-embed/lib/rv32ecxw/ilp32e\libnosys.a(close.o)
                0x000000000000b8b4                _close
 .text._fstat   0x000000000000b8c4       0x10 e:/program/mounriver/mounriver_studio/toolchain/risc-v embedded gcc/bin/../lib/gcc/riscv-none-embed/8.2.0/../../../../riscv-none-embed/lib/rv32ecxw/ilp32e\libnosys.a(fstat.o)
                0x000000000000b8c4                _fstat
 .text._isatty  0x000000000000b8d4       0x10 e:/program/mounriver/mounriver_studio/toolchain/risc-v embedded gcc/bin/../lib/gcc/riscv-none-embed/8.2.0/../../../../riscv-none-embed/lib/rv32ecxw/ilp32e\libnosys.a(isatty.o)
                0x000000000000b8d4                _isatty
 .text._lseek   0x000000000000b8e4       0x10 e:/program/mounriver/mounriver_studio/toolchain/risc-v embedded gcc/bin/../lib/gcc/riscv-none-embed/8.2.0/../../../../riscv-none-embed/lib/rv32ecxw/ilp32e\libnosys.a(lseek.o)
                0x000000000000b8e4                _lseek
 .text._read    0x000000000000b8f4       0x10 e:/program/mounriver/mounriver_studio/toolchain/risc-v embedded gcc/bin/../lib/gcc/riscv-none-embed/8.2.0/../../../../riscv-none-embed/lib/rv32ecxw/ilp32e\libnosys.a(read.o)
                0x000000000000b8f4                _read
 *(.rodata)
 *(.rodata*)
 *fill*         0x000000000000b904        0x0 
 .rodata.WCHNET_CreateCfgSocket.str1.4
                0x000000000000b904       0x39 build/main.o
 *fill*         0x000000000000b93d        0x3 
 .rodata.WCHNET_CreateTcpSocketListen.str1.4
                0x000000000000b940       0x17 build/main.o
 *fill*         0x000000000000b957        0x1 
 .rodata.WCHNET_HandleGlobalInt.str1.4
                0x000000000000b958       0x3e build/main.o
 *fill*         0x000000000000b996        0x2 
 .rodata.WCHNET_HandleSockInt.str1.4
                0x000000000000b998       0x5d build/main.o
 *fill*         0x000000000000b9f5        0x3 
 .rodata.mStopIfError.str1.4
                0x000000000000b9f8        0xe build/main.o
 *fill*         0x000000000000ba06        0x2 
 .rodata.main.str1.4
                0x000000000000ba08       0x6c build/main.o
 .rodata.MemNum
                0x000000000000ba74       0x10 build/eth_driver.o
                0x000000000000ba74                MemNum
 .rodata.MemSize
                0x000000000000ba84       0x10 build/eth_driver.o
                0x000000000000ba84                MemSize
 .rodata.GetURLName.str1.4
                0x000000000000ba94        0x2 build/HTTPS.o
 *fill*         0x000000000000ba96        0x2 
 .rodata.Html_about
                0x000000000000ba98      0xa66 build/HTTPS.o
                0x000000000000ba98                Html_about
 *fill*         0x000000000000c4fe        0x2 
 .rodata.Html_basic
                0x000000000000c500      0x46a build/HTTPS.o
                0x000000000000c500                Html_basic
 *fill*         0x000000000000c96a        0x2 
 .rodata.Html_login
                0x000000000000c96c      0x64c build/HTTPS.o
                0x000000000000c96c                Html_login
 .rodata.Html_logo
                0x000000000000cfb8      0x5e1 build/HTTPS.o
                0x000000000000cfb8                Html_logo
 *fill*         0x000000000000d599        0x3 
 .rodata.Html_main
                0x000000000000d59c      0xc27 build/HTTPS.o
                0x000000000000d59c                Html_main
 *fill*         0x000000000000e1c3        0x1 
 .rodata.Html_png1
                0x000000000000e1c4      0xca3 build/HTTPS.o
                0x000000000000e1c4                Html_png1
 *fill*         0x000000000000ee67        0x1 
 .rodata.Html_png2
                0x000000000000ee68      0x866 build/HTTPS.o
                0x000000000000ee68                Html_png2
 *fill*         0x000000000000f6ce        0x2 
 .rodata.Html_png3
                0x000000000000f6d0      0x99a build/HTTPS.o
                0x000000000000f6d0                Html_png3
 *fill*         0x000000000001006a        0x2 
 .rodata.Html_png4
                0x000000000001006c     0x10ce build/HTTPS.o
                0x000000000001006c                Html_png4
 *fill*         0x000000000001113a        0x2 
 .rodata.Html_port
                0x000000000001113c      0x522 build/HTTPS.o
                0x000000000001113c                Html_port
 *fill*         0x000000000001165e        0x2 
 .rodata.Html_style
                0x0000000000011660      0x6bc build/HTTPS.o
                0x0000000000011660                Html_style
 .rodata.Html_success
                0x0000000000011d1c      0x1cc build/HTTPS.o
                0x0000000000011d1c                Html_success
 .rodata.Html_user
                0x0000000000011ee8      0x35d build/HTTPS.o
                0x0000000000011ee8                Html_user
 *fill*         0x0000000000012245        0x3 
 .rodata.Html_weixin
                0x0000000000012248     0x1240 build/HTTPS.o
                0x0000000000012248                Html_weixin
 .rodata.Init_Para_Tab.str1.4
                0x0000000000013488       0xa3 build/HTTPS.o
 *fill*         0x000000000001352b        0x1 
 .rodata.MakeHttpResponse.str1.4
                0x000000000001352c       0xb9 build/HTTPS.o
 *fill*         0x00000000000135e5        0x3 
 .rodata.ParseHttpRequest.str1.4
                0x00000000000135e8       0x15 build/HTTPS.o
                                         0x19 (size before relaxing)
 *fill*         0x00000000000135fd        0x3 
 .rodata.ParseURLType.str1.4
                0x0000000000013600       0x1d build/HTTPS.o
 *fill*         0x000000000001361d        0x3 
 .rodata.Refresh_Basic.str1.4
                0x0000000000013620       0x24 build/HTTPS.o
 .rodata.Refresh_Login.str1.4
                0x0000000000013644       0x10 build/HTTPS.o
 .rodata.Refresh_Port.str1.4
                0x0000000000013654       0x44 build/HTTPS.o
 .rodata.Web_Server.str1.4
                0x0000000000013698       0x7e build/HTTPS.o
 *fill*         0x0000000000013716        0x2 
 .rodata.HardFault_Handler.str1.4
                0x0000000000013718       0x42 build/ch32v30x_it.o
 *fill*         0x000000000001375a        0x2 
 .rodata.ErrTable
                0x000000000001375c       0x10 NetLib/libwchnet.a(socket.o)
                0x000000000001375c                ErrTable
 .rodata.tcp_close
                0x000000000001376c       0x20 NetLib/libwchnet.a(tcp.o)
 .rodata.tcp_backoff
                0x000000000001378c        0xd NetLib/libwchnet.a(tcp.o)
                0x000000000001378c                tcp_backoff
 *fill*         0x0000000000013799        0x3 
 .rodata.tcp_input
                0x000000000001379c       0x20 NetLib/libwchnet.a(tcp_in.o)
 .rodata.__sf_fake_stderr
                0x00000000000137bc       0x20 e:/program/mounriver/mounriver_studio/toolchain/risc-v embedded gcc/bin/../lib/gcc/riscv-none-embed/8.2.0/../../../../riscv-none-embed/lib/rv32ecxw/ilp32e\libg_nano.a(lib_a-findfp.o)
                0x00000000000137bc                __sf_fake_stderr
 .rodata.__sf_fake_stdin
                0x00000000000137dc       0x20 e:/program/mounriver/mounriver_studio/toolchain/risc-v embedded gcc/bin/../lib/gcc/riscv-none-embed/8.2.0/../../../../riscv-none-embed/lib/rv32ecxw/ilp32e\libg_nano.a(lib_a-findfp.o)
                0x00000000000137dc                __sf_fake_stdin
 .rodata.__sf_fake_stdout
                0x00000000000137fc       0x20 e:/program/mounriver/mounriver_studio/toolchain/risc-v embedded gcc/bin/../lib/gcc/riscv-none-embed/8.2.0/../../../../riscv-none-embed/lib/rv32ecxw/ilp32e\libg_nano.a(lib_a-findfp.o)
                0x00000000000137fc                __sf_fake_stdout
 .rodata._setlocale_r.str1.4
                0x000000000001381c        0xa e:/program/mounriver/mounriver_studio/toolchain/risc-v embedded gcc/bin/../lib/gcc/riscv-none-embed/8.2.0/../../../../riscv-none-embed/lib/rv32ecxw/ilp32e\libg_nano.a(lib_a-locale.o)
                                          0xd (size before relaxing)
 .rodata.str1.4
                0x0000000000013826        0x2 e:/program/mounriver/mounriver_studio/toolchain/risc-v embedded gcc/bin/../lib/gcc/riscv-none-embed/8.2.0/../../../../riscv-none-embed/lib/rv32ecxw/ilp32e\libg_nano.a(lib_a-locale.o)
 *fill*         0x0000000000013826        0x2 
 .rodata._svfprintf_r.str1.4
                0x0000000000013828       0x13 e:/program/mounriver/mounriver_studio/toolchain/risc-v embedded gcc/bin/../lib/gcc/riscv-none-embed/8.2.0/../../../../riscv-none-embed/lib/rv32ecxw/ilp32e\libg_nano.a(lib_a-nano-svfprintf.o)
 .rodata._vfprintf_r.str1.4
                0x000000000001383b       0x13 e:/program/mounriver/mounriver_studio/toolchain/risc-v embedded gcc/bin/../lib/gcc/riscv-none-embed/8.2.0/../../../../riscv-none-embed/lib/rv32ecxw/ilp32e\libg_nano.a(lib_a-nano-vfprintf.o)
 *fill*         0x000000000001383b        0x1 
 .rodata._printf_i.str1.4
                0x000000000001383c       0x28 e:/program/mounriver/mounriver_studio/toolchain/risc-v embedded gcc/bin/../lib/gcc/riscv-none-embed/8.2.0/../../../../riscv-none-embed/lib/rv32ecxw/ilp32e\libg_nano.a(lib_a-nano-vfprintf_i.o)
                                         0x25 (size before relaxing)
 .rodata._ctype_
                0x0000000000013864      0x101 e:/program/mounriver/mounriver_studio/toolchain/risc-v embedded gcc/bin/../lib/gcc/riscv-none-embed/8.2.0/../../../../riscv-none-embed/lib/rv32ecxw/ilp32e\libg_nano.a(lib_a-ctype_.o)
                0x0000000000013864                _ctype_
 *(.gnu.linkonce.t.*)
                0x0000000000013968                . = ALIGN (0x4)
 *fill*         0x0000000000013965        0x3 

.rela.dyn       0x0000000000013968        0x0
 .rela.text.HardFault_Handler
                0x0000000000013968        0x0 build/main.o
 .rela.text._sbrk
                0x0000000000013968        0x0 build/main.o
 .rela.data.curbrk.5533
                0x0000000000013968        0x0 build/main.o
 .rela.init     0x0000000000013968        0x0 build/main.o
 .rela.vector   0x0000000000013968        0x0 build/main.o
 .rela.text.handle_reset
                0x0000000000013968        0x0 build/main.o
 .rela.text.WCHNET_PeriodicHandle
                0x0000000000013968        0x0 build/main.o
 .rela.text.SocketIPRAWReceive
                0x0000000000013968        0x0 build/main.o
 .rela.text.SocketUdpReceive
                0x0000000000013968        0x0 build/main.o
 .rela.text.WCHSocketTCPReceive
                0x0000000000013968        0x0 build/main.o
 .rela.text.WCHTCPServerAccept
                0x0000000000013968        0x0 build/main.o
 .rela.text.WCHSocketInit
                0x0000000000013968        0x0 build/main.o
 .rela.text.WCHNET_Init
                0x0000000000013968        0x0 build/main.o
 .rela.text.WCHNET_ConfigLIB
                0x0000000000013968        0x0 build/main.o
 .rela.text.WCHNET_SocketCreat
                0x0000000000013968        0x0 build/main.o
 .rela.text.WCHNET_SocketRecv
                0x0000000000013968        0x0 build/main.o
 .rela.text.SocketIPRawSend
                0x0000000000013968        0x0 build/main.o
 .rela.text.SocketUdpSend
                0x0000000000013968        0x0 build/main.o
 .rela.text.SocketTcpSend
                0x0000000000013968        0x0 build/main.o
 .rela.text.LwipRemoveTcpPcb
                0x0000000000013968        0x0 build/main.o
 .rela.text.WCHNET_SocketConnect
                0x0000000000013968        0x0 build/main.o
 .rela.text.CloseTcpPCB
                0x0000000000013968        0x0 build/main.o
 .rela.text.update_arp_entry
                0x0000000000013968        0x0 build/main.o
 .rela.text.etharp_arp_input
                0x0000000000013968        0x0 build/main.o
 .rela.text.etharp_request
                0x0000000000013968        0x0 build/main.o
 .rela.text.etharp_query
                0x0000000000013968        0x0 build/main.o
 .rela.text.etharp_output
                0x0000000000013968        0x0 build/main.o
 .rela.text.ethernet_input
                0x0000000000013968        0x0 build/main.o
 .rela.text.low_level_output
                0x0000000000013968        0x0 build/main.o
 .rela.text.ethernetif_input
                0x0000000000013968        0x0 build/main.o
 .rela.text.ip_input
                0x0000000000013968        0x0 build/main.o
 .rela.text.ip_output_if
                0x0000000000013968        0x0 build/main.o
 .rela.text.ip_reass_tmr
                0x0000000000013968        0x0 build/main.o
 .rela.text.ip_reass
                0x0000000000013968        0x0 build/main.o
 .rela.text.ip_frag
                0x0000000000013968        0x0 build/main.o
 .rela.text.dhcp_create_request
                0x0000000000013968        0x0 build/main.o
 .rela.text.dhcp_arp_reply
                0x0000000000013968        0x0 build/main.o
 .rela.text.netif_set_ipaddr
                0x0000000000013968        0x0 build/main.o
 .rela.text.pbuf_free
                0x0000000000013968        0x0 build/main.o
 .rela.text.pbuf_alloc
                0x0000000000013968        0x0 build/main.o
 .rela.text.pbuf_copy
                0x0000000000013968        0x0 build/main.o
 .rela.text.raw_input
                0x0000000000013968        0x0 build/main.o
 .rela.text.raw_sendto
                0x0000000000013968        0x0 build/main.o
 .rela.text.tcp_bind
                0x0000000000013968        0x0 build/main.o
 .rela.text.tcp_slowtmr
                0x0000000000013968        0x0 build/main.o
 .rela.text.tcp_abandon
                0x0000000000013968        0x0 build/main.o
 .rela.text.tcp_alloc
                0x0000000000013968        0x0 build/main.o
 .rela.text.tcp_connect
                0x0000000000013968        0x0 build/main.o
 .rela.text.RemoveTimeWaiTCP
                0x0000000000013968        0x0 build/main.o
 .rela.text.tcp_oos_insert_segment
                0x0000000000013968        0x0 build/main.o
 .rela.text.tcp_receive
                0x0000000000013968        0x0 build/main.o
 .rela.text.tcp_parseopt.isra.0
                0x0000000000013968        0x0 build/main.o
 .rela.text.tcp_input
                0x0000000000013968        0x0 build/main.o
 .rela.text.tcp_output_set_header.isra.0.constprop.1
                0x0000000000013968        0x0 build/main.o
 .rela.text.tcp_enqueue
                0x0000000000013968        0x0 build/main.o
 .rela.text.tcp_send_empty_ack
                0x0000000000013968        0x0 build/main.o
 .rela.text.tcp_output
                0x0000000000013968        0x0 build/main.o
 .rela.text.tcp_rst
                0x0000000000013968        0x0 build/main.o
 .rela.text.tcp_rexmit
                0x0000000000013968        0x0 build/main.o
 .rela.text.tcp_keepalive
                0x0000000000013968        0x0 build/main.o
 .rela.text.tcp_zero_window_probe
                0x0000000000013968        0x0 build/main.o
 .rela.text.udp_input
                0x0000000000013968        0x0 build/main.o
 .rela.text.udp_sendto_if
                0x0000000000013968        0x0 build/main.o
 .rela.text.udp_connect
                0x0000000000013968        0x0 build/main.o
 .rela.text.icmp_send_response.isra.0
                0x0000000000013968        0x0 build/main.o
 .rela.text.icmp_input
                0x0000000000013968        0x0 build/main.o
 .rela.text.inet_chksum_pseudo
                0x0000000000013968        0x0 build/main.o
 .rela.text.inet_chksum_pbuf
                0x0000000000013968        0x0 build/main.o
 .rela.text.__libc_fini_array
                0x0000000000013968        0x0 build/main.o
 .rela.text.__libc_init_array
                0x0000000000013968        0x0 build/main.o
 .rela.text.__register_exitproc
                0x0000000000013968        0x0 build/main.o
 .rela.text.startup.register_fini
                0x0000000000013968        0x0 build/main.o
 .rela.text._svfprintf_r
                0x0000000000013968        0x0 build/main.o
 .rela.text._vfprintf_r
                0x0000000000013968        0x0 build/main.o
 .rela.text._sbrk_r
                0x0000000000013968        0x0 build/main.o
 .rela.text._write_r
                0x0000000000013968        0x0 build/main.o
 .rela.text._close_r
                0x0000000000013968        0x0 build/main.o
 .rela.text._fstat_r
                0x0000000000013968        0x0 build/main.o
 .rela.text._isatty_r
                0x0000000000013968        0x0 build/main.o
 .rela.text._lseek_r
                0x0000000000013968        0x0 build/main.o
 .rela.text._read_r
                0x0000000000013968        0x0 build/main.o
 .rela.text._close
                0x0000000000013968        0x0 build/main.o
 .rela.text._fstat
                0x0000000000013968        0x0 build/main.o
 .rela.text._isatty
                0x0000000000013968        0x0 build/main.o
 .rela.text._lseek
                0x0000000000013968        0x0 build/main.o
 .rela.text._read
                0x0000000000013968        0x0 build/main.o

.fini           0x0000000000013968        0x0
 *(SORT_NONE(.fini))
                0x0000000000013968                . = ALIGN (0x4)
                [!provide]                        PROVIDE (_etext = .)
                [!provide]                        PROVIDE (_eitcm = .)

.preinit_array  0x0000000000013968        0x0
                0x0000000000013968                PROVIDE (__preinit_array_start = .)
 *(.preinit_array)
                0x0000000000013968                PROVIDE (__preinit_array_end = .)

.init_array     0x0000000000013968        0x4
                0x0000000000013968                PROVIDE (__init_array_start = .)
 *(SORT_BY_INIT_PRIORITY(.init_array.*) SORT_BY_INIT_PRIORITY(.ctors.*))
 .init_array.00000
                0x0000000000013968        0x4 e:/program/mounriver/mounriver_studio/toolchain/risc-v embedded gcc/bin/../lib/gcc/riscv-none-embed/8.2.0/../../../../riscv-none-embed/lib/rv32ecxw/ilp32e\libg_nano.a(lib_a-__call_atexit.o)
 *(.init_array EXCLUDE_FILE(*crtend?.o *crtend.o *crtbegin?.o *crtbegin.o) .ctors)
                0x000000000001396c                PROVIDE (__init_array_end = .)

.fini_array     0x000000000001396c        0x0
                0x000000000001396c                PROVIDE (__fini_array_start = .)
 *(SORT_BY_INIT_PRIORITY(.fini_array.*) SORT_BY_INIT_PRIORITY(.dtors.*))
 *(.fini_array EXCLUDE_FILE(*crtend?.o *crtend.o *crtbegin?.o *crtbegin.o) .dtors)
                0x000000000001396c                PROVIDE (__fini_array_end = .)

.ctors
 *crtbegin.o(.ctors)
 *crtbegin?.o(.ctors)
 *(EXCLUDE_FILE(*crtend?.o *crtend.o) .ctors)
 *(SORT_BY_NAME(.ctors.*))
 *(.ctors)

.dtors
 *crtbegin.o(.dtors)
 *crtbegin?.o(.dtors)
 *(EXCLUDE_FILE(*crtend?.o *crtend.o) .dtors)
 *(SORT_BY_NAME(.dtors.*))
 *(.dtors)

.dalign         0x0000000020000000        0x0 load address 0x000000000001396c
                0x0000000020000000                . = ALIGN (0x4)
                0x0000000020000000                PROVIDE (_data_vma = .)

.dlalign        0x000000000001396c        0x0
                0x000000000001396c                . = ALIGN (0x4)
                0x000000000001396c                PROVIDE (_data_lma = .)

.data           0x0000000020000000      0x2c0 load address 0x000000000001396c
 *(.gnu.linkonce.r.*)
 *(.data .data.*)
 .data.phyPN    0x0000000020000000        0x1 build/eth_driver.o
                0x0000000020000000                phyPN
 *fill*         0x0000000020000001        0x3 
 .data.Basic_CfgBuf
                0x0000000020000004        0x4 build/HTTPS.o
                0x0000000020000004                Basic_CfgBuf
 .data.Basic_Default
                0x0000000020000008       0x28 build/HTTPS.o
                0x0000000020000008                Basic_Default
 .data.Login_CfgBuf
                0x0000000020000030        0x4 build/HTTPS.o
                0x0000000020000030                Login_CfgBuf
 .data.Login_Default
                0x0000000020000034       0x28 build/HTTPS.o
                0x0000000020000034                Login_Default
 .data.Port_CfgBuf
                0x000000002000005c        0x4 build/HTTPS.o
                0x000000002000005c                Port_CfgBuf
 .data.Port_Default
                0x0000000020000060       0x28 build/HTTPS.o
                0x0000000020000060                Port_Default
 .data.AHBPrescTable
                0x0000000020000088       0x10 build/system_ch32v30x.o
                0x0000000020000088                AHBPrescTable
 .data.SystemCoreClock
                0x0000000020000098        0x4 build/system_ch32v30x.o
                0x0000000020000098                SystemCoreClock
 .data.curbrk.5533
                0x000000002000009c        0x4 build/debug.o
 .data.ADCPrescTable
                0x00000000200000a0        0x4 build/ch32v30x_rcc.o
 .data.APBAHBPrescTable
                0x00000000200000a4       0x10 build/ch32v30x_rcc.o
 .data.impure_data
                0x00000000200000b4       0x60 e:/program/mounriver/mounriver_studio/toolchain/risc-v embedded gcc/bin/../lib/gcc/riscv-none-embed/8.2.0/../../../../riscv-none-embed/lib/rv32ecxw/ilp32e\libg_nano.a(lib_a-impure.o)
 .data.__global_locale