Archive member included to satisfy reference by file (symbol)

e:/program/mounriver/mounriver_studio/toolchain/risc-v embedded gcc/bin/../lib/gcc/riscv-none-embed/8.2.0/rv32ecxw/ilp32e\libgcc.a(muldf3.o)
                              build/main.o (__muldf3)
e:/program/mounriver/mounriver_studio/toolchain/risc-v embedded gcc/bin/../lib/gcc/riscv-none-embed/8.2.0/rv32ecxw/ilp32e\libgcc.a(fixunsdfsi.o)
                              build/main.o (__fixunsdfsi)
e:/program/mounriver/mounriver_studio/toolchain/risc-v embedded gcc/bin/../lib/gcc/riscv-none-embed/8.2.0/rv32ecxw/ilp32e\libgcc.a(floatunsisf.o)
                              build/main.o (__floatunsisf)
e:/program/mounriver/mounriver_studio/toolchain/risc-v embedded gcc/bin/../lib/gcc/riscv-none-embed/8.2.0/rv32ecxw/ilp32e\libgcc.a(extendsfdf2.o)
                              build/main.o (__extendsfdf2)
e:/program/mounriver/mounriver_studio/toolchain/risc-v embedded gcc/bin/../lib/gcc/riscv-none-embed/8.2.0/rv32ecxw/ilp32e\libgcc.a(save-restore.o)
                              build/main.o (__riscv_save_2)
e:/program/mounriver/mounriver_studio/toolchain/risc-v embedded gcc/bin/../lib/gcc/riscv-none-embed/8.2.0/rv32ecxw/ilp32e\libgcc.a(muldi3.o)
                              build/main.o (__mulsi3)
e:/program/mounriver/mounriver_studio/toolchain/risc-v embedded gcc/bin/../lib/gcc/riscv-none-embed/8.2.0/rv32ecxw/ilp32e\libgcc.a(div.o)
                              build/ch32v30x_usart.o (__divsi3)
e:/program/mounriver/mounriver_studio/toolchain/risc-v embedded gcc/bin/../lib/gcc/riscv-none-embed/8.2.0/rv32ecxw/ilp32e\libgcc.a(_clzsi2.o)
                              e:/program/mounriver/mounriver_studio/toolchain/risc-v embedded gcc/bin/../lib/gcc/riscv-none-embed/8.2.0/rv32ecxw/ilp32e\libgcc.a(muldf3.o) (__clzsi2)
e:/program/mounriver/mounriver_studio/toolchain/risc-v embedded gcc/bin/../lib/gcc/riscv-none-embed/8.2.0/rv32ecxw/ilp32e\libgcc.a(_clz.o)
                              e:/program/mounriver/mounriver_studio/toolchain/risc-v embedded gcc/bin/../lib/gcc/riscv-none-embed/8.2.0/rv32ecxw/ilp32e\libgcc.a(_clzsi2.o) (__clz_tab)
e:/program/mounriver/mounriver_studio/toolchain/risc-v embedded gcc/bin/../lib/gcc/riscv-none-embed/8.2.0/../../../../riscv-none-embed/lib/rv32ecxw/ilp32e\libg_nano.a(lib_a-memcmp.o)
                              build/SdFile.o (memcmp)
e:/program/mounriver/mounriver_studio/toolchain/risc-v embedded gcc/bin/../lib/gcc/riscv-none-embed/8.2.0/../../../../riscv-none-embed/lib/rv32ecxw/ilp32e\libg_nano.a(lib_a-memcpy.o)
                              build/SdFile.o (memcpy)
e:/program/mounriver/mounriver_studio/toolchain/risc-v embedded gcc/bin/../lib/gcc/riscv-none-embed/8.2.0/../../../../riscv-none-embed/lib/rv32ecxw/ilp32e\libg_nano.a(lib_a-memset.o)
                              build/SdFile.o (memset)
e:/program/mounriver/mounriver_studio/toolchain/risc-v embedded gcc/bin/../lib/gcc/riscv-none-embed/8.2.0/../../../../riscv-none-embed/lib/rv32ecxw/ilp32e\libg_nano.a(lib_a-printf.o)
                              build/main.o (printf)
e:/program/mounriver/mounriver_studio/toolchain/risc-v embedded gcc/bin/../lib/gcc/riscv-none-embed/8.2.0/../../../../riscv-none-embed/lib/rv32ecxw/ilp32e\libg_nano.a(lib_a-putchar.o)
                              build/SdFile.o (putchar)
e:/program/mounriver/mounriver_studio/toolchain/risc-v embedded gcc/bin/../lib/gcc/riscv-none-embed/8.2.0/../../../../riscv-none-embed/lib/rv32ecxw/ilp32e\libg_nano.a(lib_a-puts.o)
                              build/main.o (puts)
e:/program/mounriver/mounriver_studio/toolchain/risc-v embedded gcc/bin/../lib/gcc/riscv-none-embed/8.2.0/../../../../riscv-none-embed/lib/rv32ecxw/ilp32e\libg_nano.a(lib_a-strlen.o)
                              build/SdFile.o (strlen)
e:/program/mounriver/mounriver_studio/toolchain/risc-v embedded gcc/bin/../lib/gcc/riscv-none-embed/8.2.0/../../../../riscv-none-embed/lib/rv32ecxw/ilp32e\libg_nano.a(lib_a-wbuf.o)
                              e:/program/mounriver/mounriver_studio/toolchain/risc-v embedded gcc/bin/../lib/gcc/riscv-none-embed/8.2.0/../../../../riscv-none-embed/lib/rv32ecxw/ilp32e\libg_nano.a(lib_a-puts.o) (__swbuf_r)
e:/program/mounriver/mounriver_studio/toolchain/risc-v embedded gcc/bin/../lib/gcc/riscv-none-embed/8.2.0/../../../../riscv-none-embed/lib/rv32ecxw/ilp32e\libg_nano.a(lib_a-wsetup.o)
                              e:/program/mounriver/mounriver_studio/toolchain/risc-v embedded gcc/bin/../lib/gcc/riscv-none-embed/8.2.0/../../../../riscv-none-embed/lib/rv32ecxw/ilp32e\libg_nano.a(lib_a-puts.o) (__swsetup_r)
e:/program/mounriver/mounriver_studio/toolchain/risc-v embedded gcc/bin/../lib/gcc/riscv-none-embed/8.2.0/../../../../riscv-none-embed/lib/rv32ecxw/ilp32e\libg_nano.a(lib_a-fflush.o)
[...]
Memory Configuration

Name             Origin             Length             Attributes
FLASH            0x0000000000000000 0x0000000000020000 xr
RAM              0x0000000020000000 0x0000000000008000 xrw
*default*        0x0000000000000000 0xffffffffffffffff

Linker script and memory map

LOAD build/main.o
LOAD build/Sd2Card.o
LOAD build/SdVolume.o
LOAD build/SdFile.o
LOAD build/system_ch32v30x.o
LOAD build/ch32v30x_it.o
LOAD build/core_riscv.o
LOAD build/debug.o
LOAD build/spi.o
LOAD build/ch32v30x_rcc.o
LOAD build/ch32v30x_usart.o
LOAD build/ch32v30x_gpio.o
LOAD build/ch32v30x_spi.o
LOAD build/startup_ch32v30x_D8.o
LOAD e:/program/mounriver/mounriver_studio/toolchain/risc-v embedded gcc/bin/../lib/gcc/riscv-none-embed/8.2.0/rv32ecxw/ilp32e\libgcc.a
LOAD e:/program/mounriver/mounriver_studio/toolchain/risc-v embedded gcc/bin/../lib/gcc/riscv-none-embed/8.2.0/../../../../riscv-none-embed/lib/rv32ecxw/ilp32e\libg_nano.a
LOAD e:/program/mounriver/mounriver_studio/toolchain/risc-v embedded gcc/bin/../lib/gcc/riscv-none-embed/8.2.0/../../../../riscv-none-embed/lib/rv32ecxw/ilp32e\libc_nano.a
LOAD e:/program/mounriver/mounriver_studio/toolchain/risc-v embedded gcc/bin/../lib/gcc/riscv-none-embed/8.2.0/rv32ecxw/ilp32e\libgcc.a
START GROUP
LOAD e:/program/mounriver/mounriver_studio/toolchain/risc-v embedded gcc/bin/../lib/gcc/riscv-none-embed/8.2.0/rv32ecxw/ilp32e\libgcc.a
LOAD e:/program/mounriver/mounriver_studio/toolchain/risc-v embedded gcc/bin/../lib/gcc/riscv-none-embed/8.2.0/../../../../riscv-none-embed/lib/rv32ecxw/ilp32e\libc_nano.a
LOAD e:/program/mounriver/mounriver_studio/toolchain/risc-v embedded gcc/bin/../lib/gcc/riscv-none-embed/8.2.0/../../../../riscv-none-embed/lib/rv32ecxw/ilp32e\libnosys.a
END GROUP
START GROUP
LOAD e:/program/mounriver/mounriver_studio/toolchain/risc-v embedded gcc/bin/../lib/gcc/riscv-none-embed/8.2.0/rv32ecxw/ilp32e\libgcc.a
LOAD e:/program/mounriver/mounriver_studio/toolchain/risc-v embedded gcc/bin/../lib/gcc/riscv-none-embed/8.2.0/../../../../riscv-none-embed/lib/rv32ecxw/ilp32e\libc_nano.a
LOAD e:/program/mounriver/mounriver_studio/toolchain/risc-v embedded gcc/bin/../lib/gcc/riscv-none-embed/8.2.0/../../../../riscv-none-embed/lib/rv32ecxw/ilp32e\libnosys.a
END GROUP
                0x0000000000000800                __stack_size = 0x800
                [!provide]                        PROVIDE (_stack_size = __stack_size)

.init           0x0000000000000000       0x38
                0x0000000000000000                _sinit = .
                0x0000000000000000                . = ALIGN (0x4)
 *(SORT_NONE(.init))
 .init          0x0000000000000000       0x38 build/startup_ch32v30x_D8.o
                0x0000000000000000                _start
                0x0000000000000038                . = ALIGN (0x4)
                0x0000000000000038                _einit = .

.vector         0x0000000000000038      0x1c8
 *(.vector)
 .vector        0x0000000000000038      0x1a0 build/startup_ch32v30x_D8.o
                0x0000000000000200                . = ALIGN (0x40)
 *fill*         0x00000000000001d8       0x28 

.text           0x0000000000000200     0x3c74
                0x0000000000000200                . = ALIGN (0x4)
 *(.text)
 .text          0x0000000000000200       0x14 e:/program/mounriver/mounriver_studio/toolchain/risc-v embedded gcc/bin/../lib/gcc/riscv-none-embed/8.2.0/rv32ecxw/ilp32e\libgcc.a(save-restore.o)
                0x0000000000000200                __riscv_save_1
                0x0000000000000200                __riscv_save_2
                0x0000000000000200                __riscv_save_0
                0x000000000000020a                __riscv_restore_0
                0x000000000000020a                __riscv_restore_1
                0x000000000000020a                __riscv_restore_2
 .text          0x0000000000000214       0x16 e:/program/mounriver/mounriver_studio/toolchain/risc-v embedded gcc/bin/../lib/gcc/riscv-none-embed/8.2.0/rv32ecxw/ilp32e\libgcc.a(muldi3.o)
                0x0000000000000214                __mulsi3
 *fill*         0x000000000000022a        0x2 
 .text          0x000000000000022c       0x7e e:/program/mounriver/mounriver_studio/toolchain/risc-v embedded gcc/bin/../lib/gcc/riscv-none-embed/8.2.0/rv32ecxw/ilp32e\libgcc.a(div.o)
                0x000000000000022c                __divsi3
                0x0000000000000234                __udivsi3
                0x0000000000000260                __umodsi3
                0x0000000000000284                __modsi3
 .text          0x00000000000002aa       0xa8 e:/program/mounriver/mounriver_studio/toolchain/risc-v embedded gcc/bin/../lib/gcc/riscv-none-embed/8.2.0/../../../../riscv-none-embed/lib/rv32ecxw/ilp32e\libg_nano.a(lib_a-memset.o)
                0x00000000000002aa                memset
 *(.text.*)
 .text._Z14GPIO_Leds_Initv
                0x0000000000000352       0x76 build/main.o
                0x0000000000000352                GPIO_Leds_Init()
 .text._Z10Leds_Blinkt
                0x00000000000003c8       0x32 build/main.o
                0x00000000000003c8                Leds_Blink(unsigned short)
 .text._Z14Print_CardTypev
                0x00000000000003fa       0x52 build/main.o
                0x00000000000003fa                Print_CardType()
 .text._Z16Print_VolumeInfov
                0x000000000000044c       0xa4 build/main.o
                0x000000000000044c                Print_VolumeInfo()
 .text.startup.main
                0x00000000000004f0       0xd4 build/main.o
                0x00000000000004f0                main
 .text.startup._GLOBAL__sub_I_card
                0x00000000000005c4       0x26 build/main.o
 .text._ZL7spiSendh
                0x00000000000005ea       0x22 build/Sd2Card.o
 .text._ZL6spiRecv
                0x000000000000060c       0x1c build/Sd2Card.o
 .text._ZN7Sd2Card14chipSelectHighEv
                0x0000000000000628       0x18 build/Sd2Card.o
                0x0000000000000628                Sd2Card::chipSelectHigh()
 .text._ZN7Sd2Card13chipSelectLowEv
                0x0000000000000640       0x18 build/Sd2Card.o
                0x0000000000000640                Sd2Card::chipSelectLow()
 .text._ZN7Sd2Card7readEndEv
                0x0000000000000658       0x2a build/Sd2Card.o
                0x0000000000000658                Sd2Card::readEnd()
 .text._ZN7Sd2Card11waitNotBusyEj
                0x0000000000000682       0x22 build/Sd2Card.o
                0x0000000000000682                Sd2Card::waitNotBusy(unsigned int)
 .text._ZN7Sd2Card11cardCommandEhm
                0x00000000000006a4       0x78 build/Sd2Card.o
                0x00000000000006a4                Sd2Card::cardCommand(unsigned char, unsigned long)
 .text._ZN7Sd2Card4initEhP12GPIO_TypeDef
                0x000000000000071c      0x148 build/Sd2Card.o
                0x000000000000071c                Sd2Card::init(unsigned char, GPIO_TypeDef*)
 .text._ZN7Sd2Card4initEh
                0x0000000000000864       0x12 build/Sd2Card.o
                0x0000000000000864                Sd2Card::init(unsigned char)
 .text._ZN7Sd2Card14waitStartBlockEv
                0x0000000000000876       0x3a build/Sd2Card.o
                0x0000000000000876                Sd2Card::waitStartBlock()
 .text._ZN7Sd2Card8readDataEmttPh.part.4
                0x00000000000008b0       0xb2 build/Sd2Card.o
 .text._ZN7Sd2Card8readDataEmttPh
                0x0000000000000962       0x10 build/Sd2Card.o
                0x0000000000000962                Sd2Card::readData(unsigned long, unsigned short, unsigned short, unsigned char*)
 .text._ZN7Sd2Card9readBlockEmPh
                0x0000000000000972       0x12 build/Sd2Card.o
                0x0000000000000972                Sd2Card::readBlock(unsigned long, unsigned char*)
 .text._ZN7Sd2Card9writeDataEhPKh
                0x0000000000000984       0x6e build/Sd2Card.o
                0x0000000000000984                Sd2Card::writeData(unsigned char, unsigned char const*)
 .text._ZN7Sd2Card10writeBlockEmPKhh
                0x00000000000009f2       0xae build/Sd2Card.o
                0x00000000000009f2                Sd2Card::writeBlock(unsigned long, unsigned char const*, unsigned char)
 .text._ZN8SdVolume21cacheMirrorBlockFlushEh
                0x0000000000000aa0       0x24 build/SdVolume.o
                0x0000000000000aa0                SdVolume::cacheMirrorBlockFlush(unsigned char)
 .text._ZN8SdVolume10cacheFlushEh
                0x0000000000000ac4       0x5c build/SdVolume.o
                0x0000000000000ac4                SdVolume::cacheFlush(unsigned char)
 .text._ZN8SdVolume13cacheRawBlockEmh
                0x0000000000000b20       0x48 build/SdVolume.o
                0x0000000000000b20                SdVolume::cacheRawBlock(unsigned long, unsigned char)
 .text._ZN8SdVolume14cacheZeroBlockEm
                0x0000000000000b68       0x3e build/SdVolume.o
                0x0000000000000b68                SdVolume::cacheZeroBlock(unsigned long)
 .text._ZNK8SdVolume6fatGetEmPm
                0x0000000000000ba6       0x7c build/SdVolume.o
                0x0000000000000ba6                SdVolume::fatGet(unsigned long, unsigned long*) const
 .text._ZNK8SdVolume9chainSizeEmPm
                0x0000000000000c22       0x4c build/SdVolume.o
                0x0000000000000c22                SdVolume::chainSize(unsigned long, unsigned long*) const
 .text._ZN8SdVolume6fatPutEmm
                0x0000000000000c6e       0x9a build/SdVolume.o
                0x0000000000000c6e                SdVolume::fatPut(unsigned long, unsigned long)
 .text._ZN8SdVolume15allocContiguousEmPm
                0x0000000000000d08       0xcc build/SdVolume.o
                0x0000000000000d08                SdVolume::allocContiguous(unsigned long, unsigned long*)
 .text._ZN8SdVolume9freeChainEm
                0x0000000000000dd4       0x48 build/SdVolume.o
                0x0000000000000dd4                SdVolume::freeChain(unsigned long)
 .text._ZN8SdVolume4initEP7Sd2Cardh
                0x0000000000000e1c      0x12e build/SdVolume.o
                0x0000000000000e1c                SdVolume::init(Sd2Card*, unsigned char)
 .text._ZN6SdFile13cacheDirEntryEh
                0x0000000000000f4a       0x22 build/SdFile.o
                0x0000000000000f4a                SdFile::cacheDirEntry(unsigned char)
 .text._ZN6SdFile8openRootEP8SdVolume
                0x0000000000000f6c       0x62 build/SdFile.o
                0x0000000000000f6c                SdFile::openRoot(SdVolume*)
 .text._ZN6SdFile12printDirNameERK14directoryEntryh
                0x0000000000000fce       0x7a build/SdFile.o
                0x0000000000000fce                SdFile::printDirName(directoryEntry const&, unsigned char)
 .text._ZN6SdFile14printTwoDigitsEh
                0x0000000000001048       0x32 build/SdFile.o
                0x0000000000001048                SdFile::printTwoDigits(unsigned char)
 .text._ZN6SdFile12printFatDateEt
                0x000000000000107a       0x3c build/SdFile.o
                0x000000000000107a                SdFile::printFatDate(unsigned short)
 .text._ZN6SdFile12printFatTimeEt
                0x00000000000010b6       0x30 build/SdFile.o
                0x00000000000010b6                SdFile::printFatTime(unsigned short)
 .text._ZN6SdFile4readEPvt
                0x00000000000010e6      0x134 build/SdFile.o
                0x00000000000010e6                SdFile::read(void*, unsigned short)
 .text._ZN6SdFile12readDirCacheEv
                0x000000000000121a       0x44 build/SdFile.o
                0x000000000000121a                SdFile::readDirCache()
 .text._ZN6SdFile7seekSetEm
                0x000000000000125e       0x7c build/SdFile.o
                0x000000000000125e                SdFile::seekSet(unsigned long)
 .text._ZN6SdFile4syncEh
                0x00000000000012da       0x94 build/SdFile.o
                0x00000000000012da                SdFile::sync(unsigned char)
 .text._ZN6SdFile5closeEv
                0x000000000000136e       0x34 build/SdFile.o
                0x000000000000136e                SdFile::close()
 .text._ZN6SdFile8truncateEm
                0x00000000000013a2       0xaa build/SdFile.o
                0x00000000000013a2                SdFile::truncate(unsigned long)
 .text._ZN6SdFile15openCachedEntryEhh
                0x000000000000144c       0x88 build/SdFile.o
                0x000000000000144c                SdFile::openCachedEntry(unsigned char, unsigned char)
 .text._ZN6SdFile4openEPS_th
                0x00000000000014d4       0x62 build/SdFile.o
                0x00000000000014d4                SdFile::open(SdFile*, unsigned short, unsigned char)
 .text._ZN6SdFile2lsEhh
                0x0000000000001536      0x16e build/SdFile.o
                0x0000000000001536                SdFile::ls(unsigned char, unsigned char)
 .text.SystemInit
                0x00000000000016a4       0x42 build/system_ch32v30x.o
                0x00000000000016a4                SystemInit
 .text.NMI_Handler
                0x00000000000016e6        0x4 build/ch32v30x_it.o
                0x00000000000016e6                NMI_Handler
 .text.HardFault_Handler
                0x00000000000016ea        0x2 build/ch32v30x_it.o
                0x00000000000016ea                HardFault_Handler
 .text.Delay_Init
                0x00000000000016ec       0x34 build/debug.o
                0x00000000000016ec                Delay_Init
 .text.Delay_Ms
                0x0000000000001720       0x42 build/debug.o
                0x0000000000001720                Delay_Ms
 .text.USART_Printf_Init
                0x0000000000001762       0x52 build/debug.o
                0x0000000000001762                USART_Printf_Init
 .text._write   0x00000000000017b4       0x4c build/debug.o
                0x00000000000017b4                _write
 .text._sbrk    0x0000000000001800       0x2a build/debug.o
                0x0000000000001800                _sbrk
 .text.SPI1_Master_Init
                0x000000000000182a      0x10e build/spi.o
                0x000000000000182a                SPI1_Master_Init
 .text.SPI1_SendData
                0x0000000000001938        0x8 build/spi.o
                0x0000000000001938                SPI1_SendData
 .text.SPI1_ReceiveData
                0x0000000000001940        0x8 build/spi.o
                0x0000000000001940                SPI1_ReceiveData
 .text.SPI1_GetFlagStatus
                0x0000000000001948        0xe build/spi.o
                0x0000000000001948                SPI1_GetFlagStatus
 .text.RCC_GetClocksFreq
                0x0000000000001956      0x112 build/ch32v30x_rcc.o
                0x0000000000001956                RCC_GetClocksFreq
 .text.RCC_APB2PeriphClockCmd
                0x0000000000001a68       0x1e build/ch32v30x_rcc.o
                0x0000000000001a68                RCC_APB2PeriphClockCmd
 .text.USART_Init
                0x0000000000001a86       0xcc build/ch32v30x_usart.o
                0x0000000000001a86                USART_Init
 .text.USART_Cmd
                0x0000000000001b52       0x16 build/ch32v30x_usart.o
                0x0000000000001b52                USART_Cmd
 .text.USART_SendData
                0x0000000000001b68        0x8 build/ch32v30x_usart.o
                0x0000000000001b68                USART_SendData
 .text.USART_GetFlagStatus
                0x0000000000001b70        0xa build/ch32v30x_usart.o
                0x0000000000001b70                USART_GetFlagStatus
 .text.GPIO_Init
                0x0000000000001b7a       0xd6 build/ch32v30x_gpio.o
                0x0000000000001b7a                GPIO_Init
 .text.GPIO_SetBits
                0x0000000000001c50        0x4 build/ch32v30x_gpio.o
                0x0000000000001c50                GPIO_SetBits
 .text.SPI_Init
                0x0000000000001c54       0x3e build/ch32v30x_spi.o
                0x0000000000001c54                SPI_Init
 .text.SPI_Cmd  0x0000000000001c92       0x1a build/ch32v30x_spi.o
                0x0000000000001c92                SPI_Cmd
 .text.vector_handler
                0x0000000000001cac       0xaa build/startup_ch32v30x_D8.o
                0x0000000000001cb0                Ecall_M_Mode_Handler
                0x0000000000001cb2                Ecall_U_Mode_Handler
                0x0000000000001cb4                Break_Point_Handler
                0x0000000000001cb6                SysTick_Handler
                0x0000000000001cb8                SW_Handler
                0x0000000000001cba                WWDG_IRQHandler
                0x0000000000001cbc                PVD_IRQHandler
                0x0000000000001cbe                TAMPER_IRQHandler
                0x0000000000001cc0                RTC_IRQHandler
                0x0000000000001cc2                FLASH_IRQHandler
                0x0000000000001cc4                RCC_IRQHandler
                0x0000000000001cc6                EXTI0_IRQHandler
                0x0000000000001cc8                EXTI1_IRQHandler
                0x0000000000001cca                EXTI2_IRQHandler
                0x0000000000001ccc                EXTI3_IRQHandler
                0x0000000000001cce                EXTI4_IRQHandler
                0x0000000000001cd0                DMA1_Channel1_IRQHandler
                0x0000000000001cd2                DMA1_Channel2_IRQHandler
                0x0000000000001cd4                DMA1_Channel3_IRQHandler
                0x0000000000001cd6                DMA1_Channel4_IRQHandler
                0x0000000000001cd8                DMA1_Channel5_IRQHandler
                0x0000000000001cda                DMA1_Channel6_IRQHandler
                0x0000000000001cdc                DMA1_Channel7_IRQHandler
                0x0000000000001cde                ADC1_2_IRQHandler
                0x0000000000001ce0                USB_HP_CAN1_TX_IRQHandler
                0x0000000000001ce2                USB_LP_CAN1_RX0_IRQHandler
                0x0000000000001ce4                CAN1_RX1_IRQHandler
                0x0000000000001ce6                CAN1_SCE_IRQHandler
                0x0000000000001ce8                EXTI9_5_IRQHandler
                0x0000000000001cea                TIM1_BRK_IRQHandler
                0x0000000000001cec                TIM1_UP_IRQHandler
                0x0000000000001cee                TIM1_TRG_COM_IRQHandler
                0x0000000000001cf0                TIM1_CC_IRQHandler
                0x0000000000001cf2                TIM2_IRQHandler
                0x0000000000001cf4                TIM3_IRQHandler
                0x0000000000001cf6                TIM4_IRQHandler
                0x0000000000001cf8                I2C1_EV_IRQHandler
                0x0000000000001cfa                I2C1_ER_IRQHandler
                0x0000000000001cfc                I2C2_EV_IRQHandler
                0x0000000000001cfe                I2C2_ER_IRQHandler
                0x0000000000001d00                SPI1_IRQHandler
                0x0000000000001d02                SPI2_IRQHandler
                0x0000000000001d04                USART1_IRQHandler
                0x0000000000001d06                USART2_IRQHandler
                0x0000000000001d08                USART3_IRQHandler
                0x0000000000001d0a                EXTI15_10_IRQHandler
                0x0000000000001d0c                RTCAlarm_IRQHandler
                0x0000000000001d0e                TIM8_BRK_IRQHandler
                0x0000000000001d10                TIM8_UP_IRQHandler
                0x0000000000001d12                TIM8_TRG_COM_IRQHandler
                0x0000000000001d14                TIM8_CC_IRQHandler
                0x0000000000001d16                RNG_IRQHandler
                0x0000000000001d18                FSMC_IRQHandler
                0x0000000000001d1a                SDIO_IRQHandler
                0x0000000000001d1c                TIM5_IRQHandler
                0x0000000000001d1e                SPI3_IRQHandler
                0x0000000000001d20                UART4_IRQHandler
                0x0000000000001d22                UART5_IRQHandler
                0x0000000000001d24                TIM6_IRQHandler
                0x0000000000001d26                TIM7_IRQHandler
                0x0000000000001d28                DMA2_Channel1_IRQHandler
                0x0000000000001d2a                DMA2_Channel2_IRQHandler
                0x0000000000001d2c                DMA2_Channel3_IRQHandler
                0x0000000000001d2e                DMA2_Channel4_IRQHandler
                0x0000000000001d30                DMA2_Channel5_IRQHandler
                0x0000000000001d32                OTG_FS_IRQHandler
                0x0000000000001d34                UART6_IRQHandler
                0x0000000000001d36                UART7_IRQHandler
                0x0000000000001d38                UART8_IRQHandler
                0x0000000000001d3a                TIM9_BRK_IRQHandler
                0x0000000000001d3c                TIM9_UP_IRQHandler
                0x0000000000001d3e                TIM9_TRG_COM_IRQHandler
                0x0000000000001d40                TIM9_CC_IRQHandler
                0x0000000000001d42                TIM10_BRK_IRQHandler
                0x0000000000001d44                TIM10_UP_IRQHandler
                0x0000000000001d46                TIM10_TRG_COM_IRQHandler
                0x0000000000001d48                TIM10_CC_IRQHandler
                0x0000000000001d4a                DMA2_Channel6_IRQHandler
                0x0000000000001d4c                DMA2_Channel7_IRQHandler
                0x0000000000001d4e                DMA2_Channel8_IRQHandler
                0x0000000000001d50                DMA2_Channel9_IRQHandler
                0x0000000000001d52                DMA2_Channel10_IRQHandler
                0x0000000000001d54                DMA2_Channel11_IRQHandler
 .text.handle_reset
                0x0000000000001d56       0x8a build/startup_ch32v30x_D8.o
                0x0000000000001d56                handle_reset
 .text.__muldf3
                0x0000000000001de0      0x57a e:/program/mounriver/mounriver_studio/toolchain/risc-v embedded gcc/bin/../lib/gcc/riscv-none-embed/8.2.0/rv32ecxw/ilp32e\libgcc.a(muldf3.o)
                0x0000000000001de0                __muldf3
 .text.__fixunsdfsi
                0x000000000000235a       0x5e e:/program/mounriver/mounriver_studio/toolchain/risc-v embedded gcc/bin/../lib/gcc/riscv-none-embed/8.2.0/rv32ecxw/ilp32e\libgcc.a(fixunsdfsi.o)
                0x000000000000235a                __fixunsdfsi
 .text.__floatunsisf
                0x00000000000023b8       0xce e:/program/mounriver/mounriver_studio/toolchain/risc-v embedded gcc/bin/../lib/gcc/riscv-none-embed/8.2.0/rv32ecxw/ilp32e\libgcc.a(floatunsisf.o)
                0x00000000000023b8                __floatunsisf
 .text.__extendsfdf2
                0x0000000000002486       0xaa e:/program/mounriver/mounriver_studio/toolchain/risc-v embedded gcc/bin/../lib/gcc/riscv-none-embed/8.2.0/rv32ecxw/ilp32e\libgcc.a(extendsfdf2.o)
                0x0000000000002486                __extendsfdf2
 .text.__clzsi2
                0x0000000000002530       0x6e e:/program/mounriver/mounriver_studio/toolchain/risc-v embedded gcc/bin/../lib/gcc/riscv-none-embed/8.2.0/rv32ecxw/ilp32e\libgcc.a(_clzsi2.o)
                0x0000000000002530                __clzsi2
 .text.printf   0x000000000000259e       0x44 e:/program/mounriver/mounriver_studio/toolchain/risc-v embedded gcc/bin/../lib/gcc/riscv-none-embed/8.2.0/../../../../riscv-none-embed/lib/rv32ecxw/ilp32e\libg_nano.a(lib_a-printf.o)
                0x000000000000259e                iprintf
                0x000000000000259e                printf
 .text.putchar  0x00000000000025e2       0x2e e:/program/mounriver/mounriver_studio/toolchain/risc-v embedded gcc/bin/../lib/gcc/riscv-none-embed/8.2.0/../../../../riscv-none-embed/lib/rv32ecxw/ilp32e\libg_nano.a(lib_a-putchar.o)
                0x00000000000025e2                putchar
 .text._puts_r  0x0000000000002610       0xca e:/program/mounriver/mounriver_studio/toolchain/risc-v embedded gcc/bin/../lib/gcc/riscv-none-embed/8.2.0/../../../../riscv-none-embed/lib/rv32ecxw/ilp32e\libg_nano.a(lib_a-puts.o)
                0x0000000000002610                _puts_r
 .text.puts     0x00000000000026da        0xe e:/program/mounriver/mounriver_studio/toolchain/risc-v embedded gcc/bin/../lib/gcc/riscv-none-embed/8.2.0/../../../../riscv-none-embed/lib/rv32ecxw/ilp32e\libg_nano.a(lib_a-puts.o)
                0x00000000000026da                puts
 .text.__swbuf_r
                0x00000000000026e8       0xc2 e:/program/mounriver/mounriver_studio/toolchain/risc-v embedded gcc/bin/../lib/gcc/riscv-none-embed/8.2.0/../../../../riscv-none-embed/lib/rv32ecxw/ilp32e\libg_nano.a(lib_a-wbuf.o)
                0x00000000000026e8                __swbuf_r
 .text.__swsetup_r
                0x00000000000027aa      0x102 e:/program/mounriver/mounriver_studio/toolchain/risc-v embedded gcc/bin/../lib/gcc/riscv-none-embed/8.2.0/../../../../riscv-none-embed/lib/rv32ecxw/ilp32e\libg_nano.a(lib_a-wsetup.o)
                0x00000000000027aa                __swsetup_r
 .text.__sflush_r
                0x00000000000028ac      0x128 e:/program/mounriver/mounriver_studio/toolchain/risc-v embedded gcc/bin/../lib/gcc/riscv-none-embed/8.2.0/../../../../riscv-none-embed/lib/rv32ecxw/ilp32e\libg_nano.a(lib_a-fflush.o)
                0x00000000000028ac                __sflush_r
 .text._fflush_r
                0x00000000000029d4       0x66 e:/program/mounriver/mounriver_studio/toolchain/risc-v embedded gcc/bin/../lib/gcc/riscv-none-embed/8.2.0/../../../../riscv-none-embed/lib/rv32ecxw/ilp32e\libg_nano.a(lib_a-fflush.o)
                0x00000000000029d4                _fflush_r
 .text.std      0x0000000000002a3a       0x66 e:/program/mounriver/mounriver_studio/toolchain/risc-v embedded gcc/bin/../lib/gcc/riscv-none-embed/8.2.0/../../../../riscv-none-embed/lib/rv32ecxw/ilp32e\libg_nano.a(lib_a-findfp.o)
 .text._cleanup_r
                0x0000000000002aa0        0xa e:/program/mounriver/mounriver_studio/toolchain/risc-v embedded gcc/bin/../lib/gcc/riscv-none-embed/8.2.0/../../../../riscv-none-embed/lib/rv32ecxw/ilp32e\libg_nano.a(lib_a-findfp.o)
                0x0000000000002aa0                _cleanup_r
 .text.__sfmoreglue
                0x0000000000002aaa       0x48 e:/program/mounriver/mounriver_studio/toolchain/risc-v embedded gcc/bin/../lib/gcc/riscv-none-embed/8.2.0/../../../../riscv-none-embed/lib/rv32ecxw/ilp32e\libg_nano.a(lib_a-findfp.o)
                0x0000000000002aaa                __sfmoreglue
 .text.__sinit  0x0000000000002af2       0x6e e:/program/mounriver/mounriver_studio/toolchain/risc-v embedded gcc/bin/../lib/gcc/riscv-none-embed/8.2.0/../../../../riscv-none-embed/lib/rv32ecxw/ilp32e\libg_nano.a(lib_a-findfp.o)
                0x0000000000002af2                __sinit
 .text.__sfp    0x0000000000002b60       0xa0 e:/program/mounriver/mounriver_studio/toolchain/risc-v embedded gcc/bin/../lib/gcc/riscv-none-embed/8.2.0/../../../../riscv-none-embed/lib/rv32ecxw/ilp32e\libg_nano.a(lib_a-findfp.o)
                0x0000000000002b60                __sfp
 .text._fwalk_reent
                0x0000000000002c00       0x5e e:/program/mounriver/mounriver_studio/toolchain/risc-v embedded gcc/bin/../lib/gcc/riscv-none-embed/8.2.0/../../../../riscv-none-embed/lib/rv32ecxw/ilp32e\libg_nano.a(lib_a-fwalk.o)
                0x0000000000002c00                _fwalk_reent
 .text.__swhatbuf_r
                0x0000000000002c5e       0x62 e:/program/mounriver/mounriver_studio/toolchain/risc-v embedded gcc/bin/../lib/gcc/riscv-none-embed/8.2.0/../../../../riscv-none-embed/lib/rv32ecxw/ilp32e\libg_nano.a(lib_a-makebuf.o)
                0x0000000000002c5e                __swhatbuf_r
 .text.__smakebuf_r
                0x0000000000002cc0       0x8c e:/program/mounriver/mounriver_studio/toolchain/risc-v embedded gcc/bin/../lib/gcc/riscv-none-embed/8.2.0/../../../../riscv-none-embed/lib/rv32ecxw/ilp32e\libg_nano.a(lib_a-makebuf.o)
                0x0000000000002cc0                __smakebuf_r
 .text._free_r  0x0000000000002d4c       0xb0 e:/program/mounriver/mounriver_studio/toolchain/risc-v embedded gcc/bin/../lib/gcc/riscv-none-embed/8.2.0/../../../../riscv-none-embed/lib/rv32ecxw/ilp32e\libg_nano.a(lib_a-nano-freer.o)
                0x0000000000002d4c                _free_r
 .text._malloc_r
                0x0000000000002dfc       0xde e:/program/mounriver/mounriver_studio/toolchain/risc-v embedded gcc/bin/../lib/gcc/riscv-none-embed/8.2.0/../../../../riscv-none-embed/lib/rv32ecxw/ilp32e\libg_nano.a(lib_a-nano-mallocr.o)
                0x0000000000002dfc                _malloc_r
 .text.__sfputc_r
                0x0000000000002eda       0x28 e:/program/mounriver/mounriver_studio/toolchain/risc-v embedded gcc/bin/../lib/gcc/riscv-none-embed/8.2.0/../../../../riscv-none-embed/lib/rv32ecxw/ilp32e\libg_nano.a(lib_a-nano-vfprintf.o)
 .text.__sfputs_r
                0x0000000000002f02       0x3c e:/program/mounriver/mounriver_studio/toolchain/risc-v embedded gcc/bin/../lib/gcc/riscv-none-embed/8.2.0/../../../../riscv-none-embed/lib/rv32ecxw/ilp32e\libg_nano.a(lib_a-nano-vfprintf.o)
                0x0000000000002f02                __sfputs_r
 .text._vfprintf_r
                0x0000000000002f3e      0x2aa e:/program/mounriver/mounriver_studio/toolchain/risc-v embedded gcc/bin/../lib/gcc/riscv-none-embed/8.2.0/../../../../riscv-none-embed/lib/rv32ecxw/ilp32e\libg_nano.a(lib_a-nano-vfprintf.o)
                0x0000000000002f3e                _vfprintf_r
                0x0000000000002f3e                _vfiprintf_r
 .text._printf_common
                0x00000000000031e8      0x12c e:/program/mounriver/mounriver_studio/toolchain/risc-v embedded gcc/bin/../lib/gcc/riscv-none-embed/8.2.0/../../../../riscv-none-embed/lib/rv32ecxw/ilp32e\libg_nano.a(lib_a-nano-vfprintf_i.o)
                0x00000000000031e8                _printf_common
 .text._printf_i
                0x0000000000003314      0x2ba e:/program/mounriver/mounriver_studio/toolchain/risc-v embedded gcc/bin/../lib/gcc/riscv-none-embed/8.2.0/../../../../riscv-none-embed/lib/rv32ecxw/ilp32e\libg_nano.a(lib_a-nano-vfprintf_i.o)
                0x0000000000003314                _printf_i
 .text._putc_r  0x00000000000035ce       0x84 e:/program/mounriver/mounriver_studio/toolchain/risc-v embedded gcc/bin/../lib/gcc/riscv-none-embed/8.2.0/../../../../riscv-none-embed/lib/rv32ecxw/ilp32e\libg_nano.a(lib_a-putc.o)
                0x00000000000035ce                _putc_r
 .text._sbrk_r  0x0000000000003652       0x2a e:/program/mounriver/mounriver_studio/toolchain/risc-v embedded gcc/bin/../lib/gcc/riscv-none-embed/8.2.0/../../../../riscv-none-embed/lib/rv32ecxw/ilp32e\libg_nano.a(lib_a-sbrkr.o)
                0x0000000000003652                _sbrk_r
 .text.__sread  0x000000000000367c       0x2c e:/program/mounriver/mounriver_studio/toolchain/risc-v embedded gcc/bin/../lib/gcc/riscv-none-embed/8.2.0/../../../../riscv-none-embed/lib/rv32ecxw/ilp32e\libg_nano.a(lib_a-stdio.o)
                0x000000000000367c                __sread
 .text.__swrite
                0x00000000000036a8       0x48 e:/program/mounriver/mounriver_studio/toolchain/risc-v embedded gcc/bin/../lib/gcc/riscv-none-embed/8.2.0/../../../../riscv-none-embed/lib/rv32ecxw/ilp32e\libg_nano.a(lib_a-stdio.o)
                0x00000000000036a8                __swrite
 .text.__sseek  0x00000000000036f0       0x30 e:/program/mounriver/mounriver_studio/toolchain/risc-v embedded gcc/bin/../lib/gcc/riscv-none-embed/8.2.0/../../../../riscv-none-embed/lib/rv32ecxw/ilp32e\libg_nano.a(lib_a-stdio.o)
                0x00000000000036f0                __sseek
 .text.__sclose
                0x0000000000003720        0x6 e:/program/mounriver/mounriver_studio/toolchain/risc-v embedded gcc/bin/../lib/gcc/riscv-none-embed/8.2.0/../../../../riscv-none-embed/lib/rv32ecxw/ilp32e\libg_nano.a(lib_a-stdio.o)
                0x0000000000003720                __sclose
 .text._write_r
                0x0000000000003726       0x2e e:/program/mounriver/mounriver_studio/toolchain/risc-v embedded gcc/bin/../lib/gcc/riscv-none-embed/8.2.0/../../../../riscv-none-embed/lib/rv32ecxw/ilp32e\libg_nano.a(lib_a-writer.o)
                0x0000000000003726                _write_r
 .text._close_r
                0x0000000000003754       0x28 e:/program/mounriver/mounriver_studio/toolchain/risc-v embedded gcc/bin/../lib/gcc/riscv-none-embed/8.2.0/../../../../riscv-none-embed/lib/rv32ecxw/ilp32e\libg_nano.a(lib_a-closer.o)
                0x0000000000003754                _close_r
 .text._fstat_r
                0x000000000000377c       0x2a e:/program/mounriver/mounriver_studio/toolchain/risc-v embedded gcc/bin/../lib/gcc/riscv-none-embed/8.2.0/../../../../riscv-none-embed/lib/rv32ecxw/ilp32e\libg_nano.a(lib_a-fstatr.o)
                0x000000000000377c                _fstat_r
 .text._isatty_r
                0x00000000000037a6       0x28 e:/program/mounriver/mounriver_studio/toolchain/risc-v embedded gcc/bin/../lib/gcc/riscv-none-embed/8.2.0/../../../../riscv-none-embed/lib/rv32ecxw/ilp32e\libg_nano.a(lib_a-isattyr.o)
                0x00000000000037a6                _isatty_r
 .text._lseek_r
                0x00000000000037ce       0x2c e:/program/mounriver/mounriver_studio/toolchain/risc-v embedded gcc/bin/../lib/gcc/riscv-none-embed/8.2.0/../../../../riscv-none-embed/lib/rv32ecxw/ilp32e\libg_nano.a(lib_a-lseekr.o)
                0x00000000000037ce                _lseek_r
 .text.memchr   0x00000000000037fa       0x18 e:/program/mounriver/mounriver_studio/toolchain/risc-v embedded gcc/bin/../lib/gcc/riscv-none-embed/8.2.0/../../../../riscv-none-embed/lib/rv32ecxw/ilp32e\libg_nano.a(lib_a-memchr.o)
                0x00000000000037fa                memchr
 .text.__malloc_lock
                0x0000000000003812        0x2 e:/program/mounriver/mounriver_studio/toolchain/risc-v embedded gcc/bin/../lib/gcc/riscv-none-embed/8.2.0/../../../../riscv-none-embed/lib/rv32ecxw/ilp32e\libg_nano.a(lib_a-mlock.o)
                0x0000000000003812                __malloc_lock
 .text.__malloc_unlock
                0x0000000000003814        0x2 e:/program/mounriver/mounriver_studio/toolchain/risc-v embedded gcc/bin/../lib/gcc/riscv-none-embed/8.2.0/../../../../riscv-none-embed/lib/rv32ecxw/ilp32e\libg_nano.a(lib_a-mlock.o)
                0x0000000000003814                __malloc_unlock
 .text._read_r  0x0000000000003816       0x2c e:/program/mounriver/mounriver_studio/toolchain/risc-v embedded gcc/bin/../lib/gcc/riscv-none-embed/8.2.0/../../../../riscv-none-embed/lib/rv32ecxw/ilp32e\libg_nano.a(lib_a-readr.o)
                0x0000000000003816                _read_r
 .text._close   0x0000000000003842        0xc e:/program/mounriver/mounriver_studio/toolchain/risc-v embedded gcc/bin/../lib/gcc/riscv-none-embed/8.2.0/../../../../riscv-none-embed/lib/rv32ecxw/ilp32e\libnosys.a(close.o)
                0x0000000000003842                _close
 .text._fstat   0x000000000000384e        0xc e:/program/mounriver/mounriver_studio/toolchain/risc-v embedded gcc/bin/../lib/gcc/riscv-none-embed/8.2.0/../../../../riscv-none-embed/lib/rv32ecxw/ilp32e\libnosys.a(fstat.o)
                0x000000000000384e                _fstat
 .text._isatty  0x000000000000385a        0xc e:/program/mounriver/mounriver_studio/toolchain/risc-v embedded gcc/bin/../lib/gcc/riscv-none-embed/8.2.0/../../../../riscv-none-embed/lib/rv32ecxw/ilp32e\libnosys.a(isatty.o)
                0x000000000000385a                _isatty
 .text._lseek   0x0000000000003866        0xc e:/program/mounriver/mounriver_studio/toolchain/risc-v embedded gcc/bin/../lib/gcc/riscv-none-embed/8.2.0/../../../../riscv-none-embed/lib/rv32ecxw/ilp32e\libnosys.a(lseek.o)
                0x0000000000003866                _lseek
 .text._read    0x0000000000003872        0xc e:/program/mounriver/mounriver_studio/toolchain/risc-v embedded gcc/bin/../lib/gcc/riscv-none-embed/8.2.0/../../../../riscv-none-embed/lib/rv32ecxw/ilp32e\libnosys.a(read.o)
                0x0000000000003872                _read
 *(.rodata)
 *(.rodata*)
 *fill*         0x000000000000387e        0x2 
 .rodata._Z14Print_CardTypev.str1.4
                0x0000000000003880       0x35 build/main.o
 *fill*         0x00000000000038b5        0x3 
 .rodata._Z16Print_VolumeInfov.cst8
                0x00000000000038b8        0x8 build/main.o
 .rodata._Z16Print_VolumeInfov.str1.4
                0x00000000000038c0       0xc1 build/main.o
 *fill*         0x0000000000003981        0x3 
 .rodata.main.str1.4
                0x0000000000003984       0xeb build/main.o
 *fill*         0x0000000000003a6f        0x1 
 .rodata._ZN7Sd2Card10writeBlockEmPKhh.str1.4
                0x0000000000003a70      0x108 build/Sd2Card.o
 .rodata._ZN7Sd2Card9writeDataEhPKh.str1.4
                0x0000000000003b78       0x5c build/Sd2Card.o
 .rodata._ZN8SdVolume10cacheFlushEh.str1.4
                0x0000000000003bd4       0x68 build/SdVolume.o
 .rodata._ZN6SdFile12printFatDateEt.str1.4
                0x0000000000003c3c        0x3 build/SdFile.o
 *fill*         0x0000000000003c3f        0x1 
 .rodata._ZN6SdFile2lsEhh.str1.4
                0x0000000000003c40       0x29 build/SdFile.o
                                         0x2e (size before relaxing)
 *fill*         0x0000000000003c69        0x3 
 .rodata._ZN6SdFile5closeEv.str1.4
                0x0000000000003c6c       0x2b build/SdFile.o
 *fill*         0x0000000000003c97        0x1 
 .rodata.__muldf3
                0x0000000000003c98       0x40 e:/program/mounriver/mounriver_studio/toolchain/risc-v embedded gcc/bin/../lib/gcc/riscv-none-embed/8.2.0/rv32ecxw/ilp32e\libgcc.a(muldf3.o)
 .rodata.__clz_tab
                0x0000000000003cd8      0x100 e:/program/mounriver/mounriver_studio/toolchain/risc-v embedded gcc/bin/../lib/gcc/riscv-none-embed/8.2.0/rv32ecxw/ilp32e\libgcc.a(_clz.o)
                0x0000000000003cd8                __clz_tab
 .rodata.__sf_fake_stderr
                0x0000000000003dd8       0x20 e:/program/mounriver/mounriver_studio/toolchain/risc-v embedded gcc/bin/../lib/gcc/riscv-none-embed/8.2.0/../../../../riscv-none-embed/lib/rv32ecxw/ilp32e\libg_nano.a(lib_a-findfp.o)
                0x0000000000003dd8                __sf_fake_stderr
 .rodata.__sf_fake_stdin
                0x0000000000003df8       0x20 e:/program/mounriver/mounriver_studio/toolchain/risc-v embedded gcc/bin/../lib/gcc/riscv-none-embed/8.2.0/../../../../riscv-none-embed/lib/rv32ecxw/ilp32e\libg_nano.a(lib_a-findfp.o)
                0x0000000000003df8                __sf_fake_stdin
 .rodata.__sf_fake_stdout
                0x0000000000003e18       0x20 e:/program/mounriver/mounriver_studio/toolchain/risc-v embedded gcc/bin/../lib/gcc/riscv-none-embed/8.2.0/../../../../riscv-none-embed/lib/rv32ecxw/ilp32e\libg_nano.a(lib_a-findfp.o)
                0x0000000000003e18                __sf_fake_stdout
 .rodata._vfprintf_r.str1.4
                0x0000000000003e38       0x13 e:/program/mounriver/mounriver_studio/toolchain/risc-v embedded gcc/bin/../lib/gcc/riscv-none-embed/8.2.0/../../../../riscv-none-embed/lib/rv32ecxw/ilp32e\libg_nano.a(lib_a-nano-vfprintf.o)
 *fill*         0x0000000000003e4b        0x1 
 .rodata._printf_i.str1.4
                0x0000000000003e4c       0x28 e:/program/mounriver/mounriver_studio/toolchain/risc-v embedded gcc/bin/../lib/gcc/riscv-none-embed/8.2.0/../../../../riscv-none-embed/lib/rv32ecxw/ilp32e\libg_nano.a(lib_a-nano-vfprintf_i.o)
                                         0x25 (size before relaxing)
 *(.gnu.linkonce.t.*)
                0x0000000000003e74                . = ALIGN (0x4)

.rela.dyn       0x0000000000003e74        0x0
 .rela.text._sbrk
                0x0000000000003e74        0x0 build/main.o
 .rela.data.curbrk.5174
                0x0000000000003e74        0x0 build/main.o
 .rela.init     0x0000000000003e74        0x0 build/main.o
 .rela.vector   0x0000000000003e74        0x0 build/main.o
 .rela.text.handle_reset
                0x0000000000003e74        0x0 build/main.o
 .rela.text._vfprintf_r
                0x0000000000003e74        0x0 build/main.o
 .rela.text._sbrk_r
                0x0000000000003e74        0x0 build/main.o
 .rela.text._write_r
                0x0000000000003e74        0x0 build/main.o
 .rela.text._close_r
                0x0000000000003e74        0x0 build/main.o
 .rela.text._fstat_r
                0x0000000000003e74        0x0 build/main.o
 .rela.text._isatty_r
                0x0000000000003e74        0x0 build/main.o
 .rela.text._lseek_r
                0x0000000000003e74        0x0 build/main.o
 .rela.text._read_r
                0x0000000000003e74        0x0 build/main.o
 .rela.text._close
                0x0000000000003e74        0x0 build/main.o
 .rela.text._fstat
                0x0000000000003e74        0x0 build/main.o
 .rela.text._isatty
                0x0000000000003e74        0x0 build/main.o
 .rela.text._lseek
                0x0000000000003e74        0x0 build/main.o
 .rela.text._read
                0x0000000000003e74        0x0 build/main.o

.fini           0x0000000000003e74        0x0
 *(SORT_NONE(.fini))
                0x0000000000003e74                . = ALIGN (0x4)
                [!provide]                        PROVIDE (_etext = .)
                [!provide]                        PROVIDE (_eitcm = .)

.preinit_array  0x0000000000003e74        0x0
                [!provide]                        PROVIDE (__preinit_array_start = .)
 *(.preinit_array)
                [!provide]                        PROVIDE (__preinit_array_end = .)

.init_array     0x0000000000003e74        0x4
                [!provide]                        PROVIDE (__init_array_start = .)
 *(SORT_BY_INIT_PRIORITY(.init_array.*) SORT_BY_INIT_PRIORITY(.ctors.*))
 *(.init_array EXCLUDE_FILE(*crtend?.o *crtend.o *crtbegin?.o *crtbegin.o) .ctors)
 .init_array    0x0000000000003e74        0x4 build/main.o
                [!provide]                        PROVIDE (__init_array_end = .)

.fini_array     0x0000000000003e78        0x0
                [!provide]                        PROVIDE (__fini_array_start = .)
 *(SORT_BY_INIT_PRIORITY(.fini_array.*) SORT_BY_INIT_PRIORITY(.dtors.*))
 *(.fini_array EXCLUDE_FILE(*crtend?.o *crtend.o *crtbegin?.o *crtbegin.o) .dtors)
                [!provide]                        PROVIDE (__fini_array_end = .)

.ctors
 *crtbegin.o(.ctors)
 *crtbegin?.o(.ctors)
 *(EXCLUDE_FILE(*crtend?.o *crtend.o) .ctors)
 *(SORT_BY_NAME(.ctors.*))
 *(.ctors)

.dtors
 *crtbegin.o(.dtors)
 *crtbegin?.o(.dtors)
 *(EXCLUDE_FILE(*crtend?.o *crtend.o) .dtors)
 *(SORT_BY_NAME(.dtors.*))
 *(.dtors)

.dalign         0x0000000020000000        0x0 load address 0x0000000000003e78
                0x0000000020000000                . = ALIGN (0x4)
                0x0000000020000000                PROVIDE (_data_vma = .)

.dlalign        0x0000000000003e78        0x0
                0x0000000000003e78                . = ALIGN (0x4)
                0x0000000000003e78                PROVIDE (_data_lma = .)

.data           0x0000000020000000       0x88 load address 0x0000000000003e78
 *(.gnu.linkonce.r.*)
 *(.data .data.*)
 .data._ZN8SdVolume17cacheBlockNumber_E
                0x0000000020000000        0x4 build/SdVolume.o
                0x0000000020000000                SdVolume::cacheBlockNumber_
 .data.SystemCoreClock
                0x0000000020000004        0x4 build/system_ch32v30x.o
                0x0000000020000004                SystemCoreClock
 .data.curbrk.5174
                0x0000000020000008        0x4 build/debug.o
 .data.ADCPrescTable
                0x000000002000000c        0x4 build/ch32v30x_rcc.o
 .data.APBAHBPrescTable
                0x0000000020000010       0x10 build/ch32v30x_rcc.o
 .data.impure_data
                0x0000000020000020       0x60 e:/program/mounriver/mounriver_studio/toolchain/risc-v embedded gcc/bin/../lib/gcc/riscv-none-embed/8.2.0/../../../../riscv-none-embed/lib/rv32ecxw/ilp32e\libg_nano.a(lib_a-impure.o)
 *(.gnu.linkonce.d.*)
                0x0000000020000080                . = ALIGN (0x8)
                0x0000000020000880                PROVIDE (__global_pointer$ = (. + 0x800))
 *(.sdata .sdata.*)
 .sdata._impure_ptr
                0x0000000020000080        0x4 e:/program/mounriver/mounriver_studio/toolchain/risc-v embedded gcc/bin/../lib/gcc/riscv-none-embed/8.2.0/../../../../riscv-none-embed/lib/rv32ecxw/ilp32e\libg_nano.a(lib_a-impure.o)
                0x0000000020000080                _impure_ptr
 *(.sdata2.*)
 .sdata2._global_impure_ptr
                0x0000000020000084        0x4 e:/program/mounriver/mounriver_studio/toolchain/risc-v embedded gcc/bin/../lib/gcc/riscv-none-embed/8.2.0/../../../../riscv-none-embed/lib/rv32ecxw/ilp32e\libg_nano.a(lib_a-impure.o)
                0x0000000020000084                _global_impure_ptr
 *(.gnu.linkonce.s.*)
                0x0000000020000088                . = ALIGN (0x8)
 *(.srodata.cst16)
 *(.srodata.cst8)
 *(.srodata.cst4)
 *(.srodata.cst2)
 *(.srodata .srodata.*)
                0x0000000020000088                . = ALIGN (0x4)
                0x0000000020000088                PROVIDE (_edata = .)

.bss            0x0000000020000088      0x278 load address 0x0000000000003f00
                0x0000000020000088                . = ALIGN (0x4)
                0x0000000020000088                PROVIDE (_sbss = .)
 *(.sbss*)
 .sbss.__malloc_free_list
                0x0000000020000088        0x4 e:/program/mounriver/mounriver_studio/toolchain/risc-v embedded gcc/bin/../lib/gcc/riscv-none-embed/8.2.0/../../../../riscv-none-embed/lib/rv32ecxw/ilp32e\libg_nano.a(lib_a-nano-mallocr.o)
                0x0000000020000088                __malloc_free_list
 .sbss.__malloc_sbrk_start
                0x000000002000008c        0x4 e:/program/mounriver/mounriver_studio/toolchain/risc-v embedded gcc/bin/../lib/gcc/riscv-none-embed/8.2.0/../../../../riscv-none-embed/lib/rv32ecxw/ilp32e\libg_nano.a(lib_a-nano-mallocr.o)
                0x000000002000008c                __malloc_sbrk_start
 *(.gnu.linkonce.sb.*)
 *(.bss*)
 .bss.card      0x0000000020000090       0x10 build/main.o
                0x0000000020000090                card
 .bss.root      0x00000000200000a0       0x20 build/main.o
                0x00000000200000a0                root
 .bss.volume    0x00000000200000c0       0x28 build/main.o
                0x00000000200000c0                volume
 .bss._ZN8SdVolume11cacheDirty_E
                0x00000000200000e8        0x1 build/SdVolume.o
                0x00000000200000e8                SdVolume::cacheDirty_
 *fill*         0x00000000200000e9        0x3 
 .bss._ZN8SdVolume12cacheBuffer_E
                0x00000000200000ec      0x200 build/SdVolume.o
                0x00000000200000ec                SdVolume::cacheBuffer_
 .bss._ZN8SdVolume17cacheMirrorBlock_E
                0x00000000200002ec        0x4 build/SdVolume.o
                0x00000000200002ec                SdVolume::cacheMirrorBlock_
 .bss._ZN8SdVolume7sdCard_E
                0x00000000200002f0        0x4 build/SdVolume.o
                0x00000000200002f0                SdVolume::sdCard_
 .bss._ZN6SdFile9dateTime_E
                0x00000000200002f4        0x4 build/SdFile.o
                0x00000000200002f4                SdFile::dateTime_
 .bss.p_ms      0x00000000200002f8        0x2 build/debug.o
 .bss.p_us      0x00000000200002fa        0x1 build/debug.o
 *(.gnu.linkonce.b.*)
 *(COMMON*)
 *fill*         0x00000000200002fb        0x1 
 COMMON         0x00000000200002fc        0x4 e:/program/mounriver/mounriver_studio/toolchain/risc-v embedded gcc/bin/../lib/gcc/riscv-none-embed/8.2.0/../../../../riscv-none-embed/lib/rv32ecxw/ilp32e\libg_nano.a(lib_a-reent.o)
                0x00000000200002fc                errno
                0x0000000020000300                . = ALIGN (0x4)
                0x0000000020000300                PROVIDE (_ebss = .)
                0x0000000020000300                PROVIDE (_end = _ebss)
                [!provide]                        PROVIDE (end = .)

.stack          0x0000000020007800      0x800
                0x0000000020007800                PROVIDE (_heap_end = .)
                0x0000000020007800                . = ALIGN (0x4)
                [!provide]                        PROVIDE (_susrstack = .)
                0x0000000020008000                . = (. + __stack_size)
 *fill*         0x0000000020007800      0x800 
                0x0000000020008000                PROVIDE (_eusrstack = .)
OUTPUT(build/firmware.elf elf32-littleriscv)

.debug_info     0x0000000000000000    0x16c1c
 .debug_info    0x0000000000000000     0x3751 build/main.o
 .debug_info    0x0000000000003751     0x2e65 build/Sd2Card.o
 .debug_info    0x00000000000065b6     0x2c7d build/SdVolume.o
 .debug_info    0x0000000000009233     0x5a92 build/SdFile.o
 .debug_info    0x000000000000ecc5      0xb0f build/system_ch32v30x.o
 .debug_info    0x000000000000f7d4      0x962 build/ch32v30x_it.o
 .debug_info    0x0000000000010136      0xf26 build/debug.o
 .debug_info    0x000000000001105c      0xebf build/spi.o
 .debug_info    0x0000000000011f1b     0x155f build/ch32v30x_rcc.o
 .debug_info    0x000000000001347a     0x1420 build/ch32v30x_usart.o
 .debug_info    0x000000000001489a     0x1093 build/ch32v30x_gpio.o
 .debug_info    0x000000000001592d     0x12cd build/ch32v30x_spi.o
 .debug_info    0x0000000000016bfa       0x22 build/startup_ch32v30x_D8.o

.debug_abbrev   0x0000000000000000     0x342e
 .debug_abbrev  0x0000000000000000      0x686 build/main.o
 .debug_abbrev  0x0000000000000686      0x64e build/Sd2Card.o
 .debug_abbrev  0x0000000000000cd4      0x687 build/SdVolume.o
 .debug_abbrev  0x000000000000135b      0x9da build/SdFile.o
 .debug_abbrev  0x0000000000001d35      0x27d build/system_ch32v30x.o
 .debug_abbrev  0x0000000000001fb2      0x1cf build/ch32v30x_it.o
 .debug_abbrev  0x0000000000002181      0x304 build/debug.o
 .debug_abbrev  0x0000000000002485      0x2c5 build/spi.o
 .debug_abbrev  0x000000000000274a      0x36d build/ch32v30x_rcc.o
 .debug_abbrev  0x0000000000002ab7      0x32e build/ch32v30x_usart.o
 .debug_abbrev  0x0000000000002de5      0x309 build/ch32v30x_gpio.o
 .debug_abbrev  0x00000000000030ee      0x32e build/ch32v30x_spi.o
 .debug_abbrev  0x000000000000341c       0x12 build/startup_ch32v30x_D8.o

.debug_loc      0x0000000000000000     0x59f0
 .debug_loc     0x0000000000000000      0x138 build/main.o
 .debug_loc     0x0000000000000138     0x1144 build/Sd2Card.o
 .debug_loc     0x000000000000127c      0x7e0 build/SdVolume.o
 .debug_loc     0x0000000000001a5c     0x1e14 build/SdFile.o
 .debug_loc     0x0000000000003870       0xac build/system_ch32v30x.o
 .debug_loc     0x000000000000391c      0x1ed build/debug.o
 .debug_loc     0x0000000000003b09       0x42 build/spi.o
 .debug_loc     0x0000000000003b4b      0xa66 build/ch32v30x_rcc.o
 .debug_loc     0x00000000000045b1      0x7d9 build/ch32v30x_usart.o
 .debug_loc     0x0000000000004d8a      0x6d2 build/ch32v30x_gpio.o
 .debug_loc     0x000000000000545c      0x594 build/ch32v30x_spi.o

.debug_aranges  0x0000000000000000      0x7d8
 .debug_aranges
                0x0000000000000000       0x48 build/main.o
 .debug_aranges
                0x0000000000000048       0xe0 build/Sd2Card.o
 .debug_aranges
                0x0000000000000128       0x68 build/SdVolume.o
 .debug_aranges
                0x0000000000000190      0x128 build/SdFile.o
 .debug_aranges
                0x00000000000002b8       0x28 build/system_ch32v30x.o
 .debug_aranges
                0x00000000000002e0       0x28 build/ch32v30x_it.o
 .debug_aranges
                0x0000000000000308       0x48 build/debug.o
 .debug_aranges
                0x0000000000000350       0x38 build/spi.o
 .debug_aranges
                0x0000000000000388      0x1a8 build/ch32v30x_rcc.o
 .debug_aranges
                0x0000000000000530      0x100 build/ch32v30x_usart.o
 .debug_aranges
                0x0000000000000630       0xa8 build/ch32v30x_gpio.o
 .debug_aranges
                0x00000000000006d8       0xd0 build/ch32v30x_spi.o
 .debug_aranges
                0x00000000000007a8       0x30 build/startup_ch32v30x_D8.o

.debug_ranges   0x0000000000000000      0xd70
 .debug_ranges  0x0000000000000000       0x38 build/main.o
 .debug_ranges  0x0000000000000038      0x1a8 build/Sd2Card.o
 .debug_ranges  0x00000000000001e0      0x1c8 build/SdVolume.o
 .debug_ranges  0x00000000000003a8      0x530 build/SdFile.o
 .debug_ranges  0x00000000000008d8       0x18 build/system_ch32v30x.o
 .debug_ranges  0x00000000000008f0       0x18 build/ch32v30x_it.o
 .debug_ranges  0x0000000000000908       0x38 build/debug.o
 .debug_ranges  0x0000000000000940       0x28 build/spi.o
 .debug_ranges  0x0000000000000968      0x198 build/ch32v30x_rcc.o
 .debug_ranges  0x0000000000000b00       0xf0 build/ch32v30x_usart.o
 .debug_ranges  0x0000000000000bf0       0x98 build/ch32v30x_gpio.o
 .debug_ranges  0x0000000000000c88       0xc0 build/ch32v30x_spi.o
 .debug_ranges  0x0000000000000d48       0x28 build/startup_ch32v30x_D8.o

.debug_line     0x0000000000000000     0xc0f8
 .debug_line    0x0000000000000000      0x807 build/main.o
 .debug_line    0x0000000000000807     0x1b97 build/Sd2Card.o
 .debug_line    0x000000000000239e      0xf62 build/SdVolume.o
 .debug_line    0x0000000000003300     0x3715 build/SdFile.o
 .debug_line    0x0000000000006a15      0x42e build/system_ch32v30x.o
 .debug_line    0x0000000000006e43      0x206 build/ch32v30x_it.o
 .debug_line    0x0000000000007049      0x6bb build/debug.o
 .debug_line    0x0000000000007704      0x68e build/spi.o
 .debug_line    0x0000000000007d92     0x1765 build/ch32v30x_rcc.o
 .debug_line    0x00000000000094f7      0xf83 build/ch32v30x_usart.o
 .debug_line    0x000000000000a47a      0xcb2 build/ch32v30x_gpio.o
 .debug_line    0x000000000000b12c      0xcae build/ch32v30x_spi.o
 .debug_line    0x000000000000bdda      0x31e build/startup_ch32v30x_D8.o

.debug_str      0x0000000000000000     0x411d
 .debug_str     0x0000000000000000     0x2843 build/main.o
                                       0x298f (size before relaxing)
 .debug_str     0x0000000000002843       0xf9 build/Sd2Card.o
                                       0x1254 (size before relaxing)
 .debug_str     0x000000000000293c       0xff build/SdVolume.o
                                       0x1ea0 (size before relaxing)
 .debug_str     0x0000000000002a3b      0x315 build/SdFile.o
                                       0x2b6b (size before relaxing)
 .debug_str     0x0000000000002d50      0x12b build/system_ch32v30x.o
                                        0x682 (size before relaxing)
 .debug_str     0x0000000000002e7b       0x30 build/ch32v30x_it.o
                                        0x5ad (size before relaxing)
 .debug_str     0x0000000000002eab      0x2ea build/debug.o
                                        0x8ff (size before relaxing)
 .debug_str     0x0000000000003195      0x11d build/spi.o
                                        0x8ed (size before relaxing)
 .debug_str     0x00000000000032b2      0x621 build/ch32v30x_rcc.o
                                        0xcc1 (size before relaxing)
 .debug_str     0x00000000000038d3      0x356 build/ch32v30x_usart.o
                                        0xb17 (size before relaxing)
 .debug_str     0x0000000000003c29      0x229 build/ch32v30x_gpio.o
                                        0x971 (size before relaxing)
 .debug_str     0x0000000000003e52      0x299 build/ch32v30x_spi.o
                                        0xa8f (size before relaxing)
 .debug_str     0x00000000000040eb       0x32 build/startup_ch32v30x_D8.o
                                         0x67 (size before relaxing)

.comment        0x0000000000000000       0x33
 .comment       0x0000000000000000       0x33 build/main.o
                                         0x34 (size before relaxing)
 .comment       0x0000000000000033       0x34 build/Sd2Card.o
 .comment       0x0000000000000033       0x34 build/SdVolume.o
 .comment       0x0000000000000033       0x34 build/SdFile.o
 .comment       0x0000000000000033       0x34 build/system_ch32v30x.o
 .comment       0x0000000000000033       0x34 build/ch32v30x_it.o
 .comment       0x0000000000000033       0x34 build/debug.o
 .comment       0x0000000000000033       0x34 build/spi.o
 .comment       0x0000000000000033       0x34 build/ch32v30x_rcc.o
 .comment       0x0000000000000033       0x34 build/ch32v30x_usart.o
 .comment       0x0000000000000033       0x34 build/ch32v30x_gpio.o
 .comment       0x0000000000000033       0x34 build/ch32v30x_spi.o

.debug_frame    0x0000000000000000     0x13d0
 .debug_frame   0x0000000000000000       0x40 build/system_ch32v30x.o
 .debug_frame   0x0000000000000040       0x30 build/ch32v30x_it.o
 .debug_frame   0x0000000000000070       0xc8 build/debug.o
 .debug_frame   0x0000000000000138       0x6c build/spi.o
 .debug_frame   0x00000000000001a4      0x354 build/ch32v30x_rcc.o
 .debug_frame   0x00000000000004f8      0x204 build/ch32v30x_usart.o
 .debug_frame   0x00000000000006fc      0x15c build/ch32v30x_gpio.o
 .debug_frame   0x0000000000000858      0x1a4 build/ch32v30x_spi.o
 .debug_frame   0x00000000000009fc       0x38 e:/program/mounriver/mounriver_studio/toolchain/risc-v embedded gcc/bin/../lib/gcc/riscv-none-embed/8.2.0/rv32ecxw/ilp32e\libgcc.a(muldf3.o)
 .debug_frame   0x0000000000000a34       0x20 e:/program/mounriver/mounriver_studio/toolchain/risc-v embedded gcc/bin/../lib/gcc/riscv-none-embed/8.2.0/rv32ecxw/ilp32e\libgcc.a(fixunsdfsi.o)
 .debug_frame   0x0000000000000a54       0x44 e:/program/mounriver/mounriver_studio/toolchain/risc-v embedded gcc/bin/../lib/gcc/riscv-none-embed/8.2.0/rv32ecxw/ilp32e\libgcc.a(floatunsisf.o)
 .debug_frame   0x0000000000000a98       0x38 e:/program/mounriver/mounriver_studio/toolchain/risc-v embedded gcc/bin/../lib/gcc/riscv-none-embed/8.2.0/rv32ecxw/ilp32e\libgcc.a(extendsfdf2.o)
 .debug_frame   0x0000000000000ad0       0x20 e:/program/mounriver/mounriver_studio/toolchain/risc-v embedded gcc/bin/../lib/gcc/riscv-none-embed/8.2.0/rv32ecxw/ilp32e\libgcc.a(_clzsi2.o)
 .debug_frame   0x0000000000000af0       0x54 e:/program/mounriver/mounriver_studio/toolchain/risc-v embedded gcc/bin/../lib/gcc/riscv-none-embed/8.2.0/../../../../riscv-none-embed/lib/rv32ecxw/ilp32e\libg_nano.a(lib_a-printf.o)
 .debug_frame   0x0000000000000b44       0x50 e:/program/mounriver/mounriver_studio/toolchain/risc-v embedded gcc/bin/../lib/gcc/riscv-none-embed/8.2.0/../../../../riscv-none-embed/lib/rv32ecxw/ilp32e\libg_nano.a(lib_a-putchar.o)
 .debug_frame   0x0000000000000b94       0x48 e:/program/mounriver/mounriver_studio/toolchain/risc-v embedded gcc/bin/../lib/gcc/riscv-none-embed/8.2.0/../../../../riscv-none-embed/lib/rv32ecxw/ilp32e\libg_nano.a(lib_a-puts.o)
 .debug_frame   0x0000000000000bdc       0x48 e:/program/mounriver/mounriver_studio/toolchain/risc-v embedded gcc/bin/../lib/gcc/riscv-none-embed/8.2.0/../../../../riscv-none-embed/lib/rv32ecxw/ilp32e\libg_nano.a(lib_a-wbuf.o)
 .debug_frame   0x0000000000000c24       0x38 e:/program/mounriver/mounriver_studio/toolchain/risc-v embedded gcc/bin/../lib/gcc/riscv-none-embed/8.2.0/../../../../riscv-none-embed/lib/rv32ecxw/ilp32e\libg_nano.a(lib_a-wsetup.o)
 .debug_frame   0x0000000000000c5c       0x74 e:/program/mounriver/mounriver_studio/toolchain/risc-v embedded gcc/bin/../lib/gcc/riscv-none-embed/8.2.0/../../../../riscv-none-embed/lib/rv32ecxw/ilp32e\libg_nano.a(lib_a-fflush.o)
 .debug_frame   0x0000000000000cd0      0x13c e:/program/mounriver/mounriver_studio/toolchain/risc-v embedded gcc/bin/../lib/gcc/riscv-none-embed/8.2.0/../../../../riscv-none-embed/lib/rv32ecxw/ilp32e\libg_nano.a(lib_a-findfp.o)
 .debug_frame   0x0000000000000e0c       0x60 e:/program/mounriver/mounriver_studio/toolchain/risc-v embedded gcc/bin/../lib/gcc/riscv-none-embed/8.2.0/../../../../riscv-none-embed/lib/rv32ecxw/ilp32e\libg_nano.a(lib_a-fwalk.o)
 .debug_frame   0x0000000000000e6c       0x5c e:/program/mounriver/mounriver_studio/toolchain/risc-v embedded gcc/bin/../lib/gcc/riscv-none-embed/8.2.0/../../../../riscv-none-embed/lib/rv32ecxw/ilp32e\libg_nano.a(lib_a-makebuf.o)
 .debug_frame   0x0000000000000ec8       0x40 e:/program/mounriver/mounriver_studio/toolchain/risc-v embedded gcc/bin/../lib/gcc/riscv-none-embed/8.2.0/../../../../riscv-none-embed/lib/rv32ecxw/ilp32e\libg_nano.a(lib_a-nano-freer.o)
 .debug_frame   0x0000000000000f08       0x38 e:/program/mounriver/mounriver_studio/toolchain/risc-v embedded gcc/bin/../lib/gcc/riscv-none-embed/8.2.0/../../../../riscv-none-embed/lib/rv32ecxw/ilp32e\libg_nano.a(lib_a-nano-mallocr.o)
 .debug_frame   0x0000000000000f40       0xa4 e:/program/mounriver/mounriver_studio/toolchain/risc-v embedded gcc/bin/../lib/gcc/riscv-none-embed/8.2.0/../../../../riscv-none-embed/lib/rv32ecxw/ilp32e\libg_nano.a(lib_a-nano-vfprintf.o)
 .debug_frame   0x0000000000000fe4       0x60 e:/program/mounriver/mounriver_studio/toolchain/risc-v embedded gcc/bin/../lib/gcc/riscv-none-embed/8.2.0/../../../../riscv-none-embed/lib/rv32ecxw/ilp32e\libg_nano.a(lib_a-nano-vfprintf_i.o)
 .debug_frame   0x0000000000001044       0x4c e:/program/mounriver/mounriver_studio/toolchain/risc-v embedded gcc/bin/../lib/gcc/riscv-none-embed/8.2.0/../../../../riscv-none-embed/lib/rv32ecxw/ilp32e\libg_nano.a(lib_a-putc.o)
 .debug_frame   0x0000000000001090       0x30 e:/program/mounriver/mounriver_studio/toolchain/risc-v embedded gcc/bin/../lib/gcc/riscv-none-embed/8.2.0/../../../../riscv-none-embed/lib/rv32ecxw/ilp32e\libg_nano.a(lib_a-sbrkr.o)
 .debug_frame   0x00000000000010c0       0x9c e:/program/mounriver/mounriver_studio/toolchain/risc-v embedded gcc/bin/../lib/gcc/riscv-none-embed/8.2.0/../../../../riscv-none-embed/lib/rv32ecxw/ilp32e\libg_nano.a(lib_a-stdio.o)
 .debug_frame   0x000000000000115c       0x30 e:/program/mounriver/mounriver_studio/toolchain/risc-v embedded gcc/bin/../lib/gcc/riscv-none-embed/8.2.0/../../../../riscv-none-embed/lib/rv32ecxw/ilp32e\libg_nano.a(lib_a-writer.o)
 .debug_frame   0x000000000000118c       0x30 e:/program/mounriver/mounriver_studio/toolchain/risc-v embedded gcc/bin/../lib/gcc/riscv-none-embed/8.2.0/../../../../riscv-none-embed/lib/rv32ecxw/ilp32e\libg_nano.a(lib_a-closer.o)
 .debug_frame   0x00000000000011bc       0x30 e:/program/mounriver/mounriver_studio/toolchain/risc-v embedded gcc/bin/../lib/gcc/riscv-none-embed/8.2.0/../../../../riscv-none-embed/lib/rv32ecxw/ilp32e\libg_nano.a(lib_a-fstatr.o)
 .debug_frame   0x00000000000011ec       0x30 e:/program/mounriver/mounriver_studio/toolchain/risc-v embedded gcc/bin/../lib/gcc/riscv-none-embed/8.2.0/../../../../riscv-none-embed/lib/rv32ecxw/ilp32e\libg_nano.a(lib_a-isattyr.o)
 .debug_frame   0x000000000000121c       0x30 e:/program/mounriver/mounriver_studio/toolchain/risc-v embedded gcc/bin/../lib/gcc/riscv-none-embed/8.2.0/../../../../riscv-none-embed/lib/rv32ecxw/ilp32e\libg_nano.a(lib_a-lseekr.o)
 .debug_frame   0x000000000000124c       0x20 e:/program/mounriver/mounriver_studio/toolchain/risc-v embedded gcc/bin/../lib/gcc/riscv-none-embed/8.2.0/../../../../riscv-none-embed/lib/rv32ecxw/ilp32e\libg_nano.a(lib_a-memchr.o)
 .debug_frame   0x000000000000126c       0x30 e:/program/mounriver/mounriver_studio/toolchain/risc-v embedded gcc/bin/../lib/gcc/riscv-none-embed/8.2.0/../../../../riscv-none-embed/lib/rv32ecxw/ilp32e\libg_nano.a(lib_a-mlock.o)
 .debug_frame   0x000000000000129c       0x30 e:/program/mounriver/mounriver_studio/toolchain/risc-v embedded gcc/bin/../lib/gcc/riscv-none-embed/8.2.0/../../../../riscv-none-embed/lib/rv32ecxw/ilp32e\libg_nano.a(lib_a-readr.o)
 .debug_frame   0x00000000000012cc       0x64 e:/program/mounriver/mounriver_studio/toolchain/risc-v embedded gcc/bin/../lib/gcc/riscv-none-embed/8.2.0/../../../../riscv-none-embed/lib/rv32ecxw/ilp32e\libg_nano.a(lib_a-reent.o)
 .debug_frame   0x0000000000001330       0x20 e:/program/mounriver/mounriver_studio/toolchain/risc-v embedded gcc/bin/../lib/gcc/riscv-none-embed/8.2.0/../../../../riscv-none-embed/lib/rv32ecxw/ilp32e\libnosys.a(close.o)
 .debug_frame   0x0000000000001350       0x20 e:/program/mounriver/mounriver_studio/toolchain/risc-v embedded gcc/bin/../lib/gcc/riscv-none-embed/8.2.0/../../../../riscv-none-embed/lib/rv32ecxw/ilp32e\libnosys.a(fstat.o)
 .debug_frame   0x0000000000001370       0x20 e:/program/mounriver/mounriver_studio/toolchain/risc-v embedded gcc/bin/../lib/gcc/riscv-none-embed/8.2.0/../../../../riscv-none-embed/lib/rv32ecxw/ilp32e\libnosys.a(isatty.o)
 .debug_frame   0x0000000000001390       0x20 e:/program/mounriver/mounriver_studio/toolchain/risc-v embedded gcc/bin/../lib/gcc/riscv-none-embed/8.2.0/../../../../riscv-none-embed/lib/rv32ecxw/ilp32e\libnosys.a(lseek.o)
 .debug_frame   0x00000000000013b0       0x20 e:/program/mounriver/mounriver_studio/toolchain/risc-v embedded gcc/bin/../lib/gcc/riscv-none-embed/8.2.0/../../../../riscv-none-embed/lib/rv32ecxw/ilp32e\libnosys.a(read.o)

.stab           0x0000000000000000       0x84
 .stab          0x0000000000000000       0x24 e:/program/mounriver/mounriver_studio/toolchain/risc-v embedded gcc/bin/../lib/gcc/riscv-none-embed/8.2.0/../../../../riscv-none-embed/lib/rv32ecxw/ilp32e\libnosys.a(close.o)
 .stab          0x0000000000000024       0x18 e:/program/mounriver/mounriver_studio/toolchain/risc-v embedded gcc/bin/../lib/gcc/riscv-none-embed/8.2.0/../../../../riscv-none-embed/lib/rv32ecxw/ilp32e\libnosys.a(fstat.o)
                                         0x24 (size before relaxing)
 .stab          0x000000000000003c       0x18 e:/program/mounriver/mounriver_studio/toolchain/risc-v embedded gcc/bin/../lib/gcc/riscv-none-embed/8.2.0/../../../../riscv-none-embed/lib/rv32ecxw/ilp32e\libnosys.a(isatty.o)
                                         0x24 (size before relaxing)
 .stab          0x0000000000000054       0x18 e:/program/mounriver/mounriver_studio/toolchain/risc-v embedded gcc/bin/../lib/gcc/riscv-none-embed/8.2.0/../../../../riscv-none-embed/lib/rv32ecxw/ilp32e\libnosys.a(lseek.o)
                                         0x24 (size before relaxing)
 .stab          0x000000000000006c       0x18 e:/program/mounriver/mounriver_studio/toolchain/risc-v embedded gcc/bin/../lib/gcc/riscv-none-embed/8.2.0/../../../../riscv-none-embed/lib/rv32ecxw/ilp32e\libnosys.a(read.o)
                                         0x24 (size before relaxing)

.stabstr        0x0000000000000000      0x117
 .stabstr       0x0000000000000000      0x117 e:/program/mounriver/mounriver_studio/toolchain/risc-v embedded gcc/bin/../lib/gcc/riscv-none-embed/8.2.0/../../../../riscv-none-embed/lib/rv32ecxw/ilp32e\libnosys.a(close.o)
