Archive member included to satisfy reference by file (symbol)

e:/program/mounriver/mounriver_studio/toolchain/risc-v embedded gcc/bin/../lib/gcc/riscv-none-embed/8.2.0/rv32ecxw/ilp32e\libgcc.a(save-restore.o)
                              build/main.o (__riscv_save_2)
e:/program/mounriver/mounriver_studio/toolchain/risc-v embedded gcc/bin/../lib/gcc/riscv-none-embed/8.2.0/rv32ecxw/ilp32e\libgcc.a(muldi3.o)
                              build/debug.o (__mulsi3)
e:/program/mounriver/mounriver_studio/toolchain/risc-v embedded gcc/bin/../lib/gcc/riscv-none-embed/8.2.0/rv32ecxw/ilp32e\libgcc.a(div.o)
                              build/ch32v00x_usart.o (__divsi3)
e:/program/mounriver/mounriver_studio/toolchain/risc-v embedded gcc/bin/../lib/gcc/riscv-none-embed/8.2.0/../../../../riscv-none-embed/lib/rv32ecxw/ilp32e\libg_nano.a(lib_a-printf.o)
                              build/main.o (printf)
e:/program/mounriver/mounriver_studio/toolchain/risc-v embedded gcc/bin/../lib/gcc/riscv-none-embed/8.2.0/../../../../riscv-none-embed/lib/rv32ecxw/ilp32e\libg_nano.a(lib_a-puts.o)
                              build/main.o (puts)
e:/program/mounriver/mounriver_studio/toolchain/risc-v embedded gcc/bin/../lib/gcc/riscv-none-embed/8.2.0/../../../../riscv-none-embed/lib/rv32ecxw/ilp32e\libg_nano.a(lib_a-wbuf.o)
                              e:/program/mounriver/mounriver_studio/toolchain/risc-v embedded gcc/bin/../lib/gcc/riscv-none-embed/8.2.0/../../../../riscv-none-embed/lib/rv32ecxw/ilp32e\libg_nano.a(lib_a-puts.o) (__swbuf_r)
e:/program/mounriver/mounriver_studio/toolchain/risc-v embedded gcc/bin/../lib/gcc/riscv-none-embed/8.2.0/../../../../riscv-none-embed/lib/rv32ecxw/ilp32e\libg_nano.a(lib_a-wsetup.o)
                              e:/program/mounriver/mounriver_studio/toolchain/risc-v embedded gcc/bin/../lib/gcc/riscv-none-embed/8.2.0/../../../../riscv-none-embed/lib/rv32ecxw/ilp32e\libg_nano.a(lib_a-puts.o) (__swsetup_r)
e:/program/mounriver/mounriver_studio/toolchain/risc-v embedded gcc/bin/../lib/gcc/riscv-none-embed/8.2.0/../../../../riscv-none-embed/lib/rv32ecxw/ilp32e\libg_nano.a(lib_a-fflush.o)
                              e:/program/mounriver/mounriver_studio/toolchain/risc-v embedded gcc/bin/../lib/gcc/riscv-none-embed/8.2.0/../../../../riscv-none-embed/lib/rv32ecxw/ilp32e\libg_nano.a(lib_a-wbuf.o) (_fflush_r)
e:/program/mounriver/mounriver_studio/toolchain/risc-v embedded gcc/bin/../lib/gcc/riscv-none-embed/8.2.0/../../../../riscv-none-embed/lib/rv32ecxw/ilp32e\libg_nano.a(lib_a-findfp.o)
                              e:/program/mounriver/mounriver_studio/toolchain/risc-v embedded gcc/bin/../lib/gcc/riscv-none-embed/8.2.0/../../../../riscv-none-embed/lib/rv32ecxw/ilp32e\libg_nano.a(lib_a-printf.o) (__sinit)
e:/program/mounriver/mounriver_studio/toolchain/risc-v embedded gcc/bin/../lib/gcc/riscv-none-embed/8.2.0/../../../../riscv-none-embed/lib/rv32ecxw/ilp32e\libg_nano.a(lib_a-fwalk.o)
                              e:/program/mounriver/mounriver_studio/toolchain/risc-v embedded gcc/bin/../lib/gcc/riscv-none-embed/8.2.0/../../../../riscv-none-embed/lib/rv32ecxw/ilp32e\libg_nano.a(lib_a-findfp.o) (_fwalk)
e:/program/mounriver/mounriver_studio/toolchain/risc-v embedded gcc/bin/../lib/gcc/riscv-none-embed/8.2.0/../../../../riscv-none-embed/lib/rv32ecxw/ilp32e\libg_nano.a(lib_a-impure.o)
                              e:/program/mounriver/mounriver_studio/toolchain/risc-v embedded gcc/bin/../lib/gcc/riscv-none-embed/8.2.0/../../../../riscv-none-embed/lib/rv32ecxw/ilp32e\libg_nano.a(lib_a-fflush.o) (_global_impure_ptr)
e:/program/mounriver/mounriver_studio/toolchain/risc-v embedded gcc/bin/../lib/gcc/riscv-none-embed/8.2.0/../../../../riscv-none-embed/lib/rv32ecxw/ilp32e\libg_nano.a(lib_a-makebuf.o)
                              e:/program/mounriver/mounriver_studio/toolchain/risc-v embedded gcc/bin/../lib/gcc/riscv-none-embed/8.2.0/../../../../riscv-none-embed/lib/rv32ecxw/ilp32e\libg_nano.a(lib_a-wsetup.o) (__smakebuf_r)
e:/program/mounriver/mounriver_studio/toolchain/risc-v embedded gcc/bin/../lib/gcc/riscv-none-embed/8.2.0/../../../../riscv-none-embed/lib/rv32ecxw/ilp32e\libg_nano.a(lib_a-memset.o)
                              e:/program/mounriver/mounriver_studio/toolchain/risc-v embedded gcc/bin/../lib/gcc/riscv-none-embed/8.2.0/../../../../riscv-none-embed/lib/rv32ecxw/ilp32e\libg_nano.a(lib_a-findfp.o) (memset)
e:/program/mounriver/mounriver_studio/toolchain/risc-v embedded gcc/bin/../lib/gcc/riscv-none-embed/8.2.0/../../../../riscv-none-embed/lib/rv32ecxw/ilp32e\libg_nano.a(lib_a-nano-freer.o)
                              e:/program/mounriver/mounriver_studio/toolchain/risc-v embedded gcc/bin/../lib/gcc/riscv-none-embed/8.2.0/../../../../riscv-none-embed/lib/rv32ecxw/ilp32e\libg_nano.a(lib_a-wsetup.o) (_free_r)
e:/program/mounriver/mounriver_studio/toolchain/risc-v embedded gcc/bin/../lib/gcc/riscv-none-embed/8.2.0/../../../../riscv-none-embed/lib/rv32ecxw/ilp32e\libg_nano.a(lib_a-nano-mallocr.o)
[...]
Memory Configuration

Name             Origin             Length             Attributes
FLASH            0x0000000000000000 0x0000000000004000 xr
RAM              0x0000000020000000 0x0000000000000800 xrw
*default*        0x0000000000000000 0xffffffffffffffff

Linker script and memory map

LOAD build/main.o
LOAD build/system_ch32v00x.o
LOAD build/debug.o
LOAD build/ch32v00x_adc.o
LOAD build/ch32v00x_dbgmcu.o
LOAD build/ch32v00x_dma.o
LOAD build/ch32v00x_exti.o
LOAD build/ch32v00x_flash.o
LOAD build/ch32v00x_gpio.o
LOAD build/ch32v00x_i2c.o
LOAD build/ch32v00x_iwdg.o
LOAD build/ch32v00x_misc.o
LOAD build/ch32v00x_opa.o
LOAD build/ch32v00x_pwr.o
LOAD build/ch32v00x_rcc.o
LOAD build/ch32v00x_spi.o
LOAD build/ch32v00x_tim.o
LOAD build/ch32v00x_usart.o
LOAD build/ch32v00x_wwdg.o
LOAD build/ssd1306_i2c.o
LOAD build/startup_ch32v00x.o
LOAD e:/program/mounriver/mounriver_studio/toolchain/risc-v embedded gcc/bin/../lib/gcc/riscv-none-embed/8.2.0/rv32ecxw/ilp32e\libgcc.a
LOAD e:/program/mounriver/mounriver_studio/toolchain/risc-v embedded gcc/bin/../lib/gcc/riscv-none-embed/8.2.0/../../../../riscv-none-embed/lib/rv32ecxw/ilp32e\libg_nano.a
LOAD e:/program/mounriver/mounriver_studio/toolchain/risc-v embedded gcc/bin/../lib/gcc/riscv-none-embed/8.2.0/../../../../riscv-none-embed/lib/rv32ecxw/ilp32e\libc_nano.a
LOAD e:/program/mounriver/mounriver_studio/toolchain/risc-v embedded gcc/bin/../lib/gcc/riscv-none-embed/8.2.0/rv32ecxw/ilp32e\libgcc.a
START GROUP
LOAD e:/program/mounriver/mounriver_studio/toolchain/risc-v embedded gcc/bin/../lib/gcc/riscv-none-embed/8.2.0/rv32ecxw/ilp32e\libgcc.a
LOAD e:/program/mounriver/mounriver_studio/toolchain/risc-v embedded gcc/bin/../lib/gcc/riscv-none-embed/8.2.0/../../../../riscv-none-embed/lib/rv32ecxw/ilp32e\libc_nano.a
LOAD e:/program/mounriver/mounriver_studio/toolchain/risc-v embedded gcc/bin/../lib/gcc/riscv-none-embed/8.2.0/../../../../riscv-none-embed/lib/rv32ecxw/ilp32e\libnosys.a
END GROUP
START GROUP
LOAD e:/program/mounriver/mounriver_studio/toolchain/risc-v embedded gcc/bin/../lib/gcc/riscv-none-embed/8.2.0/rv32ecxw/ilp32e\libgcc.a
LOAD e:/program/mounriver/mounriver_studio/toolchain/risc-v embedded gcc/bin/../lib/gcc/riscv-none-embed/8.2.0/../../../../riscv-none-embed/lib/rv32ecxw/ilp32e\libc_nano.a
LOAD e:/program/mounriver/mounriver_studio/toolchain/risc-v embedded gcc/bin/../lib/gcc/riscv-none-embed/8.2.0/../../../../riscv-none-embed/lib/rv32ecxw/ilp32e\libnosys.a
END GROUP
                0x0000000000000200                __stack_size = 0x200
                [!provide]                        PROVIDE (_stack_size = __stack_size)

.init           0x0000000000000000       0xa0
                0x0000000000000000                _sinit = .
                0x0000000000000000                . = ALIGN (0x4)
 *(SORT_NONE(.init))
 .init          0x0000000000000000       0x9e build/startup_ch32v00x.o
                0x0000000000000000                _start
                0x00000000000000a0                . = ALIGN (0x4)
 *fill*         0x000000000000009e        0x2 
                0x00000000000000a0                _einit = .

.text           0x00000000000000a0     0x1fa4
                0x00000000000000a0                . = ALIGN (0x4)
 *(.text)
 .text          0x00000000000000a0       0x14 e:/program/mounriver/mounriver_studio/toolchain/risc-v embedded gcc/bin/../lib/gcc/riscv-none-embed/8.2.0/rv32ecxw/ilp32e\libgcc.a(save-restore.o)
                0x00000000000000a0                __riscv_save_1
                0x00000000000000a0                __riscv_save_2
                0x00000000000000a0                __riscv_save_0
                0x00000000000000aa                __riscv_restore_0
                0x00000000000000aa                __riscv_restore_1
                0x00000000000000aa                __riscv_restore_2
 .text          0x00000000000000b4       0x16 e:/program/mounriver/mounriver_studio/toolchain/risc-v embedded gcc/bin/../lib/gcc/riscv-none-embed/8.2.0/rv32ecxw/ilp32e\libgcc.a(muldi3.o)
                0x00000000000000b4                __mulsi3
 *fill*         0x00000000000000ca        0x2 
 .text          0x00000000000000cc       0x7e e:/program/mounriver/mounriver_studio/toolchain/risc-v embedded gcc/bin/../lib/gcc/riscv-none-embed/8.2.0/rv32ecxw/ilp32e\libgcc.a(div.o)
                0x00000000000000cc                __divsi3
                0x00000000000000d4                __udivsi3
                0x0000000000000100                __umodsi3
                0x0000000000000124                __modsi3
 .text          0x000000000000014a       0xa8 e:/program/mounriver/mounriver_studio/toolchain/risc-v embedded gcc/bin/../lib/gcc/riscv-none-embed/8.2.0/../../../../riscv-none-embed/lib/rv32ecxw/ilp32e\libg_nano.a(lib_a-memset.o)
                0x000000000000014a                memset
 *(.text.*)
 .text.GPIOD_Pin0_Init
                0x00000000000001f2       0x32 build/main.o
                0x00000000000001f2                GPIOD_Pin0_Init
 .text.IIC_Init
                0x0000000000000224       0x90 build/main.o
                0x0000000000000224                IIC_Init
 .text.startup.main
                0x00000000000002b4       0x6a build/main.o
                0x00000000000002b4                main
 .text.I2C1_ER_IRQHandler
                0x000000000000031e       0x32 build/main.o
                0x000000000000031e                I2C1_ER_IRQHandler
 .text.SystemInit
                0x0000000000000350       0xfe build/system_ch32v00x.o
                0x0000000000000350                SystemInit
 .text.Delay_Init
                0x000000000000044e       0x30 build/debug.o
                0x000000000000044e                Delay_Init
 .text.Delay_Ms
                0x000000000000047e       0x36 build/debug.o
                0x000000000000047e                Delay_Ms
 .text.USART_Printf_Init
                0x00000000000004b4       0x52 build/debug.o
                0x00000000000004b4                USART_Printf_Init
 .text._write   0x0000000000000506       0x4a build/debug.o
                0x0000000000000506                _write
 .text._sbrk    0x0000000000000550       0x26 build/debug.o
                0x0000000000000550                _sbrk
 .text.GPIO_Init
                0x0000000000000576       0xd6 build/ch32v00x_gpio.o
                0x0000000000000576                GPIO_Init
 .text.GPIO_WriteBit
                0x000000000000064c        0xa build/ch32v00x_gpio.o
                0x000000000000064c                GPIO_WriteBit
 .text.I2C_Init
                0x0000000000000656       0xd8 build/ch32v00x_i2c.o
                0x0000000000000656                I2C_Init
 .text.I2C_Cmd  0x000000000000072e       0x18 build/ch32v00x_i2c.o
                0x000000000000072e                I2C_Cmd
 .text.I2C_GenerateSTART
                0x0000000000000746       0x1a build/ch32v00x_i2c.o
                0x0000000000000746                I2C_GenerateSTART
 .text.I2C_GenerateSTOP
                0x0000000000000760       0x1a build/ch32v00x_i2c.o
                0x0000000000000760                I2C_GenerateSTOP
 .text.I2C_AcknowledgeConfig
                0x000000000000077a       0x1a build/ch32v00x_i2c.o
                0x000000000000077a                I2C_AcknowledgeConfig
 .text.I2C_SendData
                0x0000000000000794        0x4 build/ch32v00x_i2c.o
                0x0000000000000794                I2C_SendData
 .text.I2C_Send7bitAddress
                0x0000000000000798       0x12 build/ch32v00x_i2c.o
                0x0000000000000798                I2C_Send7bitAddress
 .text.I2C_CalculatePEC
                0x00000000000007aa       0x1a build/ch32v00x_i2c.o
                0x00000000000007aa                I2C_CalculatePEC
 .text.I2C_CheckEvent
                0x00000000000007c4       0x16 build/ch32v00x_i2c.o
                0x00000000000007c4                I2C_CheckEvent
 .text.I2C_GetFlagStatus
                0x00000000000007da       0x32 build/ch32v00x_i2c.o
                0x00000000000007da                I2C_GetFlagStatus
 .text.I2C_GetITStatus
                0x000000000000080c       0x20 build/ch32v00x_i2c.o
                0x000000000000080c                I2C_GetITStatus
 .text.I2C_ClearITPendingBit
                0x000000000000082c        0xc build/ch32v00x_i2c.o
                0x000000000000082c                I2C_ClearITPendingBit
 .text.NVIC_PriorityGroupConfig
                0x0000000000000838        0xa build/ch32v00x_misc.o
                0x0000000000000838                NVIC_PriorityGroupConfig
 .text.RCC_GetClocksFreq
                0x0000000000000842       0x92 build/ch32v00x_rcc.o
                0x0000000000000842                RCC_GetClocksFreq
 .text.RCC_APB2PeriphClockCmd
                0x00000000000008d4       0x1e build/ch32v00x_rcc.o
                0x00000000000008d4                RCC_APB2PeriphClockCmd
 .text.RCC_APB1PeriphClockCmd
                0x00000000000008f2       0x1e build/ch32v00x_rcc.o
                0x00000000000008f2                RCC_APB1PeriphClockCmd
 .text.USART_Init
                0x0000000000000910       0xcc build/ch32v00x_usart.o
                0x0000000000000910                USART_Init
 .text.USART_Cmd
                0x00000000000009dc       0x16 build/ch32v00x_usart.o
                0x00000000000009dc                USART_Cmd
 .text.USART_SendData
                0x00000000000009f2        0x8 build/ch32v00x_usart.o
                0x00000000000009f2                USART_SendData
 .text.USART_GetFlagStatus
                0x00000000000009fa        0xa build/ch32v00x_usart.o
                0x00000000000009fa                USART_GetFlagStatus
 .text.SSD1306_Write
                0x0000000000000a04       0xe2 build/ssd1306_i2c.o
                0x0000000000000a04                SSD1306_Write
 .text.SSD1306_Init
                0x0000000000000ae6       0x22 build/ssd1306_i2c.o
                0x0000000000000ae6                SSD1306_Init
 .text.SSD1306_WriteArray
                0x0000000000000b08       0xd6 build/ssd1306_i2c.o
                0x0000000000000b08                SSD1306_WriteArray
 .text.SSD1306_SetColumnAndRow
                0x0000000000000bde       0x22 build/ssd1306_i2c.o
                0x0000000000000bde                SSD1306_SetColumnAndRow
 .text.SSD1306_ClearScreen
                0x0000000000000c00       0x2c build/ssd1306_i2c.o
                0x0000000000000c00                SSD1306_ClearScreen
 .text.SSD1306_Fill
                0x0000000000000c2c       0x2a build/ssd1306_i2c.o
                0x0000000000000c2c                SSD1306_Fill
 .text.SSD1306_TestScreen
                0x0000000000000c56       0x3e build/ssd1306_i2c.o
                0x0000000000000c56                SSD1306_TestScreen
 .text.vector_handler
                0x0000000000000c94       0x36 build/startup_ch32v00x.o
                0x0000000000000c94                NMI_Handler
                0x0000000000000c96                HardFault_Handler
                0x0000000000000c98                SysTick_Handler
                0x0000000000000c9a                SW_Handler
                0x0000000000000c9c                WWDG_IRQHandler
                0x0000000000000c9e                PVD_IRQHandler
                0x0000000000000ca0                FLASH_IRQHandler
                0x0000000000000ca2                RCC_IRQHandler
                0x0000000000000ca4                EXTI7_0_IRQHandler
                0x0000000000000ca6                AWU_IRQHandler
                0x0000000000000ca8                DMA1_Channel1_IRQHandler
                0x0000000000000caa                DMA1_Channel2_IRQHandler
                0x0000000000000cac                DMA1_Channel3_IRQHandler
                0x0000000000000cae                DMA1_Channel4_IRQHandler
                0x0000000000000cb0                DMA1_Channel5_IRQHandler
                0x0000000000000cb2                DMA1_Channel6_IRQHandler
                0x0000000000000cb4                DMA1_Channel7_IRQHandler
                0x0000000000000cb6                ADC1_IRQHandler
                0x0000000000000cb8                I2C1_EV_IRQHandler
                0x0000000000000cbc                USART1_IRQHandler
                0x0000000000000cbe                SPI1_IRQHandler
                0x0000000000000cc0                TIM1_BRK_IRQHandler
                0x0000000000000cc2                TIM1_UP_IRQHandler
                0x0000000000000cc4                TIM1_TRG_COM_IRQHandler
                0x0000000000000cc6                TIM1_CC_IRQHandler
                0x0000000000000cc8                TIM2_IRQHandler
 .text.handle_reset
                0x0000000000000cca       0x7c build/startup_ch32v00x.o
                0x0000000000000cca                handle_reset
 .text.printf   0x0000000000000d46       0x44 e:/program/mounriver/mounriver_studio/toolchain/risc-v embedded gcc/bin/../lib/gcc/riscv-none-embed/8.2.0/../../../../riscv-none-embed/lib/rv32ecxw/ilp32e\libg_nano.a(lib_a-printf.o)
                0x0000000000000d46                iprintf
                0x0000000000000d46                printf
 .text._puts_r  0x0000000000000d8a       0xca e:/program/mounriver/mounriver_studio/toolchain/risc-v embedded gcc/bin/../lib/gcc/riscv-none-embed/8.2.0/../../../../riscv-none-embed/lib/rv32ecxw/ilp32e\libg_nano.a(lib_a-puts.o)
                0x0000000000000d8a                _puts_r
 .text.puts     0x0000000000000e54        0xe e:/program/mounriver/mounriver_studio/toolchain/risc-v embedded gcc/bin/../lib/gcc/riscv-none-embed/8.2.0/../../../../riscv-none-embed/lib/rv32ecxw/ilp32e\libg_nano.a(lib_a-puts.o)
                0x0000000000000e54                puts
 .text.__swbuf_r
                0x0000000000000e62       0xc2 e:/program/mounriver/mounriver_studio/toolchain/risc-v embedded gcc/bin/../lib/gcc/riscv-none-embed/8.2.0/../../../../riscv-none-embed/lib/rv32ecxw/ilp32e\libg_nano.a(lib_a-wbuf.o)
                0x0000000000000e62                __swbuf_r
 .text.__swsetup_r
                0x0000000000000f24      0x102 e:/program/mounriver/mounriver_studio/toolchain/risc-v embedded gcc/bin/../lib/gcc/riscv-none-embed/8.2.0/../../../../riscv-none-embed/lib/rv32ecxw/ilp32e\libg_nano.a(lib_a-wsetup.o)
                0x0000000000000f24                __swsetup_r
 .text.__sflush_r
                0x0000000000001026      0x128 e:/program/mounriver/mounriver_studio/toolchain/risc-v embedded gcc/bin/../lib/gcc/riscv-none-embed/8.2.0/../../../../riscv-none-embed/lib/rv32ecxw/ilp32e\libg_nano.a(lib_a-fflush.o)
                0x0000000000001026                __sflush_r
 .text._fflush_r
                0x000000000000114e       0x64 e:/program/mounriver/mounriver_studio/toolchain/risc-v embedded gcc/bin/../lib/gcc/riscv-none-embed/8.2.0/../../../../riscv-none-embed/lib/rv32ecxw/ilp32e\libg_nano.a(lib_a-fflush.o)
                0x000000000000114e                _fflush_r
 .text.std      0x00000000000011b2       0x66 e:/program/mounriver/mounriver_studio/toolchain/risc-v embedded gcc/bin/../lib/gcc/riscv-none-embed/8.2.0/../../../../riscv-none-embed/lib/rv32ecxw/ilp32e\libg_nano.a(lib_a-findfp.o)
 .text._cleanup_r
                0x0000000000001218        0xa e:/program/mounriver/mounriver_studio/toolchain/risc-v embedded gcc/bin/../lib/gcc/riscv-none-embed/8.2.0/../../../../riscv-none-embed/lib/rv32ecxw/ilp32e\libg_nano.a(lib_a-findfp.o)
                0x0000000000001218                _cleanup_r
 .text.__sfmoreglue
                0x0000000000001222       0x48 e:/program/mounriver/mounriver_studio/toolchain/risc-v embedded gcc/bin/../lib/gcc/riscv-none-embed/8.2.0/../../../../riscv-none-embed/lib/rv32ecxw/ilp32e\libg_nano.a(lib_a-findfp.o)
                0x0000000000001222                __sfmoreglue
 .text.__sinit  0x000000000000126a       0x6a e:/program/mounriver/mounriver_studio/toolchain/risc-v embedded gcc/bin/../lib/gcc/riscv-none-embed/8.2.0/../../../../riscv-none-embed/lib/rv32ecxw/ilp32e\libg_nano.a(lib_a-findfp.o)
                0x000000000000126a                __sinit
 .text.__sfp    0x00000000000012d4       0x9e e:/program/mounriver/mounriver_studio/toolchain/risc-v embedded gcc/bin/../lib/gcc/riscv-none-embed/8.2.0/../../../../riscv-none-embed/lib/rv32ecxw/ilp32e\libg_nano.a(lib_a-findfp.o)
                0x00000000000012d4                __sfp
 .text._fwalk_reent
                0x0000000000001372       0x5e e:/program/mounriver/mounriver_studio/toolchain/risc-v embedded gcc/bin/../lib/gcc/riscv-none-embed/8.2.0/../../../../riscv-none-embed/lib/rv32ecxw/ilp32e\libg_nano.a(lib_a-fwalk.o)
                0x0000000000001372                _fwalk_reent
 .text.__swhatbuf_r
                0x00000000000013d0       0x62 e:/program/mounriver/mounriver_studio/toolchain/risc-v embedded gcc/bin/../lib/gcc/riscv-none-embed/8.2.0/../../../../riscv-none-embed/lib/rv32ecxw/ilp32e\libg_nano.a(lib_a-makebuf.o)
                0x00000000000013d0                __swhatbuf_r
 .text.__smakebuf_r
                0x0000000000001432       0x8c e:/program/mounriver/mounriver_studio/toolchain/risc-v embedded gcc/bin/../lib/gcc/riscv-none-embed/8.2.0/../../../../riscv-none-embed/lib/rv32ecxw/ilp32e\libg_nano.a(lib_a-makebuf.o)
                0x0000000000001432                __smakebuf_r
 .text._free_r  0x00000000000014be       0xb0 e:/program/mounriver/mounriver_studio/toolchain/risc-v embedded gcc/bin/../lib/gcc/riscv-none-embed/8.2.0/../../../../riscv-none-embed/lib/rv32ecxw/ilp32e\libg_nano.a(lib_a-nano-freer.o)
                0x00000000000014be                _free_r
 .text._malloc_r
                0x000000000000156e       0xda e:/program/mounriver/mounriver_studio/toolchain/risc-v embedded gcc/bin/../lib/gcc/riscv-none-embed/8.2.0/../../../../riscv-none-embed/lib/rv32ecxw/ilp32e\libg_nano.a(lib_a-nano-mallocr.o)
                0x000000000000156e                _malloc_r
 .text.__sfputc_r
                0x0000000000001648       0x28 e:/program/mounriver/mounriver_studio/toolchain/risc-v embedded gcc/bin/../lib/gcc/riscv-none-embed/8.2.0/../../../../riscv-none-embed/lib/rv32ecxw/ilp32e\libg_nano.a(lib_a-nano-vfprintf.o)
 .text.__sfputs_r
                0x0000000000001670       0x3c e:/program/mounriver/mounriver_studio/toolchain/risc-v embedded gcc/bin/../lib/gcc/riscv-none-embed/8.2.0/../../../../riscv-none-embed/lib/rv32ecxw/ilp32e\libg_nano.a(lib_a-nano-vfprintf.o)
                0x0000000000001670                __sfputs_r
 .text._vfprintf_r
                0x00000000000016ac      0x2a6 e:/program/mounriver/mounriver_studio/toolchain/risc-v embedded gcc/bin/../lib/gcc/riscv-none-embed/8.2.0/../../../../riscv-none-embed/lib/rv32ecxw/ilp32e\libg_nano.a(lib_a-nano-vfprintf.o)
                0x00000000000016ac                _vfprintf_r
                0x00000000000016ac                _vfiprintf_r
 .text._printf_common
                0x0000000000001952      0x12c e:/program/mounriver/mounriver_studio/toolchain/risc-v embedded gcc/bin/../lib/gcc/riscv-none-embed/8.2.0/../../../../riscv-none-embed/lib/rv32ecxw/ilp32e\libg_nano.a(lib_a-nano-vfprintf_i.o)
                0x0000000000001952                _printf_common
 .text._printf_i
                0x0000000000001a7e      0x2b8 e:/program/mounriver/mounriver_studio/toolchain/risc-v embedded gcc/bin/../lib/gcc/riscv-none-embed/8.2.0/../../../../riscv-none-embed/lib/rv32ecxw/ilp32e\libg_nano.a(lib_a-nano-vfprintf_i.o)
                0x0000000000001a7e                _printf_i
 .text._sbrk_r  0x0000000000001d36       0x2a e:/program/mounriver/mounriver_studio/toolchain/risc-v embedded gcc/bin/../lib/gcc/riscv-none-embed/8.2.0/../../../../riscv-none-embed/lib/rv32ecxw/ilp32e\libg_nano.a(lib_a-sbrkr.o)
                0x0000000000001d36                _sbrk_r
 .text.__sread  0x0000000000001d60       0x2c e:/program/mounriver/mounriver_studio/toolchain/risc-v embedded gcc/bin/../lib/gcc/riscv-none-embed/8.2.0/../../../../riscv-none-embed/lib/rv32ecxw/ilp32e\libg_nano.a(lib_a-stdio.o)
                0x0000000000001d60                __sread
 .text.__swrite
                0x0000000000001d8c       0x48 e:/program/mounriver/mounriver_studio/toolchain/risc-v embedded gcc/bin/../lib/gcc/riscv-none-embed/8.2.0/../../../../riscv-none-embed/lib/rv32ecxw/ilp32e\libg_nano.a(lib_a-stdio.o)
                0x0000000000001d8c                __swrite
 .text.__sseek  0x0000000000001dd4       0x30 e:/program/mounriver/mounriver_studio/toolchain/risc-v embedded gcc/bin/../lib/gcc/riscv-none-embed/8.2.0/../../../../riscv-none-embed/lib/rv32ecxw/ilp32e\libg_nano.a(lib_a-stdio.o)
                0x0000000000001dd4                __sseek
 .text.__sclose
                0x0000000000001e04        0x6 e:/program/mounriver/mounriver_studio/toolchain/risc-v embedded gcc/bin/../lib/gcc/riscv-none-embed/8.2.0/../../../../riscv-none-embed/lib/rv32ecxw/ilp32e\libg_nano.a(lib_a-stdio.o)
                0x0000000000001e04                __sclose
 .text._write_r
                0x0000000000001e0a       0x2e e:/program/mounriver/mounriver_studio/toolchain/risc-v embedded gcc/bin/../lib/gcc/riscv-none-embed/8.2.0/../../../../riscv-none-embed/lib/rv32ecxw/ilp32e\libg_nano.a(lib_a-writer.o)
                0x0000000000001e0a                _write_r
 .text._close_r
                0x0000000000001e38       0x28 e:/program/mounriver/mounriver_studio/toolchain/risc-v embedded gcc/bin/../lib/gcc/riscv-none-embed/8.2.0/../../../../riscv-none-embed/lib/rv32ecxw/ilp32e\libg_nano.a(lib_a-closer.o)
                0x0000000000001e38                _close_r
 .text._fstat_r
                0x0000000000001e60       0x2a e:/program/mounriver/mounriver_studio/toolchain/risc-v embedded gcc/bin/../lib/gcc/riscv-none-embed/8.2.0/../../../../riscv-none-embed/lib/rv32ecxw/ilp32e\libg_nano.a(lib_a-fstatr.o)
                0x0000000000001e60                _fstat_r
 .text._isatty_r
                0x0000000000001e8a       0x28 e:/program/mounriver/mounriver_studio/toolchain/risc-v embedded gcc/bin/../lib/gcc/riscv-none-embed/8.2.0/../../../../riscv-none-embed/lib/rv32ecxw/ilp32e\libg_nano.a(lib_a-isattyr.o)
                0x0000000000001e8a                _isatty_r
 .text._lseek_r
                0x0000000000001eb2       0x2c e:/program/mounriver/mounriver_studio/toolchain/risc-v embedded gcc/bin/../lib/gcc/riscv-none-embed/8.2.0/../../../../riscv-none-embed/lib/rv32ecxw/ilp32e\libg_nano.a(lib_a-lseekr.o)
                0x0000000000001eb2                _lseek_r
 .text.memchr   0x0000000000001ede       0x18 e:/program/mounriver/mounriver_studio/toolchain/risc-v embedded gcc/bin/../lib/gcc/riscv-none-embed/8.2.0/../../../../riscv-none-embed/lib/rv32ecxw/ilp32e\libg_nano.a(lib_a-memchr.o)
                0x0000000000001ede                memchr
 .text.__malloc_lock
                0x0000000000001ef6        0x2 e:/program/mounriver/mounriver_studio/toolchain/risc-v embedded gcc/bin/../lib/gcc/riscv-none-embed/8.2.0/../../../../riscv-none-embed/lib/rv32ecxw/ilp32e\libg_nano.a(lib_a-mlock.o)
                0x0000000000001ef6                __malloc_lock
 .text.__malloc_unlock
                0x0000000000001ef8        0x2 e:/program/mounriver/mounriver_studio/toolchain/risc-v embedded gcc/bin/../lib/gcc/riscv-none-embed/8.2.0/../../../../riscv-none-embed/lib/rv32ecxw/ilp32e\libg_nano.a(lib_a-mlock.o)
                0x0000000000001ef8                __malloc_unlock
 .text._read_r  0x0000000000001efa       0x2c e:/program/mounriver/mounriver_studio/toolchain/risc-v embedded gcc/bin/../lib/gcc/riscv-none-embed/8.2.0/../../../../riscv-none-embed/lib/rv32ecxw/ilp32e\libg_nano.a(lib_a-readr.o)
                0x0000000000001efa                _read_r
 .text._close   0x0000000000001f26        0xc e:/program/mounriver/mounriver_studio/toolchain/risc-v embedded gcc/bin/../lib/gcc/riscv-none-embed/8.2.0/../../../../riscv-none-embed/lib/rv32ecxw/ilp32e\libnosys.a(close.o)
                0x0000000000001f26                _close
 .text._fstat   0x0000000000001f32        0xc e:/program/mounriver/mounriver_studio/toolchain/risc-v embedded gcc/bin/../lib/gcc/riscv-none-embed/8.2.0/../../../../riscv-none-embed/lib/rv32ecxw/ilp32e\libnosys.a(fstat.o)
                0x0000000000001f32                _fstat
 .text._isatty  0x0000000000001f3e        0xc e:/program/mounriver/mounriver_studio/toolchain/risc-v embedded gcc/bin/../lib/gcc/riscv-none-embed/8.2.0/../../../../riscv-none-embed/lib/rv32ecxw/ilp32e\libnosys.a(isatty.o)
                0x0000000000001f3e                _isatty
 .text._lseek   0x0000000000001f4a        0xc e:/program/mounriver/mounriver_studio/toolchain/risc-v embedded gcc/bin/../lib/gcc/riscv-none-embed/8.2.0/../../../../riscv-none-embed/lib/rv32ecxw/ilp32e\libnosys.a(lseek.o)
                0x0000000000001f4a                _lseek
 .text._read    0x0000000000001f56        0xc e:/program/mounriver/mounriver_studio/toolchain/risc-v embedded gcc/bin/../lib/gcc/riscv-none-embed/8.2.0/../../../../riscv-none-embed/lib/rv32ecxw/ilp32e\libnosys.a(read.o)
                0x0000000000001f56                _read
 *(.rodata)
 *(.rodata*)
 *fill*         0x0000000000001f62        0x2 
 .rodata.I2C1_ER_IRQHandler.str1.4
                0x0000000000001f64        0x8 build/main.o
 .rodata.main.str1.4
                0x0000000000001f6c       0x20 build/main.o
 .rodata.columnAndRow
                0x0000000000001f8c        0x6 build/ssd1306_i2c.o
 *fill*         0x0000000000001f92        0x2 
 .rodata.ssd1306_128x32_init
                0x0000000000001f94       0x13 build/ssd1306_i2c.o
 *fill*         0x0000000000001fa7        0x1 
 .rodata.__sf_fake_stderr
                0x0000000000001fa8       0x20 e:/program/mounriver/mounriver_studio/toolchain/risc-v embedded gcc/bin/../lib/gcc/riscv-none-embed/8.2.0/../../../../riscv-none-embed/lib/rv32ecxw/ilp32e\libg_nano.a(lib_a-findfp.o)
                0x0000000000001fa8                __sf_fake_stderr
 .rodata.__sf_fake_stdin
                0x0000000000001fc8       0x20 e:/program/mounriver/mounriver_studio/toolchain/risc-v embedded gcc/bin/../lib/gcc/riscv-none-embed/8.2.0/../../../../riscv-none-embed/lib/rv32ecxw/ilp32e\libg_nano.a(lib_a-findfp.o)
                0x0000000000001fc8                __sf_fake_stdin
 .rodata.__sf_fake_stdout
                0x0000000000001fe8       0x20 e:/program/mounriver/mounriver_studio/toolchain/risc-v embedded gcc/bin/../lib/gcc/riscv-none-embed/8.2.0/../../../../riscv-none-embed/lib/rv32ecxw/ilp32e\libg_nano.a(lib_a-findfp.o)
                0x0000000000001fe8                __sf_fake_stdout
 .rodata._vfprintf_r.str1.4
                0x0000000000002008       0x13 e:/program/mounriver/mounriver_studio/toolchain/risc-v embedded gcc/bin/../lib/gcc/riscv-none-embed/8.2.0/../../../../riscv-none-embed/lib/rv32ecxw/ilp32e\libg_nano.a(lib_a-nano-vfprintf.o)
 *fill*         0x000000000000201b        0x1 
 .rodata._printf_i.str1.4
                0x000000000000201c       0x28 e:/program/mounriver/mounriver_studio/toolchain/risc-v embedded gcc/bin/../lib/gcc/riscv-none-embed/8.2.0/../../../../riscv-none-embed/lib/rv32ecxw/ilp32e\libg_nano.a(lib_a-nano-vfprintf_i.o)
                                         0x25 (size before relaxing)
 *(.gnu.linkonce.t.*)
                0x0000000000002044                . = ALIGN (0x4)

.rela.dyn       0x0000000000002044        0x0
 .rela.text._sbrk
                0x0000000000002044        0x0 build/main.o
 .rela.data.curbrk.4058
                0x0000000000002044        0x0 build/main.o
 .rela.init     0x0000000000002044        0x0 build/main.o
 .rela.text.handle_reset
                0x0000000000002044        0x0 build/main.o
 .rela.text._vfprintf_r
                0x0000000000002044        0x0 build/main.o
 .rela.text._sbrk_r
                0x0000000000002044        0x0 build/main.o
 .rela.text._write_r
                0x0000000000002044        0x0 build/main.o
 .rela.text._close_r
                0x0000000000002044        0x0 build/main.o
 .rela.text._fstat_r
                0x0000000000002044        0x0 build/main.o
 .rela.text._isatty_r
                0x0000000000002044        0x0 build/main.o
 .rela.text._lseek_r
                0x0000000000002044        0x0 build/main.o
 .rela.text._read_r
                0x0000000000002044        0x0 build/main.o
 .rela.text._close
                0x0000000000002044        0x0 build/main.o
 .rela.text._fstat
                0x0000000000002044        0x0 build/main.o
 .rela.text._isatty
                0x0000000000002044        0x0 build/main.o
 .rela.text._lseek
                0x0000000000002044        0x0 build/main.o
 .rela.text._read
                0x0000000000002044        0x0 build/main.o

.fini           0x0000000000002044        0x0
 *(SORT_NONE(.fini))
                0x0000000000002044                . = ALIGN (0x4)
                [!provide]                        PROVIDE (_etext = .)
                [!provide]                        PROVIDE (_eitcm = .)

.preinit_array  0x0000000000002044        0x0
                [!provide]                        PROVIDE (__preinit_array_start = .)
 *(.preinit_array)
                [!provide]                        PROVIDE (__preinit_array_end = .)

.init_array     0x0000000000002044        0x0
                [!provide]                        PROVIDE (__init_array_start = .)
 *(SORT_BY_INIT_PRIORITY(.init_array.*) SORT_BY_INIT_PRIORITY(.ctors.*))
 *(.init_array EXCLUDE_FILE(*crtend?.o *crtend.o *crtbegin?.o *crtbegin.o) .ctors)
                [!provide]                        PROVIDE (__init_array_end = .)

.fini_array     0x0000000000002044        0x0
                [!provide]                        PROVIDE (__fini_array_start = .)
 *(SORT_BY_INIT_PRIORITY(.fini_array.*) SORT_BY_INIT_PRIORITY(.dtors.*))
 *(.fini_array EXCLUDE_FILE(*crtend?.o *crtend.o *crtbegin?.o *crtbegin.o) .dtors)
                [!provide]                        PROVIDE (__fini_array_end = .)

.ctors
 *crtbegin.o(.ctors)
 *crtbegin?.o(.ctors)
 *(EXCLUDE_FILE(*crtend?.o *crtend.o) .ctors)
 *(SORT_BY_NAME(.ctors.*))
 *(.ctors)

.dtors
 *crtbegin.o(.dtors)
 *crtbegin?.o(.dtors)
 *(EXCLUDE_FILE(*crtend?.o *crtend.o) .dtors)
 *(SORT_BY_NAME(.dtors.*))
 *(.dtors)

.dalign         0x0000000020000000        0x0 load address 0x0000000000002044
                0x0000000020000000                . = ALIGN (0x4)
                0x0000000020000000                PROVIDE (_data_vma = .)

.dlalign        0x0000000000002044        0x0
                0x0000000000002044                . = ALIGN (0x4)
                0x0000000000002044                PROVIDE (_data_lma = .)

.data           0x0000000020000000       0x98 load address 0x0000000000002044
                0x0000000020000000                . = ALIGN (0x4)
 *(.gnu.linkonce.r.*)
 *(.data .data.*)
 .data.SystemCoreClock
                0x0000000020000000        0x4 build/system_ch32v00x.o
                0x0000000020000000                SystemCoreClock
 .data.curbrk.4058
                0x0000000020000004        0x4 build/debug.o
 .data.NVIC_Priority_Group
                0x0000000020000008        0x4 build/ch32v00x_misc.o
                0x0000000020000008                NVIC_Priority_Group
 .data.ADCPrescTable
                0x000000002000000c       0x14 build/ch32v00x_rcc.o
 .data.APBAHBPrescTable
                0x0000000020000020       0x10 build/ch32v00x_rcc.o
 .data.impure_data
                0x0000000020000030       0x60 e:/program/mounriver/mounriver_studio/toolchain/risc-v embedded gcc/bin/../lib/gcc/riscv-none-embed/8.2.0/../../../../riscv-none-embed/lib/rv32ecxw/ilp32e\libg_nano.a(lib_a-impure.o)
 *(.gnu.linkonce.d.*)
                0x0000000020000090                . = ALIGN (0x8)
                0x0000000020000890                PROVIDE (__global_pointer$ = (. + 0x800))
 *(.sdata .sdata.*)
 .sdata._impure_ptr
                0x0000000020000090        0x4 e:/program/mounriver/mounriver_studio/toolchain/risc-v embedded gcc/bin/../lib/gcc/riscv-none-embed/8.2.0/../../../../riscv-none-embed/lib/rv32ecxw/ilp32e\libg_nano.a(lib_a-impure.o)
                0x0000000020000090                _impure_ptr
 *(.sdata2*)
 .sdata2._global_impure_ptr
                0x0000000020000094        0x4 e:/program/mounriver/mounriver_studio/toolchain/risc-v embedded gcc/bin/../lib/gcc/riscv-none-embed/8.2.0/../../../../riscv-none-embed/lib/rv32ecxw/ilp32e\libg_nano.a(lib_a-impure.o)
                0x0000000020000094                _global_impure_ptr
 *(.gnu.linkonce.s.*)
                0x0000000020000098                . = ALIGN (0x8)
 *(.srodata.cst16)
 *(.srodata.cst8)
 *(.srodata.cst4)
 *(.srodata.cst2)
 *(.srodata .srodata.*)
                0x0000000020000098                . = ALIGN (0x4)
                0x0000000020000098                PROVIDE (_edata = .)

.bss            0x0000000020000098      0x210 load address 0x00000000000020dc
                0x0000000020000098                . = ALIGN (0x4)
                0x0000000020000098                PROVIDE (_sbss = .)
 *(.sbss*)
 .sbss.__malloc_free_list
                0x0000000020000098        0x4 e:/program/mounriver/mounriver_studio/toolchain/risc-v embedded gcc/bin/../lib/gcc/riscv-none-embed/8.2.0/../../../../riscv-none-embed/lib/rv32ecxw/ilp32e\libg_nano.a(lib_a-nano-mallocr.o)
                0x0000000020000098                __malloc_free_list
 .sbss.__malloc_sbrk_start
                0x000000002000009c        0x4 e:/program/mounriver/mounriver_studio/toolchain/risc-v embedded gcc/bin/../lib/gcc/riscv-none-embed/8.2.0/../../../../riscv-none-embed/lib/rv32ecxw/ilp32e\libg_nano.a(lib_a-nano-mallocr.o)
                0x000000002000009c                __malloc_sbrk_start
 *(.gnu.linkonce.sb.*)
 *(.bss*)
 .bss.p_ms      0x00000000200000a0        0x2 build/debug.o
 .bss.p_us      0x00000000200000a2        0x1 build/debug.o
 *fill*         0x00000000200000a3        0x1 
 .bss.scr_buffer
                0x00000000200000a4      0x200 build/ssd1306_i2c.o
                0x00000000200000a4                scr_buffer
 *(.gnu.linkonce.b.*)
 *(COMMON*)
 COMMON         0x00000000200002a4        0x4 e:/program/mounriver/mounriver_studio/toolchain/risc-v embedded gcc/bin/../lib/gcc/riscv-none-embed/8.2.0/../../../../riscv-none-embed/lib/rv32ecxw/ilp32e\libg_nano.a(lib_a-reent.o)
                0x00000000200002a4                errno
                0x00000000200002a8                . = ALIGN (0x4)
                0x00000000200002a8                PROVIDE (_ebss = .)
                0x00000000200002a8                PROVIDE (_end = _ebss)
                [!provide]                        PROVIDE (end = .)

.stack          0x0000000020000600      0x200
                0x0000000020000600                PROVIDE (_heap_end = .)
                0x0000000020000600                . = ALIGN (0x4)
                [!provide]                        PROVIDE (_susrstack = .)
                0x0000000020000800                . = (. + __stack_size)
 *fill*         0x0000000020000600      0x200 
                0x0000000020000800                PROVIDE (_eusrstack = .)
OUTPUT(build/firmware.elf elf32-littleriscv)

.debug_info     0x0000000000000000     0x9179
 .debug_info    0x0000000000000000     0x1083 build/main.o
 .debug_info    0x0000000000001083      0xc00 build/system_ch32v00x.o
 .debug_info    0x0000000000001c83      0xef8 build/debug.o
 .debug_info    0x0000000000002b7b      0xf89 build/ch32v00x_gpio.o
 .debug_info    0x0000000000003b04     0x1414 build/ch32v00x_i2c.o
 .debug_info    0x0000000000004f18      0xdda build/ch32v00x_misc.o
 .debug_info    0x0000000000005cf2     0x1071 build/ch32v00x_rcc.o
 .debug_info    0x0000000000006d63     0x1351 build/ch32v00x_usart.o
 .debug_info    0x00000000000080b4     0x10a3 build/ssd1306_i2c.o
 .debug_info    0x0000000000009157       0x22 build/startup_ch32v00x.o

.debug_abbrev   0x0000000000000000     0x1b9d
 .debug_abbrev  0x0000000000000000      0x2b0 build/main.o
 .debug_abbrev  0x00000000000002b0      0x2af build/system_ch32v00x.o
 .debug_abbrev  0x000000000000055f      0x2f3 build/debug.o
 .debug_abbrev  0x0000000000000852      0x2f8 build/ch32v00x_gpio.o
 .debug_abbrev  0x0000000000000b4a      0x3a7 build/ch32v00x_i2c.o
 .debug_abbrev  0x0000000000000ef1      0x2fb build/ch32v00x_misc.o
 .debug_abbrev  0x00000000000011ec      0x36d build/ch32v00x_rcc.o
 .debug_abbrev  0x0000000000001559      0x323 build/ch32v00x_usart.o
 .debug_abbrev  0x000000000000187c      0x30f build/ssd1306_i2c.o
 .debug_abbrev  0x0000000000001b8b       0x12 build/startup_ch32v00x.o

.debug_loc      0x0000000000000000     0x1f42
 .debug_loc     0x0000000000000000       0x6b build/main.o
 .debug_loc     0x000000000000006b       0x55 build/system_ch32v00x.o
 .debug_loc     0x00000000000000c0      0x17b build/debug.o
 .debug_loc     0x000000000000023b      0x670 build/ch32v00x_gpio.o
 .debug_loc     0x00000000000008ab      0x720 build/ch32v00x_i2c.o
 .debug_loc     0x0000000000000fcb       0xce build/ch32v00x_misc.o
 .debug_loc     0x0000000000001099      0x59c build/ch32v00x_rcc.o
 .debug_loc     0x0000000000001635      0x735 build/ch32v00x_usart.o
 .debug_loc     0x0000000000001d6a      0x1d8 build/ssd1306_i2c.o

.debug_aranges  0x0000000000000000      0x4c8
 .debug_aranges
                0x0000000000000000       0x38 build/main.o
 .debug_aranges
                0x0000000000000038       0x28 build/system_ch32v00x.o
 .debug_aranges
                0x0000000000000060       0x48 build/debug.o
 .debug_aranges
                0x00000000000000a8       0x90 build/ch32v00x_gpio.o
 .debug_aranges
                0x0000000000000138      0x108 build/ch32v00x_i2c.o
 .debug_aranges
                0x0000000000000240       0x28 build/ch32v00x_misc.o
 .debug_aranges
                0x0000000000000268       0xe0 build/ch32v00x_rcc.o
 .debug_aranges
                0x0000000000000348      0x100 build/ch32v00x_usart.o
 .debug_aranges
                0x0000000000000448       0x50 build/ssd1306_i2c.o
 .debug_aranges
                0x0000000000000498       0x30 build/startup_ch32v00x.o

.debug_ranges   0x0000000000000000      0x4f8
 .debug_ranges  0x0000000000000000       0x28 build/main.o
 .debug_ranges  0x0000000000000028       0x38 build/system_ch32v00x.o
 .debug_ranges  0x0000000000000060       0x38 build/debug.o
 .debug_ranges  0x0000000000000098       0x80 build/ch32v00x_gpio.o
 .debug_ranges  0x0000000000000118       0xf8 build/ch32v00x_i2c.o
 .debug_ranges  0x0000000000000210       0x48 build/ch32v00x_misc.o
 .debug_ranges  0x0000000000000258       0xd0 build/ch32v00x_rcc.o
 .debug_ranges  0x0000000000000328       0xf0 build/ch32v00x_usart.o
 .debug_ranges  0x0000000000000418       0xb8 build/ssd1306_i2c.o
 .debug_ranges  0x00000000000004d0       0x28 build/startup_ch32v00x.o

.debug_line     0x0000000000000000     0x5817
 .debug_line    0x0000000000000000      0x654 build/main.o
 .debug_line    0x0000000000000654      0x5f0 build/system_ch32v00x.o
 .debug_line    0x0000000000000c44      0x6c2 build/debug.o
 .debug_line    0x0000000000001306      0xb55 build/ch32v00x_gpio.o
 .debug_line    0x0000000000001e5b     0x1012 build/ch32v00x_i2c.o
 .debug_line    0x0000000000002e6d      0x45e build/ch32v00x_misc.o
 .debug_line    0x00000000000032cb      0xcda build/ch32v00x_rcc.o
 .debug_line    0x0000000000003fa5      0xed6 build/ch32v00x_usart.o
 .debug_line    0x0000000000004e7b      0x7e9 build/ssd1306_i2c.o
 .debug_line    0x0000000000005664      0x1b3 build/startup_ch32v00x.o

.debug_str      0x0000000000000000     0x1a01
 .debug_str     0x0000000000000000      0x961 build/main.o
                                        0x9e3 (size before relaxing)
 .debug_str     0x0000000000000961       0xd0 build/system_ch32v00x.o
                                        0x6fc (size before relaxing)
 .debug_str     0x0000000000000a31      0x138 build/debug.o
                                        0x8ee (size before relaxing)
 .debug_str     0x0000000000000b69      0x1d6 build/ch32v00x_gpio.o
                                        0x90d (size before relaxing)
 .debug_str     0x0000000000000d3f      0x348 build/ch32v00x_i2c.o
                                        0xab5 (size before relaxing)
 .debug_str     0x0000000000001087      0x2e8 build/ch32v00x_misc.o
                                        0x915 (size before relaxing)
 .debug_str     0x000000000000136f      0x23e build/ch32v00x_rcc.o
                                        0x9bf (size before relaxing)
 .debug_str     0x00000000000015ad      0x356 build/ch32v00x_usart.o
                                        0xb03 (size before relaxing)
 .debug_str     0x0000000000001903       0xcf build/ssd1306_i2c.o
                                        0x7b1 (size before relaxing)
 .debug_str     0x00000000000019d2       0x2f build/startup_ch32v00x.o
                                         0x67 (size before relaxing)

.comment        0x0000000000000000       0x33
 .comment       0x0000000000000000       0x33 build/main.o
                                         0x34 (size before relaxing)
 .comment       0x0000000000000033       0x34 build/system_ch32v00x.o
 .comment       0x0000000000000033       0x34 build/debug.o
 .comment       0x0000000000000033       0x34 build/ch32v00x_gpio.o
 .comment       0x0000000000000033       0x34 build/ch32v00x_i2c.o
 .comment       0x0000000000000033       0x34 build/ch32v00x_misc.o
 .comment       0x0000000000000033       0x34 build/ch32v00x_rcc.o
 .comment       0x0000000000000033       0x34 build/ch32v00x_usart.o
 .comment       0x0000000000000033       0x34 build/ssd1306_i2c.o

.debug_frame    0x0000000000000000     0x1248
 .debug_frame   0x0000000000000000       0x8c build/main.o
 .debug_frame   0x000000000000008c       0x4c build/system_ch32v00x.o
 .debug_frame   0x00000000000000d8       0xc8 build/debug.o
 .debug_frame   0x00000000000001a0      0x12c build/ch32v00x_gpio.o
 .debug_frame   0x00000000000002cc      0x254 build/ch32v00x_i2c.o
 .debug_frame   0x0000000000000520       0x30 build/ch32v00x_misc.o
 .debug_frame   0x0000000000000550      0x1c0 build/ch32v00x_rcc.o
 .debug_frame   0x0000000000000710      0x204 build/ch32v00x_usart.o
 .debug_frame   0x0000000000000914       0xf0 build/ssd1306_i2c.o
 .debug_frame   0x0000000000000a04       0x54 e:/program/mounriver/mounriver_studio/toolchain/risc-v embedded gcc/bin/../lib/gcc/riscv-none-embed/8.2.0/../../../../riscv-none-embed/lib/rv32ecxw/ilp32e\libg_nano.a(lib_a-printf.o)
 .debug_frame   0x0000000000000a58       0x48 e:/program/mounriver/mounriver_studio/toolchain/risc-v embedded gcc/bin/../lib/gcc/riscv-none-embed/8.2.0/../../../../riscv-none-embed/lib/rv32ecxw/ilp32e\libg_nano.a(lib_a-puts.o)
 .debug_frame   0x0000000000000aa0       0x48 e:/program/mounriver/mounriver_studio/toolchain/risc-v embedded gcc/bin/../lib/gcc/riscv-none-embed/8.2.0/../../../../riscv-none-embed/lib/rv32ecxw/ilp32e\libg_nano.a(lib_a-wbuf.o)
 .debug_frame   0x0000000000000ae8       0x38 e:/program/mounriver/mounriver_studio/toolchain/risc-v embedded gcc/bin/../lib/gcc/riscv-none-embed/8.2.0/../../../../riscv-none-embed/lib/rv32ecxw/ilp32e\libg_nano.a(lib_a-wsetup.o)
 .debug_frame   0x0000000000000b20       0x74 e:/program/mounriver/mounriver_studio/toolchain/risc-v embedded gcc/bin/../lib/gcc/riscv-none-embed/8.2.0/../../../../riscv-none-embed/lib/rv32ecxw/ilp32e\libg_nano.a(lib_a-fflush.o)
 .debug_frame   0x0000000000000b94      0x13c e:/program/mounriver/mounriver_studio/toolchain/risc-v embedded gcc/bin/../lib/gcc/riscv-none-embed/8.2.0/../../../../riscv-none-embed/lib/rv32ecxw/ilp32e\libg_nano.a(lib_a-findfp.o)
 .debug_frame   0x0000000000000cd0       0x60 e:/program/mounriver/mounriver_studio/toolchain/risc-v embedded gcc/bin/../lib/gcc/riscv-none-embed/8.2.0/../../../../riscv-none-embed/lib/rv32ecxw/ilp32e\libg_nano.a(lib_a-fwalk.o)
 .debug_frame   0x0000000000000d30       0x5c e:/program/mounriver/mounriver_studio/toolchain/risc-v embedded gcc/bin/../lib/gcc/riscv-none-embed/8.2.0/../../../../riscv-none-embed/lib/rv32ecxw/ilp32e\libg_nano.a(lib_a-makebuf.o)
 .debug_frame   0x0000000000000d8c       0x40 e:/program/mounriver/mounriver_studio/toolchain/risc-v embedded gcc/bin/../lib/gcc/riscv-none-embed/8.2.0/../../../../riscv-none-embed/lib/rv32ecxw/ilp32e\libg_nano.a(lib_a-nano-freer.o)
 .debug_frame   0x0000000000000dcc       0x38 e:/program/mounriver/mounriver_studio/toolchain/risc-v embedded gcc/bin/../lib/gcc/riscv-none-embed/8.2.0/../../../../riscv-none-embed/lib/rv32ecxw/ilp32e\libg_nano.a(lib_a-nano-mallocr.o)
 .debug_frame   0x0000000000000e04       0xa4 e:/program/mounriver/mounriver_studio/toolchain/risc-v embedded gcc/bin/../lib/gcc/riscv-none-embed/8.2.0/../../../../riscv-none-embed/lib/rv32ecxw/ilp32e\libg_nano.a(lib_a-nano-vfprintf.o)
 .debug_frame   0x0000000000000ea8       0x60 e:/program/mounriver/mounriver_studio/toolchain/risc-v embedded gcc/bin/../lib/gcc/riscv-none-embed/8.2.0/../../../../riscv-none-embed/lib/rv32ecxw/ilp32e\libg_nano.a(lib_a-nano-vfprintf_i.o)
 .debug_frame   0x0000000000000f08       0x30 e:/program/mounriver/mounriver_studio/toolchain/risc-v embedded gcc/bin/../lib/gcc/riscv-none-embed/8.2.0/../../../../riscv-none-embed/lib/rv32ecxw/ilp32e\libg_nano.a(lib_a-sbrkr.o)
 .debug_frame   0x0000000000000f38       0x9c e:/program/mounriver/mounriver_studio/toolchain/risc-v embedded gcc/bin/../lib/gcc/riscv-none-embed/8.2.0/../../../../riscv-none-embed/lib/rv32ecxw/ilp32e\libg_nano.a(lib_a-stdio.o)
 .debug_frame   0x0000000000000fd4       0x30 e:/program/mounriver/mounriver_studio/toolchain/risc-v embedded gcc/bin/../lib/gcc/riscv-none-embed/8.2.0/../../../../riscv-none-embed/lib/rv32ecxw/ilp32e\libg_nano.a(lib_a-writer.o)
 .debug_frame   0x0000000000001004       0x30 e:/program/mounriver/mounriver_studio/toolchain/risc-v embedded gcc/bin/../lib/gcc/riscv-none-embed/8.2.0/../../../../riscv-none-embed/lib/rv32ecxw/ilp32e\libg_nano.a(lib_a-closer.o)
 .debug_frame   0x0000000000001034       0x30 e:/program/mounriver/mounriver_studio/toolchain/risc-v embedded gcc/bin/../lib/gcc/riscv-none-embed/8.2.0/../../../../riscv-none-embed/lib/rv32ecxw/ilp32e\libg_nano.a(lib_a-fstatr.o)
 .debug_frame   0x0000000000001064       0x30 e:/program/mounriver/mounriver_studio/toolchain/risc-v embedded gcc/bin/../lib/gcc/riscv-none-embed/8.2.0/../../../../riscv-none-embed/lib/rv32ecxw/ilp32e\libg_nano.a(lib_a-isattyr.o)
 .debug_frame   0x0000000000001094       0x30 e:/program/mounriver/mounriver_studio/toolchain/risc-v embedded gcc/bin/../lib/gcc/riscv-none-embed/8.2.0/../../../../riscv-none-embed/lib/rv32ecxw/ilp32e\libg_nano.a(lib_a-lseekr.o)
 .debug_frame   0x00000000000010c4       0x20 e:/program/mounriver/mounriver_studio/toolchain/risc-v embedded gcc/bin/../lib/gcc/riscv-none-embed/8.2.0/../../../../riscv-none-embed/lib/rv32ecxw/ilp32e\libg_nano.a(lib_a-memchr.o)
 .debug_frame   0x00000000000010e4       0x30 e:/program/mounriver/mounriver_studio/toolchain/risc-v embedded gcc/bin/../lib/gcc/riscv-none-embed/8.2.0/../../../../riscv-none-embed/lib/rv32ecxw/ilp32e\libg_nano.a(lib_a-mlock.o)
 .debug_frame   0x0000000000001114       0x30 e:/program/mounriver/mounriver_studio/toolchain/risc-v embedded gcc/bin/../lib/gcc/riscv-none-embed/8.2.0/../../../../riscv-none-embed/lib/rv32ecxw/ilp32e\libg_nano.a(lib_a-readr.o)
 .debug_frame   0x0000000000001144       0x64 e:/program/mounriver/mounriver_studio/toolchain/risc-v embedded gcc/bin/../lib/gcc/riscv-none-embed/8.2.0/../../../../riscv-none-embed/lib/rv32ecxw/ilp32e\libg_nano.a(lib_a-reent.o)
 .debug_frame   0x00000000000011a8       0x20 e:/program/mounriver/mounriver_studio/toolchain/risc-v embedded gcc/bin/../lib/gcc/riscv-none-embed/8.2.0/../../../../riscv-none-embed/lib/rv32ecxw/ilp32e\libnosys.a(close.o)
 .debug_frame   0x00000000000011c8       0x20 e:/program/mounriver/mounriver_studio/toolchain/risc-v embedded gcc/bin/../lib/gcc/riscv-none-embed/8.2.0/../../../../riscv-none-embed/lib/rv32ecxw/ilp32e\libnosys.a(fstat.o)
 .debug_frame   0x00000000000011e8       0x20 e:/program/mounriver/mounriver_studio/toolchain/risc-v embedded gcc/bin/../lib/gcc/riscv-none-embed/8.2.0/../../../../riscv-none-embed/lib/rv32ecxw/ilp32e\libnosys.a(isatty.o)
 .debug_frame   0x0000000000001208       0x20 e:/program/mounriver/mounriver_studio/toolchain/risc-v embedded gcc/bin/../lib/gcc/riscv-none-embed/8.2.0/../../../../riscv-none-embed/lib/rv32ecxw/ilp32e\libnosys.a(lseek.o)
 .debug_frame   0x0000000000001228       0x20 e:/program/mounriver/mounriver_studio/toolchain/risc-v embedded gcc/bin/../lib/gcc/riscv-none-embed/8.2.0/../../../../riscv-none-embed/lib/rv32ecxw/ilp32e\libnosys.a(read.o)

.stab           0x0000000000000000       0x84
 .stab          0x0000000000000000       0x24 e:/program/mounriver/mounriver_studio/toolchain/risc-v embedded gcc/bin/../lib/gcc/riscv-none-embed/8.2.0/../../../../riscv-none-embed/lib/rv32ecxw/ilp32e\libnosys.a(close.o)
 .stab          0x0000000000000024       0x18 e:/program/mounriver/mounriver_studio/toolchain/risc-v embedded gcc/bin/../lib/gcc/riscv-none-embed/8.2.0/../../../../riscv-none-embed/lib/rv32ecxw/ilp32e\libnosys.a(fstat.o)
                                         0x24 (size before relaxing)
 .stab          0x000000000000003c       0x18 e:/program/mounriver/mounriver_studio/toolchain/risc-v embedded gcc/bin/../lib/gcc/riscv-none-embed/8.2.0/../../../../riscv-none-embed/lib/rv32ecxw/ilp32e\libnosys.a(isatty.o)
                                         0x24 (size before relaxing)
 .stab          0x0000000000000054       0x18 e:/program/mounriver/mounriver_studio/toolchain/risc-v embedded gcc/bin/../lib/gcc/riscv-none-embed/8.2.0/../../../../riscv-none-embed/lib/rv32ecxw/ilp32e\libnosys.a(lseek.o)
                                         0x24 (size before relaxing)
 .stab          0x000000000000006c       0x18 e:/program/mounriver/mounriver_studio/toolchain/risc-v embedded gcc/bin/../lib/gcc/riscv-none-embed/8.2.0/../../../../riscv-none-embed/lib/rv32ecxw/ilp32e\libnosys.a(read.o)
                                         0x24 (size before relaxing)

.stabstr        0x0000000000000000      0x117
 .stabstr       0x0000000000000000      0x117 e:/program/mounriver/mounriver_studio/toolchain/risc-v embedded gcc/bin/../lib/gcc/riscv-none-embed/8.2.0/../../../../riscv-none-embed/lib/rv32ecxw/ilp32e\libnosys.a(close.o)
