Archive member included to satisfy reference by file (symbol)

c:/program files/toolchain/xpack-riscv-none-embed-gcc-10.2.0-1.1/bin/../lib/gcc/riscv-none-embed/10.2.0/../../../../riscv-none-embed/lib/rv32imc/ilp32\libg_nano.a(lib_a-errno.o)
                              build/syscalls.o (__errno)
c:/program files/toolchain/xpack-riscv-none-embed-gcc-10.2.0-1.1/bin/../lib/gcc/riscv-none-embed/10.2.0/../../../../riscv-none-embed/lib/rv32imc/ilp32\libg_nano.a(lib_a-exit.o)
                              build/init.o (exit)
c:/program files/toolchain/xpack-riscv-none-embed-gcc-10.2.0-1.1/bin/../lib/gcc/riscv-none-embed/10.2.0/../../../../riscv-none-embed/lib/rv32imc/ilp32\libg_nano.a(lib_a-impure.o)
                              c:/program files/toolchain/xpack-riscv-none-embed-gcc-10.2.0-1.1/bin/../lib/gcc/riscv-none-embed/10.2.0/../../../../riscv-none-embed/lib/rv32imc/ilp32\libg_nano.a(lib_a-exit.o) (_global_impure_ptr)
c:/program files/toolchain/xpack-riscv-none-embed-gcc-10.2.0-1.1/bin/../lib/gcc/riscv-none-embed/10.2.0/../../../../riscv-none-embed/lib/rv32imc/ilp32\libg_nano.a(lib_a-init.o)
                              build/startup_MLDR187.o (__libc_init_array)
c:/program files/toolchain/xpack-riscv-none-embed-gcc-10.2.0-1.1/bin/../lib/gcc/riscv-none-embed/10.2.0/../../../../riscv-none-embed/lib/rv32imc/ilp32\libg_nano.a(lib_a-memset.o)
                              build/syscalls.o (memset)
c:/program files/toolchain/xpack-riscv-none-embed-gcc-10.2.0-1.1/bin/../lib/gcc/riscv-none-embed/10.2.0/../../../../riscv-none-embed/lib/rv32imc/ilp32\libg_nano.a(lib_a-puts.o)
                              build/main.o (puts)
c:/program files/toolchain/xpack-riscv-none-embed-gcc-10.2.0-1.1/bin/../lib/gcc/riscv-none-embed/10.2.0/../../../../riscv-none-embed/lib/rv32imc/ilp32\libg_nano.a(lib_a-wbuf.o)
                              c:/program files/toolchain/xpack-riscv-none-embed-gcc-10.2.0-1.1/bin/../lib/gcc/riscv-none-embed/10.2.0/../../../../riscv-none-embed/lib/rv32imc/ilp32\libg_nano.a(lib_a-puts.o) (__swbuf_r)
c:/program files/toolchain/xpack-riscv-none-embed-gcc-10.2.0-1.1/bin/../lib/gcc/riscv-none-embed/10.2.0/../../../../riscv-none-embed/lib/rv32imc/ilp32\libg_nano.a(lib_a-wsetup.o)
                              c:/program files/toolchain/xpack-riscv-none-embed-gcc-10.2.0-1.1/bin/../lib/gcc/riscv-none-embed/10.2.0/../../../../riscv-none-embed/lib/rv32imc/ilp32\libg_nano.a(lib_a-puts.o) (__swsetup_r)
c:/program files/toolchain/xpack-riscv-none-embed-gcc-10.2.0-1.1/bin/../lib/gcc/riscv-none-embed/10.2.0/../../../../riscv-none-embed/lib/rv32imc/ilp32\libg_nano.a(lib_a-fflush.o)
                              c:/program files/toolchain/xpack-riscv-none-embed-gcc-10.2.0-1.1/bin/../lib/gcc/riscv-none-embed/10.2.0/../../../../riscv-none-embed/lib/rv32imc/ilp32\libg_nano.a(lib_a-wbuf.o) (_fflush_r)
c:/program files/toolchain/xpack-riscv-none-embed-gcc-10.2.0-1.1/bin/../lib/gcc/riscv-none-embed/10.2.0/../../../../riscv-none-embed/lib/rv32imc/ilp32\libg_nano.a(lib_a-findfp.o)
                              c:/program files/toolchain/xpack-riscv-none-embed-gcc-10.2.0-1.1/bin/../lib/gcc/riscv-none-embed/10.2.0/../../../../riscv-none-embed/lib/rv32imc/ilp32\libg_nano.a(lib_a-puts.o) (__sinit)
c:/program files/toolchain/xpack-riscv-none-embed-gcc-10.2.0-1.1/bin/../lib/gcc/riscv-none-embed/10.2.0/../../../../riscv-none-embed/lib/rv32imc/ilp32\libg_nano.a(lib_a-fwalk.o)
                              c:/program files/toolchain/xpack-riscv-none-embed-gcc-10.2.0-1.1/bin/../lib/gcc/riscv-none-embed/10.2.0/../../../../riscv-none-embed/lib/rv32imc/ilp32\libg_nano.a(lib_a-findfp.o) (_fwalk)
c:/program files/toolchain/xpack-riscv-none-embed-gcc-10.2.0-1.1/bin/../lib/gcc/riscv-none-embed/10.2.0/../../../../riscv-none-embed/lib/rv32imc/ilp32\libg_nano.a(lib_a-makebuf.o)
                              c:/program files/toolchain/xpack-riscv-none-embed-gcc-10.2.0-1.1/bin/../lib/gcc/riscv-none-embed/10.2.0/../../../../riscv-none-embed/lib/rv32imc/ilp32\libg_nano.a(lib_a-wsetup.o) (__smakebuf_r)
c:/program files/toolchain/xpack-riscv-none-embed-gcc-10.2.0-1.1/bin/../lib/gcc/riscv-none-embed/10.2.0/../../../../riscv-none-embed/lib/rv32imc/ilp32\libg_nano.a(lib_a-nano-freer.o)
                              c:/program files/toolchain/xpack-riscv-none-embed-gcc-10.2.0-1.1/bin/../lib/gcc/riscv-none-embed/10.2.0/../../../../riscv-none-embed/lib/rv32imc/ilp32\libg_nano.a(lib_a-wsetup.o) (_free_r)
c:/program files/toolchain/xpack-riscv-none-embed-gcc-10.2.0-1.1/bin/../lib/gcc/riscv-none-embed/10.2.0/../../../../riscv-none-embed/lib/rv32imc/ilp32\libg_nano.a(lib_a-nano-mallocr.o)
                              c:/program files/toolchain/xpack-riscv-none-embed-gcc-10.2.0-1.1/bin/../lib/gcc/riscv-none-embed/10.2.0/../../../../riscv-none-embed/lib/rv32imc/ilp32\libg_nano.a(lib_a-findfp.o) (_malloc_r)
[...]
Memory Configuration

Name             Origin             Length             Attributes
FLASH            0x0000000010000000 0x0000000000040000 xr
OTP              0x0000000000020000 0x0000000000004000 xr
TCMA_RAM         0x0000000080000000 0x0000000000010000 xrw
TCMB_RAM         0x0000000080010000 0x0000000000008000 xrw
AHB_RAM          0x0000000020000000 0x0000000000004000 xrw
*default*        0x0000000000000000 0xffffffffffffffff

Linker script and memory map

LOAD build/main.o
LOAD build/init.o
LOAD build/syscalls.o
LOAD build/MLDR187_bkp.o
LOAD build/MLDR187_gpio.o
LOAD build/MLDR187_rst_clk.o
LOAD build/MLDR187_timer.o
LOAD build/MLDR187_uart.o
LOAD build/startup_MLDR187.o
LOAD c:/program files/toolchain/xpack-riscv-none-embed-gcc-10.2.0-1.1/bin/../lib/gcc/riscv-none-embed/10.2.0/rv32imc/ilp32\libgcc.a
LOAD c:/program files/toolchain/xpack-riscv-none-embed-gcc-10.2.0-1.1/bin/../lib/gcc/riscv-none-embed/10.2.0/../../../../riscv-none-embed/lib/rv32imc/ilp32\libg_nano.a
LOAD c:/program files/toolchain/xpack-riscv-none-embed-gcc-10.2.0-1.1/bin/../lib/gcc/riscv-none-embed/10.2.0/../../../../riscv-none-embed/lib/rv32imc/ilp32\libc_nano.a
LOAD c:/program files/toolchain/xpack-riscv-none-embed-gcc-10.2.0-1.1/bin/../lib/gcc/riscv-none-embed/10.2.0/rv32imc/ilp32\libgcc.a
START GROUP
LOAD c:/program files/toolchain/xpack-riscv-none-embed-gcc-10.2.0-1.1/bin/../lib/gcc/riscv-none-embed/10.2.0/rv32imc/ilp32\libgcc.a
LOAD c:/program files/toolchain/xpack-riscv-none-embed-gcc-10.2.0-1.1/bin/../lib/gcc/riscv-none-embed/10.2.0/../../../../riscv-none-embed/lib/rv32imc/ilp32\libc_nano.a
END GROUP
                0x0000000000001000                __stack_size = 0x1000
                0x0000000000001000                __heap_min_size = 0x1000

.text.init      0x0000000010000000      0x146
 *(.text.init)
 .text.init     0x0000000010000000      0x146 build/startup_MLDR187.o
                0x0000000010000000                _start

.text           0x0000000010000146     0x328e
                0x0000000010000148                . = ALIGN (0x4)
 *fill*         0x0000000010000146        0x2 
 *(.text*)
 .text.main     0x0000000010000148       0x80 build/main.o
                0x0000000010000148                main
 .text.SysTick_Handler
                0x00000000100001c8       0x4e build/main.o
                0x00000000100001c8                SysTick_Handler
 .text.PendSV_Handler
                0x0000000010000216       0x42 build/main.o
                0x0000000010000216                PendSV_Handler
 .text.Timer1_IRQHandler
                0x0000000010000258       0x44 build/main.o
                0x0000000010000258                Timer1_IRQHandler
 .text.Timer2_IRQHandler
                0x000000001000029c       0x50 build/main.o
                0x000000001000029c                Timer2_IRQHandler
 .text.Setup_LED_Port
                0x00000000100002ec       0x78 build/main.o
                0x00000000100002ec                Setup_LED_Port
 .text.Setup_Timer1
                0x0000000010000364       0xd2 build/main.o
                0x0000000010000364                Setup_Timer1
 .text.Setup_Timer2
                0x0000000010000436       0xcc build/main.o
                0x0000000010000436                Setup_Timer2
 .text.init_clock
                0x0000000010000502       0x82 build/init.o
                0x0000000010000502                init_clock
 .text.init_uart
                0x0000000010000584       0x78 build/init.o
                0x0000000010000584                init_uart
 .text.terminate
                0x00000000100005fc       0x14 build/syscalls.o
 .text.sys_close
                0x0000000010000610       0x22 build/syscalls.o
                0x0000000010000610                sys_close
 .text.sys_write
                0x0000000010000632       0x40 build/syscalls.o
                0x0000000010000632                sys_write
 .text.sys_fstat
                0x0000000010000672       0x38 build/syscalls.o
                0x0000000010000672                sys_fstat
 .text.sys_exit
                0x00000000100006aa       0x1c build/syscalls.o
                0x00000000100006aa                sys_exit
 .text.sys_brk  0x00000000100006c6       0x60 build/syscalls.o
                0x00000000100006c6                sys_brk
 .text._exit    0x0000000010000726       0x12 build/syscalls.o
                0x0000000010000726                _exit
 .text._sbrk    0x0000000010000738       0x70 build/syscalls.o
                0x0000000010000738                _sbrk
 .text._write   0x00000000100007a8       0x2e build/syscalls.o
                0x00000000100007a8                _write
 .text._close   0x00000000100007d6       0x1e build/syscalls.o
                0x00000000100007d6                _close
 .text._fstat   0x00000000100007f4       0x26 build/syscalls.o
                0x00000000100007f4                _fstat
 .text._read    0x000000001000081a       0x2c build/syscalls.o
                0x000000001000081a                _read
 .text._isatty  0x0000000010000846       0x24 build/syscalls.o
                0x0000000010000846                _isatty
 .text._lseek   0x000000001000086a       0x2c build/syscalls.o
                0x000000001000086a                _lseek
 .text.BKP_FreqGenCmd
                0x0000000010000896      0x1ae build/MLDR187_bkp.o
                0x0000000010000896                BKP_FreqGenCmd
 .text.BKP_GenState
                0x0000000010000a44       0x64 build/MLDR187_bkp.o
                0x0000000010000a44                BKP_GenState
 .text.BKP_GenWaitForOn
                0x0000000010000aa8       0x5c build/MLDR187_bkp.o
 .text.BKP_DisableWP
                0x0000000010000b04       0x2e build/MLDR187_bkp.o
 .text.BKP_EnableWP
                0x0000000010000b32       0x16 build/MLDR187_bkp.o
 .text.PORT_Init
                0x0000000010000b48      0x1be build/MLDR187_gpio.o
                0x0000000010000b48                PORT_Init
 .text.PORT_ReadPin
                0x0000000010000d06       0x34 build/MLDR187_gpio.o
                0x0000000010000d06                PORT_ReadPin
 .text.PORT_SetReset
                0x0000000010000d3a       0x38 build/MLDR187_gpio.o
                0x0000000010000d3a                PORT_SetReset
 .text.RST_CLK_SetupCpuSpeed
                0x0000000010000d72      0x484 build/MLDR187_rst_clk.o
                0x0000000010000d72                RST_CLK_SetupCpuSpeed
 .text.RST_CLK_SetupHsPeripheralClock
                0x00000000100011f6      0x1ca build/MLDR187_rst_clk.o
                0x00000000100011f6                RST_CLK_SetupHsPeripheralClock
 .text.RST_CLK_EnablePeripheralClock
                0x00000000100013c0      0x67c build/MLDR187_rst_clk.o
                0x00000000100013c0                RST_CLK_EnablePeripheralClock
 .text.RST_CLK_DisablePeripheralClock
                0x0000000010001a3c      0x3fc build/MLDR187_rst_clk.o
                0x0000000010001a3c                RST_CLK_DisablePeripheralClock
 .text.rccEncodeDivisor3bit
                0x0000000010001e38       0x84 build/MLDR187_rst_clk.o
 .text.rccEncodeDivisor4bit
                0x0000000010001ebc       0x8c build/MLDR187_rst_clk.o
 .text.rccEncodeDivisorNumeric
                0x0000000010001f48       0x98 build/MLDR187_rst_clk.o
 .text.TIMER_Init
                0x0000000010001fe0      0x13e build/MLDR187_timer.o
                0x0000000010001fe0                TIMER_Init
 .text.TIMER_DeInit
                0x000000001000211e      0x184 build/MLDR187_timer.o
                0x000000001000211e                TIMER_DeInit
 .text.TIMER_Cmd
                0x00000000100022a2       0x5c build/MLDR187_timer.o
                0x00000000100022a2                TIMER_Cmd
 .text.TIMER_ClearFlag
                0x00000000100022fe       0x24 build/MLDR187_timer.o
                0x00000000100022fe                TIMER_ClearFlag
 .text.TIMER_ItConfig
                0x0000000010002322       0x20 build/MLDR187_timer.o
                0x0000000010002322                TIMER_ItConfig
 .text.UART_Init
                0x0000000010002342      0x2de build/MLDR187_uart.o
                0x0000000010002342                UART_Init
 .text.UART_StructInitDefault
                0x0000000010002620       0xa0 build/MLDR187_uart.o
                0x0000000010002620                UART_StructInitDefault
 .text.UART_Cmd
                0x00000000100026c0       0x3e build/MLDR187_uart.o
                0x00000000100026c0                UART_Cmd
 .text.UART_Send
                0x00000000100026fe       0x36 build/MLDR187_uart.o
                0x00000000100026fe                UART_Send
 .text.UART_SendBytes
                0x0000000010002734       0xb6 build/MLDR187_uart.o
                0x0000000010002734                UART_SendBytes
 .text.__errno  0x00000000100027ea        0x6 c:/program files/toolchain/xpack-riscv-none-embed-gcc-10.2.0-1.1/bin/../lib/gcc/riscv-none-embed/10.2.0/../../../../riscv-none-embed/lib/rv32imc/ilp32\libg_nano.a(lib_a-errno.o)
                0x00000000100027ea                __errno
 .text.exit     0x00000000100027f0       0x2c c:/program files/toolchain/xpack-riscv-none-embed-gcc-10.2.0-1.1/bin/../lib/gcc/riscv-none-embed/10.2.0/../../../../riscv-none-embed/lib/rv32imc/ilp32\libg_nano.a(lib_a-exit.o)
                0x00000000100027f0                exit
 .text.__libc_init_array
                0x000000001000281c       0x4e c:/program files/toolchain/xpack-riscv-none-embed-gcc-10.2.0-1.1/bin/../lib/gcc/riscv-none-embed/10.2.0/../../../../riscv-none-embed/lib/rv32imc/ilp32\libg_nano.a(lib_a-init.o)
                0x000000001000281c                __libc_init_array
 .text          0x000000001000286a       0xa8 c:/program files/toolchain/xpack-riscv-none-embed-gcc-10.2.0-1.1/bin/../lib/gcc/riscv-none-embed/10.2.0/../../../../riscv-none-embed/lib/rv32imc/ilp32\libg_nano.a(lib_a-memset.o)
                0x000000001000286a                memset
 .text._puts_r  0x0000000010002912       0xda c:/program files/toolchain/xpack-riscv-none-embed-gcc-10.2.0-1.1/bin/../lib/gcc/riscv-none-embed/10.2.0/../../../../riscv-none-embed/lib/rv32imc/ilp32\libg_nano.a(lib_a-puts.o)
                0x0000000010002912                _puts_r
 .text.puts     0x00000000100029ec        0x8 c:/program files/toolchain/xpack-riscv-none-embed-gcc-10.2.0-1.1/bin/../lib/gcc/riscv-none-embed/10.2.0/../../../../riscv-none-embed/lib/rv32imc/ilp32\libg_nano.a(lib_a-puts.o)
                0x00000000100029ec                puts
 .text.__swbuf_r
                0x00000000100029f4       0xc0 c:/program files/toolchain/xpack-riscv-none-embed-gcc-10.2.0-1.1/bin/../lib/gcc/riscv-none-embed/10.2.0/../../../../riscv-none-embed/lib/rv32imc/ilp32\libg_nano.a(lib_a-wbuf.o)
                0x00000000100029f4                __swbuf_r
 .text.__swsetup_r
                0x0000000010002ab4      0x106 c:/program files/toolchain/xpack-riscv-none-embed-gcc-10.2.0-1.1/bin/../lib/gcc/riscv-none-embed/10.2.0/../../../../riscv-none-embed/lib/rv32imc/ilp32\libg_nano.a(lib_a-wsetup.o)
                0x0000000010002ab4                __swsetup_r
 .text.__sflush_r
                0x0000000010002bba      0x146 c:/program files/toolchain/xpack-riscv-none-embed-gcc-10.2.0-1.1/bin/../lib/gcc/riscv-none-embed/10.2.0/../../../../riscv-none-embed/lib/rv32imc/ilp32\libg_nano.a(lib_a-fflush.o)
                0x0000000010002bba                __sflush_r
 .text._fflush_r
                0x0000000010002d00       0x64 c:/program files/toolchain/xpack-riscv-none-embed-gcc-10.2.0-1.1/bin/../lib/gcc/riscv-none-embed/10.2.0/../../../../riscv-none-embed/lib/rv32imc/ilp32\libg_nano.a(lib_a-fflush.o)
                0x0000000010002d00                _fflush_r
 .text.std      0x0000000010002d64       0x68 c:/program files/toolchain/xpack-riscv-none-embed-gcc-10.2.0-1.1/bin/../lib/gcc/riscv-none-embed/10.2.0/../../../../riscv-none-embed/lib/rv32imc/ilp32\libg_nano.a(lib_a-findfp.o)
 .text._cleanup_r
                0x0000000010002dcc        0xa c:/program files/toolchain/xpack-riscv-none-embed-gcc-10.2.0-1.1/bin/../lib/gcc/riscv-none-embed/10.2.0/../../../../riscv-none-embed/lib/rv32imc/ilp32\libg_nano.a(lib_a-findfp.o)
                0x0000000010002dcc                _cleanup_r
 .text.__sfmoreglue
                0x0000000010002dd6       0x44 c:/program files/toolchain/xpack-riscv-none-embed-gcc-10.2.0-1.1/bin/../lib/gcc/riscv-none-embed/10.2.0/../../../../riscv-none-embed/lib/rv32imc/ilp32\libg_nano.a(lib_a-findfp.o)
                0x0000000010002dd6                __sfmoreglue
 .text.__sinit  0x0000000010002e1a       0x6a c:/program files/toolchain/xpack-riscv-none-embed-gcc-10.2.0-1.1/bin/../lib/gcc/riscv-none-embed/10.2.0/../../../../riscv-none-embed/lib/rv32imc/ilp32\libg_nano.a(lib_a-findfp.o)
                0x0000000010002e1a                __sinit
 .text.__sfp    0x0000000010002e84       0x9e c:/program files/toolchain/xpack-riscv-none-embed-gcc-10.2.0-1.1/bin/../lib/gcc/riscv-none-embed/10.2.0/../../../../riscv-none-embed/lib/rv32imc/ilp32\libg_nano.a(lib_a-findfp.o)
                0x0000000010002e84                __sfp
 .text._fwalk_reent
                0x0000000010002f22       0x6a c:/program files/toolchain/xpack-riscv-none-embed-gcc-10.2.0-1.1/bin/../lib/gcc/riscv-none-embed/10.2.0/../../../../riscv-none-embed/lib/rv32imc/ilp32\libg_nano.a(lib_a-fwalk.o)
                0x0000000010002f22                _fwalk_reent
 .text.__swhatbuf_r
                0x0000000010002f8c       0x5a c:/program files/toolchain/xpack-riscv-none-embed-gcc-10.2.0-1.1/bin/../lib/gcc/riscv-none-embed/10.2.0/../../../../riscv-none-embed/lib/rv32imc/ilp32\libg_nano.a(lib_a-makebuf.o)
                0x0000000010002f8c                __swhatbuf_r
 .text.__smakebuf_r
                0x0000000010002fe6       0x9c c:/program files/toolchain/xpack-riscv-none-embed-gcc-10.2.0-1.1/bin/../lib/gcc/riscv-none-embed/10.2.0/../../../../riscv-none-embed/lib/rv32imc/ilp32\libg_nano.a(lib_a-makebuf.o)
                0x0000000010002fe6                __smakebuf_r
 .text._free_r  0x0000000010003082       0x9e c:/program files/toolchain/xpack-riscv-none-embed-gcc-10.2.0-1.1/bin/../lib/gcc/riscv-none-embed/10.2.0/../../../../riscv-none-embed/lib/rv32imc/ilp32\libg_nano.a(lib_a-nano-freer.o)
                0x0000000010003082                _free_r
 .text._malloc_r
                0x0000000010003120       0xd0 c:/program files/toolchain/xpack-riscv-none-embed-gcc-10.2.0-1.1/bin/../lib/gcc/riscv-none-embed/10.2.0/../../../../riscv-none-embed/lib/rv32imc/ilp32\libg_nano.a(lib_a-nano-mallocr.o)
                0x0000000010003120                _malloc_r
 .text._sbrk_r  0x00000000100031f0       0x28 c:/program files/toolchain/xpack-riscv-none-embed-gcc-10.2.0-1.1/bin/../lib/gcc/riscv-none-embed/10.2.0/../../../../riscv-none-embed/lib/rv32imc/ilp32\libg_nano.a(lib_a-sbrkr.o)
                0x00000000100031f0                _sbrk_r
 .text.__sread  0x0000000010003218       0x30 c:/program files/toolchain/xpack-riscv-none-embed-gcc-10.2.0-1.1/bin/../lib/gcc/riscv-none-embed/10.2.0/../../../../riscv-none-embed/lib/rv32imc/ilp32\libg_nano.a(lib_a-stdio.o)
                0x0000000010003218                __sread
 .text.__swrite
                0x0000000010003248       0x4e c:/program files/toolchain/xpack-riscv-none-embed-gcc-10.2.0-1.1/bin/../lib/gcc/riscv-none-embed/10.2.0/../../../../riscv-none-embed/lib/rv32imc/ilp32\libg_nano.a(lib_a-stdio.o)
                0x0000000010003248                __swrite
 .text.__sseek  0x0000000010003296       0x36 c:/program files/toolchain/xpack-riscv-none-embed-gcc-10.2.0-1.1/bin/../lib/gcc/riscv-none-embed/10.2.0/../../../../riscv-none-embed/lib/rv32imc/ilp32\libg_nano.a(lib_a-stdio.o)
                0x0000000010003296                __sseek
 .text.__sclose
                0x00000000100032cc        0x6 c:/program files/toolchain/xpack-riscv-none-embed-gcc-10.2.0-1.1/bin/../lib/gcc/riscv-none-embed/10.2.0/../../../../riscv-none-embed/lib/rv32imc/ilp32\libg_nano.a(lib_a-stdio.o)
                0x00000000100032cc                __sclose
 .text._write_r
                0x00000000100032d2       0x2c c:/program files/toolchain/xpack-riscv-none-embed-gcc-10.2.0-1.1/bin/../lib/gcc/riscv-none-embed/10.2.0/../../../../riscv-none-embed/lib/rv32imc/ilp32\libg_nano.a(lib_a-writer.o)
                0x00000000100032d2                _write_r
 .text._close_r
                0x00000000100032fe       0x28 c:/program files/toolchain/xpack-riscv-none-embed-gcc-10.2.0-1.1/bin/../lib/gcc/riscv-none-embed/10.2.0/../../../../riscv-none-embed/lib/rv32imc/ilp32\libg_nano.a(lib_a-closer.o)
                0x00000000100032fe                _close_r
 .text._fstat_r
                0x0000000010003326       0x2a c:/program files/toolchain/xpack-riscv-none-embed-gcc-10.2.0-1.1/bin/../lib/gcc/riscv-none-embed/10.2.0/../../../../riscv-none-embed/lib/rv32imc/ilp32\libg_nano.a(lib_a-fstatr.o)
                0x0000000010003326                _fstat_r
 .text._isatty_r
                0x0000000010003350       0x28 c:/program files/toolchain/xpack-riscv-none-embed-gcc-10.2.0-1.1/bin/../lib/gcc/riscv-none-embed/10.2.0/../../../../riscv-none-embed/lib/rv32imc/ilp32\libg_nano.a(lib_a-isattyr.o)
                0x0000000010003350                _isatty_r
 .text._lseek_r
                0x0000000010003378       0x2c c:/program files/toolchain/xpack-riscv-none-embed-gcc-10.2.0-1.1/bin/../lib/gcc/riscv-none-embed/10.2.0/../../../../riscv-none-embed/lib/rv32imc/ilp32\libg_nano.a(lib_a-lseekr.o)
                0x0000000010003378                _lseek_r
 .text.__malloc_lock
                0x00000000100033a4        0x2 c:/program files/toolchain/xpack-riscv-none-embed-gcc-10.2.0-1.1/bin/../lib/gcc/riscv-none-embed/10.2.0/../../../../riscv-none-embed/lib/rv32imc/ilp32\libg_nano.a(lib_a-mlock.o)
                0x00000000100033a4                __malloc_lock
 .text.__malloc_unlock
                0x00000000100033a6        0x2 c:/program files/toolchain/xpack-riscv-none-embed-gcc-10.2.0-1.1/bin/../lib/gcc/riscv-none-embed/10.2.0/../../../../riscv-none-embed/lib/rv32imc/ilp32\libg_nano.a(lib_a-mlock.o)
                0x00000000100033a6                __malloc_unlock
 .text._read_r  0x00000000100033a8       0x2c c:/program files/toolchain/xpack-riscv-none-embed-gcc-10.2.0-1.1/bin/../lib/gcc/riscv-none-embed/10.2.0/../../../../riscv-none-embed/lib/rv32imc/ilp32\libg_nano.a(lib_a-readr.o)
                0x00000000100033a8                _read_r

.rodata         0x00000000100033d4       0xdc
                0x00000000100033d4                . = ALIGN (0x4)
 *(.rodata*)
 .rodata        0x00000000100033d4       0x10 build/main.o
 .rodata.rccEncodeDivisor3bit
                0x00000000100033e4       0x20 build/MLDR187_rst_clk.o
 .rodata.rccEncodeDivisor4bit
                0x0000000010003404       0x24 build/MLDR187_rst_clk.o
 .rodata.rccEncodeDivisorNumeric
                0x0000000010003428       0x24 build/MLDR187_rst_clk.o
 .rodata.__sf_fake_stderr
                0x000000001000344c       0x20 c:/program files/toolchain/xpack-riscv-none-embed-gcc-10.2.0-1.1/bin/../lib/gcc/riscv-none-embed/10.2.0/../../../../riscv-none-embed/lib/rv32imc/ilp32\libg_nano.a(lib_a-findfp.o)
                0x000000001000344c                __sf_fake_stderr
 .rodata.__sf_fake_stdin
                0x000000001000346c       0x20 c:/program files/toolchain/xpack-riscv-none-embed-gcc-10.2.0-1.1/bin/../lib/gcc/riscv-none-embed/10.2.0/../../../../riscv-none-embed/lib/rv32imc/ilp32\libg_nano.a(lib_a-findfp.o)
                0x000000001000346c                __sf_fake_stdin
 .rodata.__sf_fake_stdout
                0x000000001000348c       0x20 c:/program files/toolchain/xpack-riscv-none-embed-gcc-10.2.0-1.1/bin/../lib/gcc/riscv-none-embed/10.2.0/../../../../riscv-none-embed/lib/rv32imc/ilp32\libg_nano.a(lib_a-findfp.o)
                0x000000001000348c                __sf_fake_stdout
 *(.srodata*)
 .srodata._global_impure_ptr
                0x00000000100034ac        0x4 c:/program files/toolchain/xpack-riscv-none-embed-gcc-10.2.0-1.1/bin/../lib/gcc/riscv-none-embed/10.2.0/../../../../riscv-none-embed/lib/rv32imc/ilp32\libg_nano.a(lib_a-impure.o)
                0x00000000100034ac                _global_impure_ptr

.dalign         0x00000000100034b0        0x0
                0x00000000100034b0                . = ALIGN (0x4)
                0x00000000100034b0                __data_load_start = LOADADDR (.data)

.data           0x0000000080000000      0x17c load address 0x00000000100034b0
                0x0000000080000000                . = ALIGN (0x4)
                0x0000000080000000                __data_start = .
 *(.data*)
 .data          0x0000000080000000      0x110 build/startup_MLDR187.o
                0x0000000080000100                brk_base
                0x0000000080000108                brk_size
 .data.impure_data
                0x0000000080000110       0x60 c:/program files/toolchain/xpack-riscv-none-embed-gcc-10.2.0-1.1/bin/../lib/gcc/riscv-none-embed/10.2.0/../../../../riscv-none-embed/lib/rv32imc/ilp32\libg_nano.a(lib_a-impure.o)
                0x0000000080000170                . = ALIGN (0x8)
                0x0000000080000170                __sdata_start = .
 *(.sdata*)
 .sdata.RST_CLK_CpuSpeed
                0x0000000080000170        0x4 build/MLDR187_rst_clk.o
                0x0000000080000170                RST_CLK_CpuSpeed
 .sdata.RST_CLK_HclkSpeed
                0x0000000080000174        0x4 build/MLDR187_rst_clk.o
                0x0000000080000174                RST_CLK_HclkSpeed
 .sdata._impure_ptr
                0x0000000080000178        0x4 c:/program files/toolchain/xpack-riscv-none-embed-gcc-10.2.0-1.1/bin/../lib/gcc/riscv-none-embed/10.2.0/../../../../riscv-none-embed/lib/rv32imc/ilp32\libg_nano.a(lib_a-impure.o)
                0x0000000080000178                _impure_ptr
                0x000000008000017c                . = ALIGN (0x4)
                0x000000008000017c                __data_end = .

.bss            0x000000008000017c       0x8c
                0x0000000080000180                . = ALIGN (0x8)
 *fill*         0x000000008000017c        0x4 
                0x0000000080000180                __bss_start = .
 *(.sbss*)
 .sbss.SW_DelayCnt
                0x0000000080000180        0x4 build/main.o
                0x0000000080000180                SW_DelayCnt
 .sbss.tim_int_delay
                0x0000000080000184        0x4 build/main.o
                0x0000000080000184                tim_int_delay
 .sbss.curbrk   0x0000000080000188        0x4 build/syscalls.o
 .sbss.RST_CLK_PER1C2_Speed
                0x000000008000018c        0x4 build/MLDR187_rst_clk.o
                0x000000008000018c                RST_CLK_PER1C2_Speed
 .sbss.rccHseSpeed
                0x0000000080000190        0x4 build/MLDR187_rst_clk.o
 .sbss.rccCpuC1Speed
                0x0000000080000194        0x4 build/MLDR187_rst_clk.o
 .sbss.rccPllSpeed
                0x0000000080000198        0x4 build/MLDR187_rst_clk.o
 .sbss.rccCpuC3Speed
                0x000000008000019c        0x4 build/MLDR187_rst_clk.o
 .sbss.rccPer1C1Speed
                0x00000000800001a0        0x4 build/MLDR187_rst_clk.o
 .sbss.rccAdcUIC1Speed
                0x00000000800001a4        0x4 build/MLDR187_rst_clk.o
 .sbss.rccAdcC1Speed
                0x00000000800001a8        0x4 build/MLDR187_rst_clk.o
 .sbss.rccWwdgSpeed
                0x00000000800001ac        0x4 build/MLDR187_rst_clk.o
 .sbss.__malloc_free_list
                0x00000000800001b0        0x4 c:/program files/toolchain/xpack-riscv-none-embed-gcc-10.2.0-1.1/bin/../lib/gcc/riscv-none-embed/10.2.0/../../../../riscv-none-embed/lib/rv32imc/ilp32\libg_nano.a(lib_a-nano-mallocr.o)
                0x00000000800001b0                __malloc_free_list
 .sbss.__malloc_sbrk_start
                0x00000000800001b4        0x4 c:/program files/toolchain/xpack-riscv-none-embed-gcc-10.2.0-1.1/bin/../lib/gcc/riscv-none-embed/10.2.0/../../../../riscv-none-embed/lib/rv32imc/ilp32\libg_nano.a(lib_a-nano-mallocr.o)
                0x00000000800001b4                __malloc_sbrk_start
 .sbss.errno    0x00000000800001b8        0x4 c:/program files/toolchain/xpack-riscv-none-embed-gcc-10.2.0-1.1/bin/../lib/gcc/riscv-none-embed/10.2.0/../../../../riscv-none-embed/lib/rv32imc/ilp32\libg_nano.a(lib_a-reent.o)
                0x00000000800001b8                errno
 *(.scommon)
 *(.bss*)
 .bss.PORT_InitStructure
                0x00000000800001bc       0x14 build/main.o
                0x00000000800001bc                PORT_InitStructure
 .bss.sTIM_CntInit
                0x00000000800001d0       0x34 build/main.o
                0x00000000800001d0                sTIM_CntInit
 *(COMMON)
                0x0000000080000208                . = ALIGN (0x8)
 *fill*         0x0000000080000204        0x4 
                0x0000000080000208                __bss_end = .
                0x0000000080000800                __global_pointer$ = MIN ((__sdata_start + 0x800), MAX ((__data_start + 0x800), (__bss_end - 0x800)))
                0x0000000080000208                . = ALIGN (0x8)
                0x0000000080000208                __end = .

.aalign         0x000000001000362c        0x0
                0x000000001000362c                . = ALIGN (0x4)
                0x000000001000362c                __ahbram_data_load_start = LOADADDR (.ahbram_data)

.ahbram_data    0x0000000020000000        0x0 load address 0x000000001000362c
                0x0000000020000000                . = ALIGN (0x4)
                0x0000000020000000                __ahbram_data_start = .
 *(.ahbram_data)
                0x0000000020000000                . = ALIGN (0x4)
                0x0000000020000000                __ahbram_data_end = .

.ahbram_bss     0x0000000020000000        0x0
                0x0000000020000000                . = ALIGN (0x4)
                0x0000000020000000                __ahbram_bss_start = .
 *(.ahbram_bss)
                0x0000000020000000                . = ALIGN (0x4)
                0x0000000020000000                __ahbram_bss_end = .

.ralign         0x000000001000362c        0x0
                0x000000001000362c                . = ALIGN (0x4)
                0x000000001000362c                __ramfunc_load_start = LOADADDR (.ramfunc)

.ramfunc        0x0000000080010000      0x166 load address 0x000000001000362c
                0x0000000080010000                . = ALIGN (0x4)
                0x0000000080010000                __ramfunc_start = .
 *(.ramfunc*)
 .ramfunc       0x0000000080010000      0x166 build/startup_MLDR187.o
                0x0000000080010000                trap_vector
                0x00000000800100d6                trap_iam
                0x00000000800100d8                trap_iaf
                0x00000000800100da                trap_ii
                0x00000000800100dc                trap_lam
                0x00000000800100de                trap_laf
                0x00000000800100e0                trap_sam
                0x00000000800100e2                trap_saf
                0x00000000800100e4                trap_ecallm
                0x00000000800100ea                enable_PendSV_Handler
                0x00000000800100f2                disable_PendSV_Handler
                0x00000000800100fc                enable_SysTick_Handler
                0x0000000080010106                disable_SysTick_Handler
                0x0000000080010110                irq_extm
                0x0000000080010112                enable_irq_extm
                0x000000008001011e                disable_irq_extm
                0x000000008001012a                DMA_IRQHandler
                0x000000008001012c                UART1_IRQHandler
                0x000000008001012e                UART2_IRQHandler
                0x0000000080010130                SSP1_IRQHandler
                0x0000000080010132                POWER_IRQHandler
                0x0000000080010134                WWDG_IRQHandler
                0x000000008001013a                ADC_IRQHandler
                0x000000008001013c                I2C_IRQHandler
                0x000000008001013e                BACKUP_IRQHandler
                0x0000000080010140                EXT_1_IRQHandler
                0x0000000080010142                EXT_2_IRQHandler
                0x0000000080010144                EXT_3_IRQHandler
                0x0000000080010146                ADCIU_1_IRQHandler
                0x0000000080010148                ADCIU_2_IRQHandler
                0x000000008001014a                ADCIU_3_IRQHandler
                0x000000008001014c                L_BLOCK_IRQHandler
                0x000000008001014e                Default_IRQHandler
                0x0000000080010150                SENSORS_IRQHandler
                0x0000000080010152                CLK_MEASURE_IRQHandler
                0x0000000080010154                RANDOM_IRQHandler
                0x0000000080010156                ISO7816_IRQHandler
                0x0000000080010158                UART3_IRQHandler
                0x000000008001015a                SSP2_IRQHandler
                0x000000008001015c                SSP3_IRQHandler
                0x000000008001015e                Timer3_IRQHandler
                0x0000000080010160                Timer4_IRQHandler
                0x0000000080010162                UART4_IRQHandler
                0x0000000080010164                OTP_Corrupt_IRQHandler

.rela.dyn       0x0000000080010168        0x0 load address 0x0000000010003792
 .rela.data     0x0000000080010168        0x0 build/main.o
 .rela.text.init
                0x0000000080010168        0x0 build/main.o
 .rela.text.exit
                0x0000000080010168        0x0 build/main.o
 .rela.text.__libc_init_array
                0x0000000080010168        0x0 build/main.o
                0x0000000080010168                . = ALIGN (0x4)
                0x0000000080010168                __ramfunc_end = .
                0x0000000080010000                __stack_top = (ORIGIN (REGION_DATA) + LENGTH (REGION_DATA))
                0x000000008000f000                __stack_limit = (__stack_top - __stack_size)
                0x0000000080000208                __heap_top = __end
                0x000000000000edf8                __heap_size = (__stack_limit - __heap_top)
                0x000000008000f000                __heap_limit = (__heap_top + __heap_size)
                0x0000000000000001                ASSERT ((__heap_size >= __heap_min_size), Unable to allocate __heap_min_size for heap!)

.heap           0x0000000080000208     0xedf8
                0x000000008000f000                . = (. + __heap_size)
 *fill*         0x0000000080000208     0xedf8 
                0x000000008000f000                __heap_end = .

.stack          0x000000008000f000     0x1000
                0x0000000080010000                . = (. + __stack_size)
 *fill*         0x000000008000f000     0x1000 
                0x0000000080010000                __sp = .
OUTPUT(build/firmware.elf elf32-littleriscv)

.debug_info     0x0000000000000000     0x5f95
 .debug_info    0x0000000000000000      0xa5a build/main.o
 .debug_info    0x0000000000000a5a      0x822 build/init.o
 .debug_info    0x000000000000127c      0x7ee build/syscalls.o
 .debug_info    0x0000000000001a6a      0xf53 build/MLDR187_bkp.o
 .debug_info    0x00000000000029bd      0x670 build/MLDR187_gpio.o
 .debug_info    0x000000000000302d      0xa56 build/MLDR187_rst_clk.o
 .debug_info    0x0000000000003a83     0x1254 build/MLDR187_timer.o
 .debug_info    0x0000000000004cd7     0x129c build/MLDR187_uart.o
 .debug_info    0x0000000000005f73       0x22 build/startup_MLDR187.o

.debug_abbrev   0x0000000000000000      0xe68
 .debug_abbrev  0x0000000000000000      0x121 build/main.o
 .debug_abbrev  0x0000000000000121      0x12e build/init.o
 .debug_abbrev  0x000000000000024f      0x1b9 build/syscalls.o
 .debug_abbrev  0x0000000000000408      0x283 build/MLDR187_bkp.o
 .debug_abbrev  0x000000000000068b      0x204 build/MLDR187_gpio.o
 .debug_abbrev  0x000000000000088f      0x215 build/MLDR187_rst_clk.o
 .debug_abbrev  0x0000000000000aa4      0x1e2 build/MLDR187_timer.o
 .debug_abbrev  0x0000000000000c86      0x1d0 build/MLDR187_uart.o
 .debug_abbrev  0x0000000000000e56       0x12 build/startup_MLDR187.o

.debug_aranges  0x0000000000000000      0x510
 .debug_aranges
                0x0000000000000000       0x58 build/main.o
 .debug_aranges
                0x0000000000000058       0x28 build/init.o
 .debug_aranges
                0x0000000000000080       0xa0 build/syscalls.o
 .debug_aranges
                0x0000000000000120      0x130 build/MLDR187_bkp.o
 .debug_aranges
                0x0000000000000250       0x60 build/MLDR187_gpio.o
 .debug_aranges
                0x00000000000002b0       0x68 build/MLDR187_rst_clk.o
 .debug_aranges
                0x0000000000000318       0xe8 build/MLDR187_timer.o
 .debug_aranges
                0x0000000000000400       0xe8 build/MLDR187_uart.o
 .debug_aranges
                0x00000000000004e8       0x28 build/startup_MLDR187.o

.debug_ranges   0x0000000000000000      0x4a0
 .debug_ranges  0x0000000000000000       0x48 build/main.o
 .debug_ranges  0x0000000000000048       0x18 build/init.o
 .debug_ranges  0x0000000000000060       0x90 build/syscalls.o
 .debug_ranges  0x00000000000000f0      0x120 build/MLDR187_bkp.o
 .debug_ranges  0x0000000000000210       0x50 build/MLDR187_gpio.o
 .debug_ranges  0x0000000000000260       0x70 build/MLDR187_rst_clk.o
 .debug_ranges  0x00000000000002d0       0xd8 build/MLDR187_timer.o
 .debug_ranges  0x00000000000003a8       0xd8 build/MLDR187_uart.o
 .debug_ranges  0x0000000000000480       0x20 build/startup_MLDR187.o

.debug_macro    0x0000000000000000     0x7a27
 .debug_macro   0x0000000000000000      0x234 build/main.o
 .debug_macro   0x0000000000000234      0x76c build/main.o
 .debug_macro   0x00000000000009a0       0x22 build/main.o
 .debug_macro   0x00000000000009c2       0x52 build/main.o
 .debug_macro   0x0000000000000a14       0x19 build/main.o
 .debug_macro   0x0000000000000a2d       0x94 build/main.o
 .debug_macro   0x0000000000000ac1       0x34 build/main.o
 .debug_macro   0x0000000000000af5       0x34 build/main.o
 .debug_macro   0x0000000000000b29       0x16 build/main.o
 .debug_macro   0x0000000000000b3f       0x57 build/main.o
 .debug_macro   0x0000000000000b96       0x97 build/main.o
 .debug_macro   0x0000000000000c2d      0x341 build/main.o
 .debug_macro   0x0000000000000f6e       0xfd build/main.o
 .debug_macro   0x000000000000106b       0x10 build/main.o
 .debug_macro   0x000000000000107b       0x16 build/main.o
 .debug_macro   0x0000000000001091       0x43 build/main.o
 .debug_macro   0x00000000000010d4       0x34 build/main.o
 .debug_macro   0x0000000000001108       0x10 build/main.o
 .debug_macro   0x0000000000001118       0x52 build/main.o
 .debug_macro   0x000000000000116a      0x182 build/main.o
 .debug_macro   0x00000000000012ec       0x10 build/main.o
 .debug_macro   0x00000000000012fc       0x6a build/main.o
 .debug_macro   0x0000000000001366       0x1c build/main.o
 .debug_macro   0x0000000000001382       0x52 build/main.o
 .debug_macro   0x00000000000013d4       0x22 build/main.o
 .debug_macro   0x00000000000013f6       0x10 build/main.o
 .debug_macro   0x0000000000001406       0x52 build/main.o
 .debug_macro   0x0000000000001458       0xd5 build/main.o
 .debug_macro   0x000000000000152d       0x1c build/main.o
 .debug_macro   0x0000000000001549       0x3d build/main.o
 .debug_macro   0x0000000000001586       0x16 build/main.o
 .debug_macro   0x000000000000159c      0x16f build/main.o
 .debug_macro   0x000000000000170b      0x103 build/main.o
 .debug_macro   0x000000000000180e      0x1df build/main.o
 .debug_macro   0x00000000000019ed     0x4c43 build/main.o
 .debug_macro   0x0000000000006630       0x28 build/main.o
 .debug_macro   0x0000000000006658       0x8e build/main.o
 .debug_macro   0x00000000000066e6       0x26 build/main.o
 .debug_macro   0x000000000000670c      0x168 build/init.o
 .debug_macro   0x0000000000006874       0x16 build/init.o
 .debug_macro   0x000000000000688a      0x10e build/init.o
 .debug_macro   0x0000000000006998       0x8d build/init.o
 .debug_macro   0x0000000000006a25       0x16 build/init.o
 .debug_macro   0x0000000000006a3b       0x29 build/init.o
 .debug_macro   0x0000000000006a64      0x268 build/syscalls.o
 .debug_macro   0x0000000000006ccc       0x8e build/syscalls.o
 .debug_macro   0x0000000000006d5a       0x51 build/syscalls.o
 .debug_macro   0x0000000000006dab       0x88 build/syscalls.o
 .debug_macro   0x0000000000006e33       0x2e build/syscalls.o
 .debug_macro   0x0000000000006e61       0x58 build/syscalls.o
 .debug_macro   0x0000000000006eb9      0x174 build/syscalls.o
 .debug_macro   0x000000000000702d       0x10 build/syscalls.o
 .debug_macro   0x000000000000703d       0x35 build/syscalls.o
 .debug_macro   0x0000000000007072       0x10 build/syscalls.o
 .debug_macro   0x0000000000007082      0x241 build/syscalls.o
 .debug_macro   0x00000000000072c3       0x16 build/syscalls.o
 .debug_macro   0x00000000000072d9       0x10 build/syscalls.o
 .debug_macro   0x00000000000072e9       0x10 build/syscalls.o
 .debug_macro   0x00000000000072f9       0x35 build/syscalls.o
 .debug_macro   0x000000000000732e      0x12c build/syscalls.o
 .debug_macro   0x000000000000745a      0x13a build/MLDR187_bkp.o
 .debug_macro   0x0000000000007594       0xc8 build/MLDR187_gpio.o
 .debug_macro   0x000000000000765c       0xf6 build/MLDR187_rst_clk.o
 .debug_macro   0x0000000000007752       0x20 build/MLDR187_rst_clk.o
 .debug_macro   0x0000000000007772      0x11b build/MLDR187_timer.o
 .debug_macro   0x000000000000788d       0xfc build/MLDR187_uart.o
 .debug_macro   0x0000000000007989       0x10 build/MLDR187_uart.o
 .debug_macro   0x0000000000007999       0x8e build/MLDR187_uart.o

.debug_line     0x0000000000000000     0x6aeb
 .debug_line    0x0000000000000000      0x747 build/main.o
 .debug_line    0x0000000000000747      0x416 build/init.o
 .debug_line    0x0000000000000b5d      0x7a0 build/syscalls.o
 .debug_line    0x00000000000012fd     0x1732 build/MLDR187_bkp.o
 .debug_line    0x0000000000002a2f      0x5e6 build/MLDR187_gpio.o
 .debug_line    0x0000000000003015     0x15c2 build/MLDR187_rst_clk.o
 .debug_line    0x00000000000045d7      0xf08 build/MLDR187_timer.o
 .debug_line    0x00000000000054df     0x108c build/MLDR187_uart.o
 .debug_line    0x000000000000656b      0x580 build/startup_MLDR187.o

.debug_str      0x0000000000000000    0x2c044
 .debug_str     0x0000000000000000    0x25fd3 build/main.o
                                      0x26208 (size before relaxing)
 .debug_str     0x0000000000025fd3      0x60c build/init.o
                                      0x24976 (size before relaxing)
 .debug_str     0x00000000000265df      0xbd3 build/syscalls.o
                                      0x25cb0 (size before relaxing)
 .debug_str     0x00000000000271b2     0x110a build/MLDR187_bkp.o
                                      0x22b03 (size before relaxing)
 .debug_str     0x00000000000282bc      0x65a build/MLDR187_gpio.o
                                      0x221d4 (size before relaxing)
 .debug_str     0x0000000000028916     0x1003 build/MLDR187_rst_clk.o
                                      0x22d44 (size before relaxing)
 .debug_str     0x0000000000029919     0x15a1 build/MLDR187_timer.o
                                      0x234cc (size before relaxing)
 .debug_str     0x000000000002aeba     0x115c build/MLDR187_uart.o
                                      0x23392 (size before relaxing)
 .debug_str     0x000000000002c016       0x2e build/startup_MLDR187.o
                                         0x5b (size before relaxing)

.comment        0x0000000000000000       0x33
 .comment       0x0000000000000000       0x33 build/main.o
                                         0x34 (size before relaxing)
 .comment       0x0000000000000033       0x34 build/init.o
 .comment       0x0000000000000033       0x34 build/syscalls.o
 .comment       0x0000000000000033       0x34 build/MLDR187_bkp.o
 .comment       0x0000000000000033       0x34 build/MLDR187_gpio.o
 .comment       0x0000000000000033       0x34 build/MLDR187_rst_clk.o
 .comment       0x0000000000000033       0x34 build/MLDR187_timer.o
 .comment       0x0000000000000033       0x34 build/MLDR187_uart.o

.debug_frame    0x0000000000000000     0x1b48
 .debug_frame   0x0000000000000000      0x144 build/main.o
 .debug_frame   0x0000000000000144       0x60 build/init.o
 .debug_frame   0x00000000000001a4      0x29c build/syscalls.o
 .debug_frame   0x0000000000000440      0x540 build/MLDR187_bkp.o
 .debug_frame   0x0000000000000980      0x15c build/MLDR187_gpio.o
 .debug_frame   0x0000000000000adc      0x18c build/MLDR187_rst_clk.o
 .debug_frame   0x0000000000000c68      0x3e0 build/MLDR187_timer.o
 .debug_frame   0x0000000000001048      0x3d8 build/MLDR187_uart.o
 .debug_frame   0x0000000000001420       0x20 c:/program files/toolchain/xpack-riscv-none-embed-gcc-10.2.0-1.1/bin/../lib/gcc/riscv-none-embed/10.2.0/../../../../riscv-none-embed/lib/rv32imc/ilp32\libg_nano.a(lib_a-errno.o)
 .debug_frame   0x0000000000001440       0x28 c:/program files/toolchain/xpack-riscv-none-embed-gcc-10.2.0-1.1/bin/../lib/gcc/riscv-none-embed/10.2.0/../../../../riscv-none-embed/lib/rv32imc/ilp32\libg_nano.a(lib_a-exit.o)
 .debug_frame   0x0000000000001468       0x3c c:/program files/toolchain/xpack-riscv-none-embed-gcc-10.2.0-1.1/bin/../lib/gcc/riscv-none-embed/10.2.0/../../../../riscv-none-embed/lib/rv32imc/ilp32\libg_nano.a(lib_a-init.o)
 .debug_frame   0x00000000000014a4       0x54 c:/program files/toolchain/xpack-riscv-none-embed-gcc-10.2.0-1.1/bin/../lib/gcc/riscv-none-embed/10.2.0/../../../../riscv-none-embed/lib/rv32imc/ilp32\libg_nano.a(lib_a-puts.o)
 .debug_frame   0x00000000000014f8       0x50 c:/program files/toolchain/xpack-riscv-none-embed-gcc-10.2.0-1.1/bin/../lib/gcc/riscv-none-embed/10.2.0/../../../../riscv-none-embed/lib/rv32imc/ilp32\libg_nano.a(lib_a-wbuf.o)
 .debug_frame   0x0000000000001548       0x3c c:/program files/toolchain/xpack-riscv-none-embed-gcc-10.2.0-1.1/bin/../lib/gcc/riscv-none-embed/10.2.0/../../../../riscv-none-embed/lib/rv32imc/ilp32\libg_nano.a(lib_a-wsetup.o)
 .debug_frame   0x0000000000001584       0x7c c:/program files/toolchain/xpack-riscv-none-embed-gcc-10.2.0-1.1/bin/../lib/gcc/riscv-none-embed/10.2.0/../../../../riscv-none-embed/lib/rv32imc/ilp32\libg_nano.a(lib_a-fflush.o)
 .debug_frame   0x0000000000001600      0x148 c:/program files/toolchain/xpack-riscv-none-embed-gcc-10.2.0-1.1/bin/../lib/gcc/riscv-none-embed/10.2.0/../../../../riscv-none-embed/lib/rv32imc/ilp32\libg_nano.a(lib_a-findfp.o)
 .debug_frame   0x0000000000001748       0x8c c:/program files/toolchain/xpack-riscv-none-embed-gcc-10.2.0-1.1/bin/../lib/gcc/riscv-none-embed/10.2.0/../../../../riscv-none-embed/lib/rv32imc/ilp32\libg_nano.a(lib_a-fwalk.o)
 .debug_frame   0x00000000000017d4       0x68 c:/program files/toolchain/xpack-riscv-none-embed-gcc-10.2.0-1.1/bin/../lib/gcc/riscv-none-embed/10.2.0/../../../../riscv-none-embed/lib/rv32imc/ilp32\libg_nano.a(lib_a-makebuf.o)
 .debug_frame   0x000000000000183c       0x38 c:/program files/toolchain/xpack-riscv-none-embed-gcc-10.2.0-1.1/bin/../lib/gcc/riscv-none-embed/10.2.0/../../../../riscv-none-embed/lib/rv32imc/ilp32\libg_nano.a(lib_a-nano-freer.o)
 .debug_frame   0x0000000000001874       0x40 c:/program files/toolchain/xpack-riscv-none-embed-gcc-10.2.0-1.1/bin/../lib/gcc/riscv-none-embed/10.2.0/../../../../riscv-none-embed/lib/rv32imc/ilp32\libg_nano.a(lib_a-nano-mallocr.o)
 .debug_frame   0x00000000000018b4       0x30 c:/program files/toolchain/xpack-riscv-none-embed-gcc-10.2.0-1.1/bin/../lib/gcc/riscv-none-embed/10.2.0/../../../../riscv-none-embed/lib/rv32imc/ilp32\libg_nano.a(lib_a-sbrkr.o)
 .debug_frame   0x00000000000018e4       0xa4 c:/program files/toolchain/xpack-riscv-none-embed-gcc-10.2.0-1.1/bin/../lib/gcc/riscv-none-embed/10.2.0/../../../../riscv-none-embed/lib/rv32imc/ilp32\libg_nano.a(lib_a-stdio.o)
 .debug_frame   0x0000000000001988       0x30 c:/program files/toolchain/xpack-riscv-none-embed-gcc-10.2.0-1.1/bin/../lib/gcc/riscv-none-embed/10.2.0/../../../../riscv-none-embed/lib/rv32imc/ilp32\libg_nano.a(lib_a-writer.o)
 .debug_frame   0x00000000000019b8       0x30 c:/program files/toolchain/xpack-riscv-none-embed-gcc-10.2.0-1.1/bin/../lib/gcc/riscv-none-embed/10.2.0/../../../../riscv-none-embed/lib/rv32imc/ilp32\libg_nano.a(lib_a-closer.o)
 .debug_frame   0x00000000000019e8       0x30 c:/program files/toolchain/xpack-riscv-none-embed-gcc-10.2.0-1.1/bin/../lib/gcc/riscv-none-embed/10.2.0/../../../../riscv-none-embed/lib/rv32imc/ilp32\libg_nano.a(lib_a-fstatr.o)
 .debug_frame   0x0000000000001a18       0x30 c:/program files/toolchain/xpack-riscv-none-embed-gcc-10.2.0-1.1/bin/../lib/gcc/riscv-none-embed/10.2.0/../../../../riscv-none-embed/lib/rv32imc/ilp32\libg_nano.a(lib_a-isattyr.o)
 .debug_frame   0x0000000000001a48       0x30 c:/program files/toolchain/xpack-riscv-none-embed-gcc-10.2.0-1.1/bin/../lib/gcc/riscv-none-embed/10.2.0/../../../../riscv-none-embed/lib/rv32imc/ilp32\libg_nano.a(lib_a-lseekr.o)
 .debug_frame   0x0000000000001a78       0x30 c:/program files/toolchain/xpack-riscv-none-embed-gcc-10.2.0-1.1/bin/../lib/gcc/riscv-none-embed/10.2.0/../../../../riscv-none-embed/lib/rv32imc/ilp32\libg_nano.a(lib_a-mlock.o)
 .debug_frame   0x0000000000001aa8       0x30 c:/program files/toolchain/xpack-riscv-none-embed-gcc-10.2.0-1.1/bin/../lib/gcc/riscv-none-embed/10.2.0/../../../../riscv-none-embed/lib/rv32imc/ilp32\libg_nano.a(lib_a-readr.o)
 .debug_frame   0x0000000000001ad8       0x70 c:/program files/toolchain/xpack-riscv-none-embed-gcc-10.2.0-1.1/bin/../lib/gcc/riscv-none-embed/10.2.0/../../../../riscv-none-embed/lib/rv32imc/ilp32\libg_nano.a(lib_a-reent.o)
